 PhysXCooking_64

 Timestamp is 67f0e039 (Sat Apr  5 14:48:09 2025)

 Preferred load address is 0000000180000000

 Start         Length     Name                   Class
 0001:00000000 00000120H .text$di                CODE
 0001:00000120 00005ed0H .text$mn                CODE
 0001:00005ff0 00000040H .text$mn$00             CODE
 0001:00006030 00000110H .text$x                 CODE
 0002:00000000 00000220H .idata$5                DATA
 0002:00000220 00000038H .00cfg                  DATA
 0002:00000258 00000008H .CRT$XCA                DATA
 0002:00000260 00000030H .CRT$XCU                DATA
 0002:00000290 00000008H .CRT$XCZ                DATA
 0002:00000298 00000008H .CRT$XIA                DATA
 0002:000002a0 00000008H .CRT$XIZ                DATA
 0002:000002a8 00000008H .CRT$XPA                DATA
 0002:000002b0 00000008H .CRT$XPZ                DATA
 0002:000002b8 00000008H .CRT$XTA                DATA
 0002:000002c0 00000010H .CRT$XTZ                DATA
 0002:000002c8 00000000H .gehcont$y              DATA
 0002:000002c8 00000000H .gfids$y                DATA
 0002:000002d0 00000d30H .rdata                  DATA
 0002:00001000 00000080H .rdata$CastGuardVftablesA DATA
 0002:00001080 00000080H .rdata$CastGuardVftablesC DATA
 0002:00001100 00000074H .rdata$r                DATA
 0002:00001174 000000d0H .rdata$voltmd           DATA
 0002:00001244 00000414H .rdata$zzzdbg           DATA
 0002:00001658 00000008H .rtc$IAA                DATA
 0002:00001660 00000010H .rtc$IMZ                DATA
 0002:00001670 00000008H .rtc$IZZ                DATA
 0002:00001678 00000008H .rtc$TAA                DATA
 0002:00001680 00000010H .rtc$TMZ                DATA
 0002:00001690 00000008H .rtc$TZZ                DATA
 0002:00001698 000007fcH .xdata                  DATA
 0002:00001e94 00000040H .didat$2                DATA
 0002:00001ed4 00000024H .didat$3                DATA
 0002:00001ef8 000000d8H .didat$4                DATA
 0002:00001fd0 000002a0H .didat$6                DATA
 0002:00002270 000001f0H .didat$7                DATA
 0002:00002460 00000af8H .edata                  DATA
 0002:00002f58 0000003cH .idata$2                DATA
 0002:00002f94 00000014H .idata$3                DATA
 0002:00002fa8 00000220H .idata$4                DATA
 0002:000031c8 00000542H .idata$6                DATA
 0003:00000000 000000d8H .data                   DATA
 0003:000000d8 00000090H .data$r                 DATA
 0003:00000168 00000020H .data$rs                DATA
 0003:00000188 000000d8H .didat$5                DATA
 0003:00000260 000006d8H .bss                    DATA
 0004:00000000 00000954H .pdata                  DATA
 0005:00000000 000000a0H .rsrc$01                DATA
 0005:000000a0 000004b0H .rsrc$02                DATA

  Address         Publics by Value              Rva+Base               Lib:Object

 0000:00000000       __AbsoluteZero             0000000000000000     <absolute>
 0000:00000000       ___safe_se_handler_count   0000000000000000     <absolute>
 0000:00000000       ___safe_se_handler_table   0000000000000000     <absolute>
 0000:00000000       __arm64x_extra_rfe_table   0000000000000000     <absolute>
 0000:00000000       __arm64x_extra_rfe_table_size 0000000000000000     <absolute>
 0000:00000000       __arm64x_native_entrypoint 0000000000000000     <absolute>
 0000:00000000       __arm64x_redirection_metadata 0000000000000000     <absolute>
 0000:00000000       __arm64x_redirection_metadata_count 0000000000000000     <absolute>
 0000:00000000       __dynamic_value_reloc_table 0000000000000000     <absolute>
 0000:00000000       __enclave_config           0000000000000000     <absolute>
 0000:00000000       __guard_check_icall_a64n_fptr 0000000000000000     <absolute>
 0000:00000000       __guard_eh_cont_count      0000000000000000     <absolute>
 0000:00000000       __guard_eh_cont_table      0000000000000000     <absolute>
 0000:00000000       __guard_fids_count         0000000000000000     <absolute>
 0000:00000000       __guard_fids_table         0000000000000000     <absolute>
 0000:00000000       __guard_iat_count          0000000000000000     <absolute>
 0000:00000000       __guard_iat_table          0000000000000000     <absolute>
 0000:00000000       __guard_longjmp_count      0000000000000000     <absolute>
 0000:00000000       __guard_longjmp_table      0000000000000000     <absolute>
 0000:00000000       __hybrid_auxiliary_delayload_iat 0000000000000000     <absolute>
 0000:00000000       __hybrid_auxiliary_delayload_iat_copy 0000000000000000     <absolute>
 0000:00000000       __hybrid_auxiliary_iat     0000000000000000     <absolute>
 0000:00000000       __hybrid_auxiliary_iat_copy 0000000000000000     <absolute>
 0000:00000000       __hybrid_code_map          0000000000000000     <absolute>
 0000:00000000       __hybrid_code_map_count    0000000000000000     <absolute>
 0000:00000000       __hybrid_image_info_bitfield 0000000000000000     <absolute>
 0000:00000000       __x64_code_ranges_to_entry_points 0000000000000000     <absolute>
 0000:00000000       __x64_code_ranges_to_entry_points_count 0000000000000000     <absolute>
 0000:00000100       __guard_flags              0000000000000100     <absolute>
 0000:00000000       __ImageBase                0000000180000000     <linker-defined>
 0001:00000120       PxGetStandaloneInsertionCallback 0000000180001120 f   Cooking.obj
 0001:00000140       PxCookBVH                  0000000180001140 f   Cooking.obj
 0001:00000170       PxCreateBVH                0000000180001170 f   Cooking.obj
 0001:000001a0       PxCookHeightField          00000001800011a0 f   Cooking.obj
 0001:000001d0       PxCreateHeightField        00000001800011d0 f   Cooking.obj
 0001:00000200       PxCookConvexMesh           0000000180001200 f   Cooking.obj
 0001:00000240       PxCreateConvexMesh         0000000180001240 f   Cooking.obj
 0001:00000280       PxValidateConvexMesh       0000000180001280 f   Cooking.obj
 0001:000002b0       PxComputeHullPolygons      00000001800012b0 f   Cooking.obj
 0001:00000330       PxValidateTriangleMesh     0000000180001330 f   Cooking.obj
 0001:00000360       PxCookTriangleMesh         0000000180001360 f   Cooking.obj
 0001:000003a0       PxCreateTriangleMesh       00000001800013a0 f   Cooking.obj
 0001:000003e0       PxCookTetrahedronMesh      00000001800013e0 f   Cooking.obj
 0001:00000420       PxCreateTetrahedronMesh    0000000180001420 f   Cooking.obj
 0001:00000460       PxCookDeformableVolumeMesh 0000000180001460 f   Cooking.obj
 0001:000004b0       PxCreateDeformableVolumeMesh 00000001800014b0 f   Cooking.obj
 0001:00000500       PxComputeModelsMapping     0000000180001500 f   Cooking.obj
 0001:00000550       PxComputeCollisionData     0000000180001550 f   Cooking.obj
 0001:00000580       PxComputeSimulationData    0000000180001580 f   Cooking.obj
 0001:000005b0       PxAssembleDeformableVolumeMesh 00000001800015b0 f   Cooking.obj
 0001:00000600       PxCreateTriangleMeshInternal 0000000180001600 f   Cooking.obj
 0001:000006a0       PxCreateBVHInternal        00000001800016a0 f   Cooking.obj
 0001:00000740       ??$?4V?$PxReflectionAllocator@USlab@NodeAllocator@Gu@physx@@@physx@@@?$PxArray@USlab@NodeAllocator@Gu@physx@@V?$PxReflectionAllocator@USlab@NodeAllocator@Gu@physx@@@4@@physx@@QEAAAEAV01@AEBV01@@Z 0000000180001740 f i Cooking.obj
 0001:000007d0       ??$PX_UNUSED@PEAI@@YAXAEBQEAI@Z 00000001800017d0 f i Cooking.obj
 0001:000007e0       ??$copy@V?$PxReflectionAllocator@USlab@NodeAllocator@Gu@physx@@@physx@@@?$PxArray@USlab@NodeAllocator@Gu@physx@@V?$PxReflectionAllocator@USlab@NodeAllocator@Gu@physx@@@4@@physx@@IEAAXAEBV01@@Z 00000001800017e0 f i Cooking.obj
 0001:000008a0       ??0?$PxArray@USlab@NodeAllocator@Gu@physx@@V?$PxReflectionAllocator@USlab@NodeAllocator@Gu@physx@@@4@@physx@@QEAA@AEBV01@AEBV?$PxReflectionAllocator@USlab@NodeAllocator@Gu@physx@@@1@@Z 00000001800018a0 f i Cooking.obj
 0001:000008e0       ??0?$PxReflectionAllocator@USlab@NodeAllocator@Gu@physx@@@physx@@QEAA@AEBV01@@Z 00000001800018e0 f i Cooking.obj
 0001:000008f0       ??0?$PxReflectionAllocator@USlab@NodeAllocator@Gu@physx@@@physx@@QEAA@PEBD@Z 00000001800018f0 f i Cooking.obj
 0001:00000900       ??0?$PxReflectionAllocator@VBV4TriangleMesh@Gu@physx@@@physx@@QEAA@PEBD@Z 0000000180001900 f i Cooking.obj
 0001:00000910       ??0?$PxReflectionAllocator@VBVH@Gu@physx@@@physx@@QEAA@PEBD@Z 0000000180001910 f i Cooking.obj
 0001:00000920       ??0?$PxVec3T@M@physx@@QEAA@XZ 0000000180001920 f i Cooking.obj
 0001:00000930       ??0AABBTreeBounds@Gu@physx@@QEAA@XZ 0000000180001930 f i Cooking.obj
 0001:00000960       ??0AABBTreeBuildNode@Gu@physx@@QEAA@AEBV012@@Z 0000000180001960 f i Cooking.obj
 0001:000009c0       ??0AABBTreeBuildNode@Gu@physx@@QEAA@XZ 00000001800019c0 f i Cooking.obj
 0001:000009f0       ??0AABBTreeBuildParams@Gu@physx@@QEAA@IIPEBVAABBTreeBounds@12@W4BVHBuildStrategy@12@@Z 00000001800019f0 f i Cooking.obj
 0001:00000a50       ??0NodeAllocator@Gu@physx@@QEAA@AEBV012@@Z 0000000180001a50 f i Cooking.obj
 0001:00000ad0       ??0PxAllocator@physx@@QEAA@PEBD@Z 0000000180001ad0 f i Cooking.obj
 0001:00000ae0       ??0PxBounds3@physx@@QEAA@AEBV01@@Z 0000000180001ae0 f i Cooking.obj
 0001:00000b50       ??0PxBounds3@physx@@QEAA@XZ 0000000180001b50 f i Cooking.obj
 0001:00000b90       ??0PxFoundation@physx@@QEAA@AEBV01@@Z 0000000180001b90 f i Cooking.obj
 0001:00000bb0       ??0PxFoundation@physx@@QEAA@XZ 0000000180001bb0 f i Cooking.obj
 0001:00000bd0       ??1AABBTreeBounds@Gu@physx@@QEAA@XZ 0000000180001bd0 f i Cooking.obj
 0001:00000bf0       ??1AABBTreeBuildNode@Gu@physx@@QEAA@XZ 0000000180001bf0 f i Cooking.obj
 0001:00000c00       ??1AABBTreeBuildParams@Gu@physx@@QEAA@XZ 0000000180001c00 f i Cooking.obj
 0001:00000c20       ??1PxFoundation@physx@@MEAA@XZ 0000000180001c20 f i Cooking.obj
 0001:00000c40       ??2@YAPEAX_KPEAX@Z         0000000180001c40 f i Cooking.obj
 0001:00000c50       ??2PxUserAllocated@physx@@SAPEAX_KPEAX@Z 0000000180001c50 f i Cooking.obj
 0001:00000c60       ??4?$PxArray@USlab@NodeAllocator@Gu@physx@@V?$PxReflectionAllocator@USlab@NodeAllocator@Gu@physx@@@4@@physx@@QEAAAEAV01@AEBV01@@Z 0000000180001c60 f i Cooking.obj
 0001:00000c90       ??4?$PxVec3T@M@physx@@QEAAAEAV01@AEBV01@@Z 0000000180001c90 f i Cooking.obj
 0001:00000ce0       ??4AABBTreeBounds@Gu@physx@@QEAAAEAV012@AEBV012@@Z 0000000180001ce0 f i Cooking.obj
 0001:00000d10       ??4AABBTreeBuildNode@Gu@physx@@QEAAAEAV012@AEBV012@@Z 0000000180001d10 f i Cooking.obj
 0001:00000d70       ??4AABBTreeBuildParams@Gu@physx@@QEAAAEAV012@AEBV012@@Z 0000000180001d70 f i Cooking.obj
 0001:00000da0       ??4NodeAllocator@Gu@physx@@QEAAAEAV012@AEBV012@@Z 0000000180001da0 f i Cooking.obj
 0001:00000e10       ??4PxBounds3@physx@@QEAAXAEBV01@@Z 0000000180001e10 f i Cooking.obj
 0001:00000e50       ??4PxFoundation@physx@@QEAAAEAV01@AEBV01@@Z 0000000180001e50 f i Cooking.obj
 0001:00000e60       ??_EPxFoundation@physx@@MEAAPEAXI@Z 0000000180001e60 f i Cooking.obj
 0001:00000f00       ??_FAABBTreeBuildParams@Gu@physx@@QEAAXXZ 0000000180001f00 f i Cooking.obj
 0001:00000f30       ??_GPxFoundation@physx@@MEAAPEAXI@Z 0000000180001f30 f i Cooking.obj
 0001:00000f70       ??_H@YAXPEAX_K1P6APEAX0@Z@Z 0000000180001f70 f i Cooking.obj
 0001:00000ff0       ??_I@YAXPEAX_K1P6AX0@Z@Z   0000000180001ff0 f i Cooking.obj
 0001:00001090       ?FLoad@aos@physx@@YA?AT__m128@@M@Z 0000000180002090 f i Cooking.obj
 0001:000010c0       ?PxMarkSerializedMemory@physx@@YAXPEAXI@Z 00000001800020c0 f i Cooking.obj
 0001:000010f0       ?PxMemSet@physx@@YAPEAXPEAXHI@Z 00000001800020f0 f i Cooking.obj
 0001:00001140       ?V3Load@aos@physx@@YA?AT__m128@@M@Z 0000000180002140 f i Cooking.obj
 0001:00001180       ?V4Load@aos@physx@@YA?AT__m128@@M@Z 0000000180002180 f i Cooking.obj
 0001:000011b0       ?__empty_global_delete@@YAXPEAX@Z 00000001800021b0 f i Cooking.obj
 0001:000011c0       ?__empty_global_delete@@YAXPEAX_K@Z 00000001800021c0 f i Cooking.obj
 0001:000011d0       ?__global_array_delete@@YAXPEAX@Z 00000001800021d0 f i Cooking.obj
 0001:000011f0       ?__global_array_delete@@YAXPEAX_K@Z 00000001800021f0 f i Cooking.obj
 0001:00001220       ?__global_delete@@YAXPEAX@Z 0000000180002220 f i Cooking.obj
 0001:00001240       ?__global_delete@@YAXPEAX_K@Z 0000000180002240 f i Cooking.obj
 0001:00001270       ?allocate@?$PxArray@USlab@NodeAllocator@Gu@physx@@V?$PxReflectionAllocator@USlab@NodeAllocator@Gu@physx@@@4@@physx@@IEAAPEAUSlab@NodeAllocator@Gu@2@IPEAI@Z 0000000180002270 f i Cooking.obj
 0001:000012e0       ?allocate@?$PxReflectionAllocator@USlab@NodeAllocator@Gu@physx@@@physx@@SAPEAX_KPEBDHPEAI@Z 00000001800022e0 f i Cooking.obj
 0001:00001360       ?allocate@?$PxReflectionAllocator@VBV4TriangleMesh@Gu@physx@@@physx@@SAPEAX_KPEBDHPEAI@Z 0000000180002360 f i Cooking.obj
 0001:000013e0       ?allocate@?$PxReflectionAllocator@VBVH@Gu@physx@@@physx@@SAPEAX_KPEBDHPEAI@Z 00000001800023e0 f i Cooking.obj
 0001:00001460       ?begin@?$PxArray@USlab@NodeAllocator@Gu@physx@@V?$PxReflectionAllocator@USlab@NodeAllocator@Gu@physx@@@4@@physx@@QEBAPEBUSlab@NodeAllocator@Gu@2@XZ 0000000180002460 f i Cooking.obj
 0001:00001470       ?capacity@?$PxArray@USlab@NodeAllocator@Gu@physx@@V?$PxReflectionAllocator@USlab@NodeAllocator@Gu@physx@@@4@@physx@@QEBAIXZ 0000000180002470 f i Cooking.obj
 0001:00001490       ?clear@?$PxArray@USlab@NodeAllocator@Gu@physx@@V?$PxReflectionAllocator@USlab@NodeAllocator@Gu@physx@@@4@@physx@@QEAAXXZ 0000000180002490 f i Cooking.obj
 0001:000014d0       ?copy@?$PxArray@USlab@NodeAllocator@Gu@physx@@V?$PxReflectionAllocator@USlab@NodeAllocator@Gu@physx@@@4@@physx@@KAXPEAUSlab@NodeAllocator@Gu@2@0PEBU3452@@Z 00000001800024d0 f i Cooking.obj
 0001:00001550       ?deallocate@?$PxArray@USlab@NodeAllocator@Gu@physx@@V?$PxReflectionAllocator@USlab@NodeAllocator@Gu@physx@@@4@@physx@@IEAAXPEAXPEAI@Z 0000000180002550 f i Cooking.obj
 0001:00001580       ?deallocate@?$PxReflectionAllocator@USlab@NodeAllocator@Gu@physx@@@physx@@SAXPEAXPEAI@Z 0000000180002580 f i Cooking.obj
 0001:000015d0       ?deallocate@PxAllocator@physx@@SAXPEAXPEAI@Z 00000001800025d0 f i Cooking.obj
 0001:00001620       ?destroy@?$PxArray@USlab@NodeAllocator@Gu@physx@@V?$PxReflectionAllocator@USlab@NodeAllocator@Gu@physx@@@4@@physx@@KAXPEAUSlab@NodeAllocator@Gu@2@0@Z 0000000180002620 f i Cooking.obj
 0001:00001650       ?empty@?$PxArray@USlab@NodeAllocator@Gu@physx@@V?$PxReflectionAllocator@USlab@NodeAllocator@Gu@physx@@@4@@physx@@QEBA_NXZ 0000000180002650 f i Cooking.obj
 0001:00001680       ?getAABB@AABBTreeBuildNode@Gu@physx@@QEBAAEBVPxBounds3@3@XZ 0000000180002680 f i Cooking.obj
 0001:00001690       ?getBounds@AABBTreeBounds@Gu@physx@@QEAAPEAVPxBounds3@3@XZ 0000000180002690 f i Cooking.obj
 0001:000016a0       ?getBounds@AABBTreeBounds@Gu@physx@@QEBAPEBVPxBounds3@3@XZ 00000001800026a0 f i Cooking.obj
 0001:000016b0       ?getName@?$PxReflectionAllocator@USlab@NodeAllocator@Gu@physx@@@physx@@CAPEBD_N@Z 00000001800026b0 f i Cooking.obj
 0001:000016e0       ?getName@?$PxReflectionAllocator@VBV4TriangleMesh@Gu@physx@@@physx@@CAPEBD_N@Z 00000001800026e0 f i Cooking.obj
 0001:00001710       ?getName@?$PxReflectionAllocator@VBVH@Gu@physx@@@physx@@CAPEBD_N@Z 0000000180002710 f i Cooking.obj
 0001:00001740       ?getNbPrimitives@AABBTreeBuildNode@Gu@physx@@QEBAIXZ 0000000180002740 f i Cooking.obj
 0001:00001750       ?getNbRuntimePrimitives@AABBTreeBuildNode@Gu@physx@@QEBAIXZ 0000000180002750 f i Cooking.obj
 0001:00001760       ?getNeg@AABBTreeBuildNode@Gu@physx@@QEBAPEBV123@XZ 0000000180002760 f i Cooking.obj
 0001:000017a0       ?getPos@AABBTreeBuildNode@Gu@physx@@QEBAPEBV123@XZ 00000001800027a0 f i Cooking.obj
 0001:000017b0       ?getPrimitives@AABBTreeBuildNode@Gu@physx@@QEAAPEAIPEAI@Z 00000001800027b0 f i Cooking.obj
 0001:000017d0       ?getPrimitives@AABBTreeBuildNode@Gu@physx@@QEBAPEBIPEBI@Z 00000001800027d0 f i Cooking.obj
 0001:000017f0       ?grow@?$PxArray@USlab@NodeAllocator@Gu@physx@@V?$PxReflectionAllocator@USlab@NodeAllocator@Gu@physx@@@4@@physx@@IEAAXI@Z 00000001800027f0 f i Cooking.obj
 0001:00001850       ?isInUserMemory@?$PxArray@USlab@NodeAllocator@Gu@physx@@V?$PxReflectionAllocator@USlab@NodeAllocator@Gu@physx@@@4@@physx@@QEBAIXZ 0000000180002850 f i Cooking.obj
 0001:00001870       ?isLeaf@AABBTreeBuildNode@Gu@physx@@QEBA_NXZ 0000000180002870 f i Cooking.obj
 0001:000018b0       ?memSet@intrinsics@physx@@YAPEAXPEAXHI@Z 00000001800028b0 f i Cooking.obj
 0001:000018e0       ?moveFrom@AABBTreeBounds@Gu@physx@@QEAAXAEAV123@@Z 00000001800028e0 f i Cooking.obj
 0001:00001910       ?name@type_info@@QEBAPEBDXZ 0000000180002910 f i Cooking.obj
 0001:00001940       ?ownsMemory@AABBTreeBounds@Gu@physx@@QEBA_NXZ 0000000180002940 f i Cooking.obj
 0001:00001970       ?recreate@?$PxArray@USlab@NodeAllocator@Gu@physx@@V?$PxReflectionAllocator@USlab@NodeAllocator@Gu@physx@@@4@@physx@@IEAAXI@Z 0000000180002970 f i Cooking.obj
 0001:00001a80       ?reserve@?$PxArray@USlab@NodeAllocator@Gu@physx@@V?$PxReflectionAllocator@USlab@NodeAllocator@Gu@physx@@@4@@physx@@QEAAXI@Z 0000000180002a80 f i Cooking.obj
 0001:00001ac0       ?reset@AABBTreeBuildParams@Gu@physx@@QEAAXXZ 0000000180002ac0 f i Cooking.obj
 0001:00001b30       ?setBounds@AABBTreeBounds@Gu@physx@@QEAAXPEAVPxBounds3@3@@Z 0000000180002b30 f i Cooking.obj
 0001:00001b60       ?setNbRunTimePrimitives@AABBTreeBuildNode@Gu@physx@@QEAAXI@Z 0000000180002b60 f i Cooking.obj
 0001:00001b80       ?size@?$PxArray@USlab@NodeAllocator@Gu@physx@@V?$PxReflectionAllocator@USlab@NodeAllocator@Gu@physx@@@4@@physx@@QEBAIXZ 0000000180002b80 f i Cooking.obj
 0001:00001b90       ?takeOwnership@AABBTreeBounds@Gu@physx@@QEAAXXZ 0000000180002b90 f i Cooking.obj
 0001:00001bb0       PxSetPhysXCookingDelayLoadHook 0000000180002bb0 f   WindowsCookingDelayLoadHook.obj
 0001:00001bd0       ?cookingDelayHook@@YAP6A_JXZIPEAUDelayLoadInfo@@@Z 0000000180002bd0 f   WindowsCookingDelayLoadHook.obj
 0001:00001c50       ?loadLibrary@Cm@physx@@YAPEAUHINSTANCE__@@PEBD@Z 0000000180002c50 f i WindowsCookingDelayLoadHook.obj
 0001:00001c70       ?physXCommonDliNotePreLoadLibrary@Cm@physx@@YAP6A_JXZPEBDPEBVPxDelayLoadHook@2@@Z 0000000180002c70 f i WindowsCookingDelayLoadHook.obj
 0001:00001cfb       getInsertionCallback       0000000180002cfb f   PhysXCommon_64:PhysXCommon_64.dll
 0001:00001d01       __tailMerge_physxcommon_64_dll 0000000180002d01     PhysXCommon_64:PhysXCommon_64.dll
 0001:00001d7a       __imp_load_getInsertionCallback 0000000180002d7a f   PhysXCommon_64:PhysXCommon_64.dll
 0001:00001d86       cookBVH                    0000000180002d86 f   PhysXCommon_64:PhysXCommon_64.dll
 0001:00001d8c       __imp_load_cookBVH         0000000180002d8c f   PhysXCommon_64:PhysXCommon_64.dll
 0001:00001d98       createBVH                  0000000180002d98 f   PhysXCommon_64:PhysXCommon_64.dll
 0001:00001d9e       __imp_load_createBVH       0000000180002d9e f   PhysXCommon_64:PhysXCommon_64.dll
 0001:00001daa       cookHeightField            0000000180002daa f   PhysXCommon_64:PhysXCommon_64.dll
 0001:00001db0       __imp_load_cookHeightField 0000000180002db0 f   PhysXCommon_64:PhysXCommon_64.dll
 0001:00001dbc       createHeightField          0000000180002dbc f   PhysXCommon_64:PhysXCommon_64.dll
 0001:00001dc2       __imp_load_createHeightField 0000000180002dc2 f   PhysXCommon_64:PhysXCommon_64.dll
 0001:00001dce       cookConvexMesh             0000000180002dce f   PhysXCommon_64:PhysXCommon_64.dll
 0001:00001dd4       __imp_load_cookConvexMesh  0000000180002dd4 f   PhysXCommon_64:PhysXCommon_64.dll
 0001:00001de0       createConvexMesh           0000000180002de0 f   PhysXCommon_64:PhysXCommon_64.dll
 0001:00001de6       __imp_load_createConvexMesh 0000000180002de6 f   PhysXCommon_64:PhysXCommon_64.dll
 0001:00001df2       validateConvexMesh         0000000180002df2 f   PhysXCommon_64:PhysXCommon_64.dll
 0001:00001df8       __imp_load_validateConvexMesh 0000000180002df8 f   PhysXCommon_64:PhysXCommon_64.dll
 0001:00001e04       computeHullPolygons        0000000180002e04 f   PhysXCommon_64:PhysXCommon_64.dll
 0001:00001e0a       __imp_load_computeHullPolygons 0000000180002e0a f   PhysXCommon_64:PhysXCommon_64.dll
 0001:00001e16       validateTriangleMesh       0000000180002e16 f   PhysXCommon_64:PhysXCommon_64.dll
 0001:00001e1c       __imp_load_validateTriangleMesh 0000000180002e1c f   PhysXCommon_64:PhysXCommon_64.dll
 0001:00001e28       createTriangleMesh         0000000180002e28 f   PhysXCommon_64:PhysXCommon_64.dll
 0001:00001e2e       __imp_load_createTriangleMesh 0000000180002e2e f   PhysXCommon_64:PhysXCommon_64.dll
 0001:00001e3a       cookTriangleMesh           0000000180002e3a f   PhysXCommon_64:PhysXCommon_64.dll
 0001:00001e40       __imp_load_cookTriangleMesh 0000000180002e40 f   PhysXCommon_64:PhysXCommon_64.dll
 0001:00001e4c       cookTetrahedronMesh        0000000180002e4c f   PhysXCommon_64:PhysXCommon_64.dll
 0001:00001e52       __imp_load_cookTetrahedronMesh 0000000180002e52 f   PhysXCommon_64:PhysXCommon_64.dll
 0001:00001e5e       createTetrahedronMesh      0000000180002e5e f   PhysXCommon_64:PhysXCommon_64.dll
 0001:00001e64       __imp_load_createTetrahedronMesh 0000000180002e64 f   PhysXCommon_64:PhysXCommon_64.dll
 0001:00001e70       cookDeformableVolumeMesh   0000000180002e70 f   PhysXCommon_64:PhysXCommon_64.dll
 0001:00001e76       __imp_load_cookDeformableVolumeMesh 0000000180002e76 f   PhysXCommon_64:PhysXCommon_64.dll
 0001:00001e82       createDeformableVolumeMesh 0000000180002e82 f   PhysXCommon_64:PhysXCommon_64.dll
 0001:00001e88       __imp_load_createDeformableVolumeMesh 0000000180002e88 f   PhysXCommon_64:PhysXCommon_64.dll
 0001:00001e94       computeModelsMapping       0000000180002e94 f   PhysXCommon_64:PhysXCommon_64.dll
 0001:00001e9a       __imp_load_computeModelsMapping 0000000180002e9a f   PhysXCommon_64:PhysXCommon_64.dll
 0001:00001ea6       computeCollisionData       0000000180002ea6 f   PhysXCommon_64:PhysXCommon_64.dll
 0001:00001eac       __imp_load_computeCollisionData 0000000180002eac f   PhysXCommon_64:PhysXCommon_64.dll
 0001:00001eb8       computeSimulationData      0000000180002eb8 f   PhysXCommon_64:PhysXCommon_64.dll
 0001:00001ebe       __imp_load_computeSimulationData 0000000180002ebe f   PhysXCommon_64:PhysXCommon_64.dll
 0001:00001eca       assembleDeformableVolumeMesh 0000000180002eca f   PhysXCommon_64:PhysXCommon_64.dll
 0001:00001ed0       __imp_load_assembleDeformableVolumeMesh 0000000180002ed0 f   PhysXCommon_64:PhysXCommon_64.dll
 0001:00001edc       ?release@AABBTreeBounds@Gu@physx@@QEAAXXZ 0000000180002edc f   PhysXCommon_64:PhysXCommon_64.dll
 0001:00001ee2       __imp_load_?release@AABBTreeBounds@Gu@physx@@QEAAXXZ 0000000180002ee2 f   PhysXCommon_64:PhysXCommon_64.dll
 0001:00001eee       ??0BVH@Gu@physx@@QEAA@AEBUPxBVHInternalData@2@@Z 0000000180002eee f   PhysXCommon_64:PhysXCommon_64.dll
 0001:00001ef4       __imp_load_??0BVH@Gu@physx@@QEAA@AEBUPxBVHInternalData@2@@Z 0000000180002ef4 f   PhysXCommon_64:PhysXCommon_64.dll
 0001:00001f00       ??0BV4TriangleMesh@Gu@physx@@QEAA@AEBUPxTriangleMeshInternalData@2@@Z 0000000180002f00 f   PhysXCommon_64:PhysXCommon_64.dll
 0001:00001f06       __imp_load_??0BV4TriangleMesh@Gu@physx@@QEAA@AEBUPxTriangleMeshInternalData@2@@Z 0000000180002f06 f   PhysXCommon_64:PhysXCommon_64.dll
 0001:00001f12       ?PxAssert@physx@@YAXPEBD0HAEA_N@Z 0000000180002f12 f   PhysXFoundation_64:PhysXFoundation_64.dll
 0001:00001f18       __tailMerge_physxfoundation_64_dll 0000000180002f18     PhysXFoundation_64:PhysXFoundation_64.dll
 0001:00001f91       __imp_load_?PxAssert@physx@@YAXPEBD0HAEA_N@Z 0000000180002f91 f   PhysXFoundation_64:PhysXFoundation_64.dll
 0001:00001f9d       PxGetBroadcastAllocator    0000000180002f9d f   PhysXFoundation_64:PhysXFoundation_64.dll
 0001:00001fa3       __imp_load_PxGetBroadcastAllocator 0000000180002fa3 f   PhysXFoundation_64:PhysXFoundation_64.dll
 0001:00001faf       LoadLibraryA               0000000180002faf f   kernel32:KERNEL32.dll
 0001:00001fb8       ??$PFromRva@PEAP6A_JXZ@@YAPEAP6A_JXZK@Z 0000000180002fb8 f i Delayimp:delayhlp.obj
 0001:00001fc8       ??$PFromRva@PEAPEAUHINSTANCE__@@@@YAPEAPEAUHINSTANCE__@@K@Z 0000000180002fc8 f i Delayimp:delayhlp.obj
 0001:00001fd8       ??$PFromRva@PEAU_IMAGE_IMPORT_BY_NAME@@@@YAPEAU_IMAGE_IMPORT_BY_NAME@@K@Z 0000000180002fd8 f i Delayimp:delayhlp.obj
 0001:00001fe8       ??$PFromRva@PEAU_IMAGE_THUNK_DATA64@@@@YAPEAU_IMAGE_THUNK_DATA64@@K@Z 0000000180002fe8 f i Delayimp:delayhlp.obj
 0001:00001ff8       ??$PFromRva@PEBD@@YAPEBDK@Z 0000000180002ff8 f i Delayimp:delayhlp.obj
 0001:00002008       ??$PFromRva@PEBUImgDelayDescr@@@@YAPEBUImgDelayDescr@@K@Z 0000000180003008 f i Delayimp:delayhlp.obj
 0001:00002018       ??$PFromRva@PEBU_IMAGE_THUNK_DATA64@@@@YAPEBU_IMAGE_THUNK_DATA64@@K@Z 0000000180003018 f i Delayimp:delayhlp.obj
 0001:00002028       ?CountOfImports@@YAIPEBU_IMAGE_THUNK_DATA64@@@Z 0000000180003028 f i Delayimp:delayhlp.obj
 0001:0000203c       ?DloadAcquireSectionWriteAccess@@YAXXZ 000000018000303c f i Delayimp:delayhlp.obj
 0001:000020e8       ?DloadGetSRWLockFunctionPointers@@YAEXZ 00000001800030e8 f i Delayimp:delayhlp.obj
 0001:00002188       ?DloadLock@@YAXXZ          0000000180003188 f i Delayimp:delayhlp.obj
 0001:000021d0       ?DloadMakePermanentImageCommit@@YAXPEAX_K@Z 00000001800031d0 f i Delayimp:delayhlp.obj
 0001:00002268       ?DloadObtainSection@@YAPEAXPEAK0@Z 0000000180003268 f i Delayimp:delayhlp.obj
 0001:00002304       ?DloadProtectSection@@YAXKPEAK@Z 0000000180003304 f i Delayimp:delayhlp.obj
 0001:00002394       ?DloadReleaseSectionWriteAccess@@YAXXZ 0000000180003394 f i Delayimp:delayhlp.obj
 0001:00002428       ?DloadUnlock@@YAXXZ        0000000180003428 f i Delayimp:delayhlp.obj
 0001:00002468       ?IndexFromPImgThunkData@@YAIPEBU_IMAGE_THUNK_DATA64@@0@Z 0000000180003468 f i Delayimp:delayhlp.obj
 0001:000025ac       HRESULT_FROM_WIN32         00000001800035ac f i Delayimp:delayhlp.obj
 0001:000025bc       ReadAcquire64              00000001800035bc f i Delayimp:delayhlp.obj
 0001:000025c0       ReadPointerAcquire         00000001800035c0 f i Delayimp:delayhlp.obj
 0001:000025c4       WritePointerRelease        00000001800035c4 f i Delayimp:delayhlp.obj
 0001:000025c8       WriteRelease64             00000001800035c8 f i Delayimp:delayhlp.obj
 0001:000025cc       __FUnloadDelayLoadedDLL2   00000001800035cc f   Delayimp:delayhlp.obj
 0001:00002688       __HrLoadAllImportsForDll   0000000180003688 f   Delayimp:delayhlp.obj
 0001:000026fc       __delayLoadHelper2         00000001800036fc f   Delayimp:delayhlp.obj
 0001:000029e0       ??3@YAXPEAX@Z              00000001800039e0 f   MSVCRTD:delete_scalar.obj
 0001:00002a00       ??3@YAXPEAX_K@Z            0000000180003a00 f   MSVCRTD:delete_scalar_size.obj
 0001:00002a20       ??_V@YAXPEAX@Z             0000000180003a20 f   MSVCRTD:delete_array.obj
 0001:00002a40       ??_V@YAXPEAX_K@Z           0000000180003a40 f   MSVCRTD:delete_array_size.obj
 0001:00002a60       _CRT_RTC_INIT              0000000180003a60 f   MSVCRTD:init.obj
 0001:00002a70       _CRT_RTC_INITW             0000000180003a70 f   MSVCRTD:init.obj
 0001:00002a80       _RTC_InitBase              0000000180003a80 f   MSVCRTD:init.obj
 0001:00002ac0       _RTC_Shutdown              0000000180003ac0 f   MSVCRTD:init.obj
 0001:00002af0       ??1type_info@@UEAA@XZ      0000000180003af0 f   MSVCRTD:std_type_info_static.obj
 0001:00002b10       ??_Etype_info@@UEAAPEAXI@Z 0000000180003b10 f i MSVCRTD:std_type_info_static.obj
 0001:00002b10       ??_Gtype_info@@UEAAPEAXI@Z 0000000180003b10 f i MSVCRTD:std_type_info_static.obj
 0001:00002b50       ?__scrt_initialize_type_info@@YAXXZ 0000000180003b50 f   MSVCRTD:tncleanup.obj
 0001:00002b70       ?__scrt_uninitialize_type_info@@YAXXZ 0000000180003b70 f   MSVCRTD:tncleanup.obj
 0001:00002fa0       _CRT_INIT                  0000000180003fa0 f   MSVCRTD:dll_dllmain.obj
 0001:00002fd0       _DllMainCRTStartup         0000000180003fd0 f   MSVCRTD:dll_dllmain.obj
 0001:00003010       _guard_check_icall_nop     0000000180004010 f i MSVCRTD:guard_support.obj
 0001:00003020       ReadNoFence64              0000000180004020 f i MSVCRTD:guard_support.obj
 0001:00003040       ReadPointerNoFence         0000000180004040 f i MSVCRTD:guard_support.obj
 0001:00003060       __castguard_check_failure_debugbreak 0000000180004060 f i MSVCRTD:guard_support.obj
 0001:00003080       __castguard_check_failure_fastfail 0000000180004080 f i MSVCRTD:guard_support.obj
 0001:000030b0       __castguard_check_failure_nop 00000001800040b0 f i MSVCRTD:guard_support.obj
 0001:000030c0       __castguard_check_failure_os_handled 00000001800040c0 f i MSVCRTD:guard_support.obj
 0001:00003130       __castguard_check_failure_user_handled 0000000180004130 f i MSVCRTD:guard_support.obj
 0001:00003220       __castguard_set_user_handler 0000000180004220 f i MSVCRTD:guard_support.obj
 0001:00003250       __castguard_slow_path_check_debugbreak 0000000180004250 f i MSVCRTD:guard_support.obj
 0001:00003290       __castguard_slow_path_check_fastfail 0000000180004290 f i MSVCRTD:guard_support.obj
 0001:000032e0       __castguard_slow_path_check_nop 00000001800042e0 f i MSVCRTD:guard_support.obj
 0001:000032f0       __castguard_slow_path_check_os_handled 00000001800042f0 f i MSVCRTD:guard_support.obj
 0001:00003340       __castguard_slow_path_check_user_handled 0000000180004340 f i MSVCRTD:guard_support.obj
 0001:00003400       _guard_icall_checks_enforced 0000000180004400 f i MSVCRTD:guard_support.obj
 0001:00003440       _guard_rf_checks_enforced  0000000180004440 f i MSVCRTD:guard_support.obj
 0001:00003450       ?_RTC_GetErrorFunc@@YAP6AHHPEBDH00ZZPEBX@Z 0000000180004450 f   MSVCRTD:userapi.obj
 0001:00003460       ?_RTC_GetErrorFuncW@@YAP6AHHPEB_WH00ZZPEBX@Z 0000000180004460 f   MSVCRTD:userapi.obj
 0001:00003470       _RTC_GetErrDesc            0000000180004470 f   MSVCRTD:userapi.obj
 0001:00003490       _RTC_NumErrors             0000000180004490 f   MSVCRTD:userapi.obj
 0001:000034a0       _RTC_SetErrorFunc          00000001800044a0 f   MSVCRTD:userapi.obj
 0001:000034c0       _RTC_SetErrorFuncW         00000001800044c0 f   MSVCRTD:userapi.obj
 0001:000034e0       _RTC_SetErrorType          00000001800044e0 f   MSVCRTD:userapi.obj
 0001:000035c0       __security_init_cookie     00000001800045c0 f   MSVCRTD:gs_support.obj
 0001:00003640       DllMain                    0000000180004640 f   MSVCRTD:dll_dllmain_stub.obj
 0001:00003680       __local_stdio_printf_options 0000000180004680 f i MSVCRTD:default_local_stdio_options.obj
 0001:00003690       __local_stdio_scanf_options 0000000180004690 f i MSVCRTD:default_local_stdio_options.obj
 0001:000036a0       __scrt_initialize_default_local_stdio_options 00000001800046a0 f   MSVCRTD:default_local_stdio_options.obj
 0001:000036f0       ?configure_argv@__scrt_narrow_argv_policy@@SAHXZ 00000001800046f0 f i MSVCRTD:utility.obj
 0001:000037e0       ?initialize_environment@__scrt_narrow_environment_policy@@SAHXZ 00000001800047e0 f i MSVCRTD:utility.obj
 0001:00003880       NtCurrentTeb               0000000180004880 f i MSVCRTD:utility.obj
 0001:00003890       __scrt_acquire_startup_lock 0000000180004890 f   MSVCRTD:utility.obj
 0001:00003900       __scrt_dllmain_after_initialize_c 0000000180004900 f   MSVCRTD:utility.obj
 0001:00003930       __scrt_dllmain_before_initialize_c 0000000180004930 f   MSVCRTD:utility.obj
 0001:00003950       __scrt_dllmain_crt_thread_attach 0000000180004950 f   MSVCRTD:utility.obj
 0001:00003980       __scrt_dllmain_crt_thread_detach 0000000180004980 f   MSVCRTD:utility.obj
 0001:000039a0       __scrt_dllmain_exception_filter 00000001800049a0 f   MSVCRTD:utility.obj
 0001:00003a10       __scrt_dllmain_uninitialize_c 0000000180004a10 f   MSVCRTD:utility.obj
 0001:00003a40       __scrt_dllmain_uninitialize_critical 0000000180004a40 f   MSVCRTD:utility.obj
 0001:00003a60       __scrt_initialize_crt      0000000180004a60 f   MSVCRTD:utility.obj
 0001:00003ab0       __scrt_initialize_onexit_tables 0000000180004ab0 f   MSVCRTD:utility.obj
 0001:00003bc0       __scrt_is_nonwritable_in_current_image 0000000180004bc0 f   MSVCRTD:utility.obj
 0001:00003c50       __scrt_release_startup_lock 0000000180004c50 f   MSVCRTD:utility.obj
 0001:00003c80       __scrt_uninitialize_crt    0000000180004c80 f   MSVCRTD:utility.obj
 0001:00003cc0       _onexit                    0000000180004cc0 f   MSVCRTD:utility.obj
 0001:00003d40       at_quick_exit              0000000180004d40 f   MSVCRTD:utility.obj
 0001:00003d90       atexit                     0000000180004d90 f   MSVCRTD:utility.obj
 0001:00003dd0       __scrt_get_dyn_tls_init_callback 0000000180004dd0 f   MSVCRTD:dyn_tls_init.obj
 0001:00003de0       __crt_debugger_hook        0000000180004de0 f   MSVCRTD:utility_desktop.obj
 0001:00003df0       __scrt_fastfail            0000000180004df0 f   MSVCRTD:utility_desktop.obj
 0001:00003f90       __scrt_get_show_window_mode 0000000180004f90 f   MSVCRTD:utility_desktop.obj
 0001:00003ff0       __scrt_initialize_mta      0000000180004ff0 f   MSVCRTD:utility_desktop.obj
 0001:00004000       __scrt_initialize_winrt    0000000180005000 f   MSVCRTD:utility_desktop.obj
 0001:00004010       __scrt_is_managed_app      0000000180005010 f   MSVCRTD:utility_desktop.obj
 0001:000040c0       __scrt_set_unhandled_exception_filter 00000001800050c0 f   MSVCRTD:utility_desktop.obj
 0001:000040e0       __scrt_exe_initialize_mta  00000001800050e0 f   MSVCRTD:utility_desktop.obj
 0001:000040e0       __scrt_stub_for_initialize_mta 00000001800050e0 f   MSVCRTD:utility_desktop.obj
 0001:000040f0       __scrt_unhandled_exception_filter 00000001800050f0 f   MSVCRTD:utility_desktop.obj
 0001:00004190       _RTC_Initialize            0000000180005190 f   MSVCRTD:initsect.obj
 0001:000041e0       _RTC_Terminate             00000001800051e0 f   MSVCRTD:initsect.obj
 0001:000042c0       ?_RTC_AllocaFailure@@YAXPEAXPEAU_RTC_ALLOCA_NODE@@H@Z 00000001800052c0 f   MSVCRTD:error.obj
 0001:00004420       ?_RTC_Failure@@YAXPEAXH@Z  0000000180005420 f   MSVCRTD:error.obj
 0001:00004470       ?_RTC_StackFailure@@YAXPEAXPEBD@Z 0000000180005470 f   MSVCRTD:error.obj
 0001:000048c0       _RTC_UninitUse             00000001800058c0 f   MSVCRTD:error.obj
 0001:00004990       _vsprintf_s_l              0000000180005990 f i MSVCRTD:error.obj
 0001:00004a00       sprintf_s                  0000000180005a00 f i MSVCRTD:error.obj
 0001:00004a30       __isa_available_init       0000000180005a30 f   MSVCRTD:cpu_disp.obj
 0001:00004f20       _get_startup_argv_mode     0000000180005f20 f   MSVCRTD:argv_mode.obj
 0001:00004f30       __scrt_is_ucrt_dll_in_use  0000000180005f30 f   MSVCRTD:ucrt_detection.obj
 0001:00005480       ?_RTC_GetSrcLine@@YAHPEAEPEA_WKPEAH1K@Z 0000000180006480 f   MSVCRTD:pdblkup.obj
 0001:00005850       __GSHandlerCheck           0000000180006850 f   MSVCRTD:gshandler.obj
 0001:00005890       __GSHandlerCheckCommon     0000000180006890 f   MSVCRTD:gshandler.obj
 0001:000059a0       __security_check_cookie    00000001800069a0 f   MSVCRTD:amdsecgs.obj
 0001:000059c0       __raise_securityfailure    00000001800069c0 f   MSVCRTD:gs_report.obj
 0001:00005a00       __report_gsfailure         0000000180006a00 f   MSVCRTD:gs_report.obj
 0001:00005ae0       __report_rangecheckfailure 0000000180006ae0 f   MSVCRTD:gs_report.obj
 0001:00005b00       __report_securityfailure   0000000180006b00 f   MSVCRTD:gs_report.obj
 0001:00005ba0       __report_securityfailureEx 0000000180006ba0 f   MSVCRTD:gs_report.obj
 0001:00005e03       _purecall                  0000000180006e03 f   vcruntimed:VCRUNTIME140D.dll
 0001:00005e09       memset                     0000000180006e09 f   vcruntimed:VCRUNTIME140D.dll
 0001:00005e0f       __std_type_info_name       0000000180006e0f f   vcruntimed:VCRUNTIME140D.dll
 0001:00005e15       strstr                     0000000180006e15 f   vcruntimed:VCRUNTIME140D.dll
 0001:00005e1b       __std_type_info_destroy_list 0000000180006e1b f   vcruntimed:VCRUNTIME140D.dll
 0001:00005e21       __C_specific_handler       0000000180006e21 f   vcruntimed:VCRUNTIME140D.dll
 0001:00005e27       __current_exception        0000000180006e27 f   vcruntimed:VCRUNTIME140D.dll
 0001:00005e2d       __current_exception_context 0000000180006e2d f   vcruntimed:VCRUNTIME140D.dll
 0001:00005e33       __C_specific_handler_noexcept 0000000180006e33 f   vcruntimed:VCRUNTIME140D.dll
 0001:00005e39       __vcrt_GetModuleFileNameW  0000000180006e39 f   vcruntimed:VCRUNTIME140D.dll
 0001:00005e3f       __vcrt_GetModuleHandleW    0000000180006e3f f   vcruntimed:VCRUNTIME140D.dll
 0001:00005e45       __vcrt_LoadLibraryExW      0000000180006e45 f   vcruntimed:VCRUNTIME140D.dll
 0001:00005e4b       memcpy                     0000000180006e4b f   vcruntimed:VCRUNTIME140D.dll
 0001:00005e51       _free_dbg                  0000000180006e51 f   ucrtd:ucrtbased.dll
 0001:00005e57       _CrtDbgReport              0000000180006e57 f   ucrtd:ucrtbased.dll
 0001:00005e5d       _CrtDbgReportW             0000000180006e5d f   ucrtd:ucrtbased.dll
 0001:00005e63       _initterm                  0000000180006e63 f   ucrtd:ucrtbased.dll
 0001:00005e69       _initterm_e                0000000180006e69 f   ucrtd:ucrtbased.dll
 0001:00005e6f       _seh_filter_dll            0000000180006e6f f   ucrtd:ucrtbased.dll
 0001:00005e75       _configure_narrow_argv     0000000180006e75 f   ucrtd:ucrtbased.dll
 0001:00005e7b       _initialize_narrow_environment 0000000180006e7b f   ucrtd:ucrtbased.dll
 0001:00005e81       _initialize_onexit_table   0000000180006e81 f   ucrtd:ucrtbased.dll
 0001:00005e87       _register_onexit_function  0000000180006e87 f   ucrtd:ucrtbased.dll
 0001:00005e8d       _execute_onexit_table      0000000180006e8d f   ucrtd:ucrtbased.dll
 0001:00005e93       _crt_atexit                0000000180006e93 f   ucrtd:ucrtbased.dll
 0001:00005e99       _crt_at_quick_exit         0000000180006e99 f   ucrtd:ucrtbased.dll
 0001:00005e9f       _cexit                     0000000180006e9f f   ucrtd:ucrtbased.dll
 0001:00005ea5       terminate                  0000000180006ea5 f   ucrtd:ucrtbased.dll
 0001:00005eab       strcpy_s                   0000000180006eab f   ucrtd:ucrtbased.dll
 0001:00005eb1       strcat_s                   0000000180006eb1 f   ucrtd:ucrtbased.dll
 0001:00005eb7       __stdio_common_vsprintf_s  0000000180006eb7 f   ucrtd:ucrtbased.dll
 0001:00005ebd       _wmakepath_s               0000000180006ebd f   ucrtd:ucrtbased.dll
 0001:00005ec3       _wsplitpath_s              0000000180006ec3 f   ucrtd:ucrtbased.dll
 0001:00005ec9       wcscpy_s                   0000000180006ec9 f   ucrtd:ucrtbased.dll
 0001:00005ecf       RaiseException             0000000180006ecf f   kernel32:KERNEL32.dll
 0001:00005ed5       GetLastError               0000000180006ed5 f   kernel32:KERNEL32.dll
 0001:00005edb       GetSystemInfo              0000000180006edb f   kernel32:KERNEL32.dll
 0001:00005ee1       VirtualProtect             0000000180006ee1 f   kernel32:KERNEL32.dll
 0001:00005ee7       VirtualQuery               0000000180006ee7 f   kernel32:KERNEL32.dll
 0001:00005eed       FreeLibrary                0000000180006eed f   kernel32:KERNEL32.dll
 0001:00005ef3       GetModuleHandleW           0000000180006ef3 f   kernel32:KERNEL32.dll
 0001:00005ef9       GetProcAddress             0000000180006ef9 f   kernel32:KERNEL32.dll
 0001:00005eff       LoadLibraryExA             0000000180006eff f   kernel32:KERNEL32.dll
 0001:00005f05       InitializeSListHead        0000000180006f05 f   kernel32:KERNEL32.dll
 0001:00005f0b       QueryPerformanceCounter    0000000180006f0b f   kernel32:KERNEL32.dll
 0001:00005f11       GetCurrentProcessId        0000000180006f11 f   kernel32:KERNEL32.dll
 0001:00005f17       GetCurrentThreadId         0000000180006f17 f   kernel32:KERNEL32.dll
 0001:00005f1d       GetSystemTimeAsFileTime    0000000180006f1d f   kernel32:KERNEL32.dll
 0001:00005f23       DisableThreadLibraryCalls  0000000180006f23 f   kernel32:KERNEL32.dll
 0001:00005f29       RtlCaptureContext          0000000180006f29 f   kernel32:KERNEL32.dll
 0001:00005f2f       RtlLookupFunctionEntry     0000000180006f2f f   kernel32:KERNEL32.dll
 0001:00005f35       RtlVirtualUnwind           0000000180006f35 f   kernel32:KERNEL32.dll
 0001:00005f3b       IsDebuggerPresent          0000000180006f3b f   kernel32:KERNEL32.dll
 0001:00005f41       UnhandledExceptionFilter   0000000180006f41 f   kernel32:KERNEL32.dll
 0001:00005f47       SetUnhandledExceptionFilter 0000000180006f47 f   kernel32:KERNEL32.dll
 0001:00005f4d       GetStartupInfoW            0000000180006f4d f   kernel32:KERNEL32.dll
 0001:00005f53       IsProcessorFeaturePresent  0000000180006f53 f   kernel32:KERNEL32.dll
 0001:00005f59       MultiByteToWideChar        0000000180006f59 f   kernel32:KERNEL32.dll
 0001:00005f5f       WideCharToMultiByte        0000000180006f5f f   kernel32:KERNEL32.dll
 0001:00005f65       HeapAlloc                  0000000180006f65 f   kernel32:KERNEL32.dll
 0001:00005f6b       HeapFree                   0000000180006f6b f   kernel32:KERNEL32.dll
 0001:00005f71       GetProcessHeap             0000000180006f71 f   kernel32:KERNEL32.dll
 0001:00005f77       GetCurrentProcess          0000000180006f77 f   kernel32:KERNEL32.dll
 0001:00005f7d       TerminateProcess           0000000180006f7d f   kernel32:KERNEL32.dll
 0001:00005f90       __acrt_initialize          0000000180006f90 f   MSVCRTD:ucrt_stubs.obj
 0001:00005f90       __scrt_stub_for_acrt_initialize 0000000180006f90 f   MSVCRTD:ucrt_stubs.obj
 0001:00005f90       __vcrt_initialize          0000000180006f90 f   MSVCRTD:ucrt_stubs.obj
 0001:00005fa0       __acrt_thread_attach       0000000180006fa0 f   MSVCRTD:ucrt_stubs.obj
 0001:00005fa0       __scrt_stub_for_acrt_thread_attach 0000000180006fa0 f   MSVCRTD:ucrt_stubs.obj
 0001:00005fa0       __vcrt_thread_attach       0000000180006fa0 f   MSVCRTD:ucrt_stubs.obj
 0001:00005fb0       __acrt_thread_detach       0000000180006fb0 f   MSVCRTD:ucrt_stubs.obj
 0001:00005fb0       __scrt_stub_for_acrt_thread_detach 0000000180006fb0 f   MSVCRTD:ucrt_stubs.obj
 0001:00005fb0       __vcrt_thread_detach       0000000180006fb0 f   MSVCRTD:ucrt_stubs.obj
 0001:00005fc0       __acrt_uninitialize        0000000180006fc0 f   MSVCRTD:ucrt_stubs.obj
 0001:00005fc0       __scrt_stub_for_acrt_uninitialize 0000000180006fc0 f   MSVCRTD:ucrt_stubs.obj
 0001:00005fc0       __vcrt_uninitialize        0000000180006fc0 f   MSVCRTD:ucrt_stubs.obj
 0001:00005fd0       __acrt_uninitialize_critical 0000000180006fd0 f   MSVCRTD:ucrt_stubs.obj
 0001:00005fd0       __scrt_stub_for_acrt_uninitialize_critical 0000000180006fd0 f   MSVCRTD:ucrt_stubs.obj
 0001:00005fd0       __vcrt_uninitialize_critical 0000000180006fd0 f   MSVCRTD:ucrt_stubs.obj
 0001:00005fe0       __scrt_stub_for_is_c_termination_complete 0000000180006fe0 f   MSVCRTD:ucrt_stubs.obj
 0001:00005fe0       _is_c_termination_complete 0000000180006fe0 f   MSVCRTD:ucrt_stubs.obj
 0001:00006000       _guard_dispatch_icall_nop  0000000180007000 f   MSVCRTD:guard_dispatch.obj
 0001:00006020       _guard_xfg_dispatch_icall_nop 0000000180007020 f   MSVCRTD:guard_xfg_dispatch.obj
 0002:00000000       __imp_LoadLibraryA         0000000180008000     kernel32:KERNEL32.dll
 0002:00000008       __imp_GetCurrentProcess    0000000180008008     kernel32:KERNEL32.dll
 0002:00000010       __imp_GetProcessHeap       0000000180008010     kernel32:KERNEL32.dll
 0002:00000018       __imp_HeapFree             0000000180008018     kernel32:KERNEL32.dll
 0002:00000020       __imp_HeapAlloc            0000000180008020     kernel32:KERNEL32.dll
 0002:00000028       __imp_WideCharToMultiByte  0000000180008028     kernel32:KERNEL32.dll
 0002:00000030       __imp_MultiByteToWideChar  0000000180008030     kernel32:KERNEL32.dll
 0002:00000038       __imp_IsProcessorFeaturePresent 0000000180008038     kernel32:KERNEL32.dll
 0002:00000040       __imp_GetStartupInfoW      0000000180008040     kernel32:KERNEL32.dll
 0002:00000048       __imp_SetUnhandledExceptionFilter 0000000180008048     kernel32:KERNEL32.dll
 0002:00000050       __imp_UnhandledExceptionFilter 0000000180008050     kernel32:KERNEL32.dll
 0002:00000058       __imp_IsDebuggerPresent    0000000180008058     kernel32:KERNEL32.dll
 0002:00000060       __imp_RtlVirtualUnwind     0000000180008060     kernel32:KERNEL32.dll
 0002:00000068       __imp_RtlLookupFunctionEntry 0000000180008068     kernel32:KERNEL32.dll
 0002:00000070       __imp_RtlCaptureContext    0000000180008070     kernel32:KERNEL32.dll
 0002:00000078       __imp_DisableThreadLibraryCalls 0000000180008078     kernel32:KERNEL32.dll
 0002:00000080       __imp_GetSystemTimeAsFileTime 0000000180008080     kernel32:KERNEL32.dll
 0002:00000088       __imp_GetCurrentThreadId   0000000180008088     kernel32:KERNEL32.dll
 0002:00000090       __imp_GetCurrentProcessId  0000000180008090     kernel32:KERNEL32.dll
 0002:00000098       __imp_QueryPerformanceCounter 0000000180008098     kernel32:KERNEL32.dll
 0002:000000a0       __imp_InitializeSListHead  00000001800080a0     kernel32:KERNEL32.dll
 0002:000000a8       __imp_LoadLibraryExA       00000001800080a8     kernel32:KERNEL32.dll
 0002:000000b0       __imp_GetProcAddress       00000001800080b0     kernel32:KERNEL32.dll
 0002:000000b8       __imp_GetModuleHandleW     00000001800080b8     kernel32:KERNEL32.dll
 0002:000000c0       __imp_FreeLibrary          00000001800080c0     kernel32:KERNEL32.dll
 0002:000000c8       __imp_VirtualQuery         00000001800080c8     kernel32:KERNEL32.dll
 0002:000000d0       __imp_VirtualProtect       00000001800080d0     kernel32:KERNEL32.dll
 0002:000000d8       __imp_GetSystemInfo        00000001800080d8     kernel32:KERNEL32.dll
 0002:000000e0       __imp_GetLastError         00000001800080e0     kernel32:KERNEL32.dll
 0002:000000e8       __imp_RaiseException       00000001800080e8     kernel32:KERNEL32.dll
 0002:000000f0       __imp_TerminateProcess     00000001800080f0     kernel32:KERNEL32.dll
 0002:000000f8       \177KERNEL32_NULL_THUNK_DATA 00000001800080f8     kernel32:KERNEL32.dll
 0002:00000100       __imp_strstr               0000000180008100     vcruntimed:VCRUNTIME140D.dll
 0002:00000108       __imp___std_type_info_destroy_list 0000000180008108     vcruntimed:VCRUNTIME140D.dll
 0002:00000110       __imp___C_specific_handler 0000000180008110     vcruntimed:VCRUNTIME140D.dll
 0002:00000118       __imp___current_exception  0000000180008118     vcruntimed:VCRUNTIME140D.dll
 0002:00000120       __imp___std_type_info_name 0000000180008120     vcruntimed:VCRUNTIME140D.dll
 0002:00000128       __imp__purecall            0000000180008128     vcruntimed:VCRUNTIME140D.dll
 0002:00000130       __imp___current_exception_context 0000000180008130     vcruntimed:VCRUNTIME140D.dll
 0002:00000138       __imp___C_specific_handler_noexcept 0000000180008138     vcruntimed:VCRUNTIME140D.dll
 0002:00000140       __imp___vcrt_GetModuleFileNameW 0000000180008140     vcruntimed:VCRUNTIME140D.dll
 0002:00000148       __imp___vcrt_GetModuleHandleW 0000000180008148     vcruntimed:VCRUNTIME140D.dll
 0002:00000150       __imp___vcrt_LoadLibraryExW 0000000180008150     vcruntimed:VCRUNTIME140D.dll
 0002:00000158       __imp_memcpy               0000000180008158     vcruntimed:VCRUNTIME140D.dll
 0002:00000160       __imp_memset               0000000180008160     vcruntimed:VCRUNTIME140D.dll
 0002:00000168       \177VCRUNTIME140D_NULL_THUNK_DATA 0000000180008168     vcruntimed:VCRUNTIME140D.dll
 0002:00000170       __imp__initterm_e          0000000180008170     ucrtd:ucrtbased.dll
 0002:00000178       __imp__initialize_narrow_environment 0000000180008178     ucrtd:ucrtbased.dll
 0002:00000180       __imp__CrtDbgReportW       0000000180008180     ucrtd:ucrtbased.dll
 0002:00000188       __imp__CrtDbgReport        0000000180008188     ucrtd:ucrtbased.dll
 0002:00000190       __imp__free_dbg            0000000180008190     ucrtd:ucrtbased.dll
 0002:00000198       __imp__seh_filter_dll      0000000180008198     ucrtd:ucrtbased.dll
 0002:000001a0       __imp__configure_narrow_argv 00000001800081a0     ucrtd:ucrtbased.dll
 0002:000001a8       __imp__initialize_onexit_table 00000001800081a8     ucrtd:ucrtbased.dll
 0002:000001b0       __imp__register_onexit_function 00000001800081b0     ucrtd:ucrtbased.dll
 0002:000001b8       __imp__execute_onexit_table 00000001800081b8     ucrtd:ucrtbased.dll
 0002:000001c0       __imp__crt_atexit          00000001800081c0     ucrtd:ucrtbased.dll
 0002:000001c8       __imp__crt_at_quick_exit   00000001800081c8     ucrtd:ucrtbased.dll
 0002:000001d0       __imp__cexit               00000001800081d0     ucrtd:ucrtbased.dll
 0002:000001d8       __imp_wcscpy_s             00000001800081d8     ucrtd:ucrtbased.dll
 0002:000001e0       __imp__wsplitpath_s        00000001800081e0     ucrtd:ucrtbased.dll
 0002:000001e8       __imp_terminate            00000001800081e8     ucrtd:ucrtbased.dll
 0002:000001f0       __imp___stdio_common_vsprintf_s 00000001800081f0     ucrtd:ucrtbased.dll
 0002:000001f8       __imp_strcat_s             00000001800081f8     ucrtd:ucrtbased.dll
 0002:00000200       __imp__initterm            0000000180008200     ucrtd:ucrtbased.dll
 0002:00000208       __imp_strcpy_s             0000000180008208     ucrtd:ucrtbased.dll
 0002:00000210       __imp__wmakepath_s         0000000180008210     ucrtd:ucrtbased.dll
 0002:00000218       \177ucrtbased_NULL_THUNK_DATA 0000000180008218     ucrtd:ucrtbased.dll
 0002:00000220       __guard_check_icall_fptr   0000000180008220     MSVCRTD:guard_support.obj
 0002:00000228       __guard_xfg_check_icall_fptr 0000000180008228     MSVCRTD:guard_support.obj
 0002:00000230       __guard_dispatch_icall_fptr 0000000180008230     MSVCRTD:guard_support.obj
 0002:00000238       __guard_xfg_dispatch_icall_fptr 0000000180008238     MSVCRTD:guard_support.obj
 0002:00000240       __guard_xfg_table_dispatch_icall_fptr 0000000180008240     MSVCRTD:guard_support.obj
 0002:00000248       __castguard_check_failure_os_handled_fptr 0000000180008248     MSVCRTD:guard_support.obj
 0002:00000250       __guard_memcpy_fptr        0000000180008250     vcruntimed:softmemtag.obj
 0002:00000258       __xc_a                     0000000180008258     MSVCRTD:initializers.obj
 0002:00000290       __xc_z                     0000000180008290     MSVCRTD:initializers.obj
 0002:00000298       __xi_a                     0000000180008298     MSVCRTD:initializers.obj
 0002:000002a0       __xi_z                     00000001800082a0     MSVCRTD:initializers.obj
 0002:000002a8       __xp_a                     00000001800082a8     MSVCRTD:initializers.obj
 0002:000002b0       __xp_z                     00000001800082b0     MSVCRTD:initializers.obj
 0002:000002b8       __xt_a                     00000001800082b8     MSVCRTD:initializers.obj
 0002:000002c0       __xt_z                     00000001800082c0     MSVCRTD:initializers.obj
 0002:000002f0       ?g_PXSinCoefficients0@aos@physx@@3UPX_VECTORF32@12@B 00000001800082f0     Cooking.obj
 0002:00000300       ?g_PXSinCoefficients1@aos@physx@@3UPX_VECTORF32@12@B 0000000180008300     Cooking.obj
 0002:00000310       ?g_PXSinCoefficients2@aos@physx@@3UPX_VECTORF32@12@B 0000000180008310     Cooking.obj
 0002:00000320       ?g_PXCosCoefficients0@aos@physx@@3UPX_VECTORF32@12@B 0000000180008320     Cooking.obj
 0002:00000330       ?g_PXCosCoefficients1@aos@physx@@3UPX_VECTORF32@12@B 0000000180008330     Cooking.obj
 0002:00000340       ?g_PXCosCoefficients2@aos@physx@@3UPX_VECTORF32@12@B 0000000180008340     Cooking.obj
 0002:00000350       ?g_PXReciprocalTwoPi@aos@physx@@3UPX_VECTORF32@12@B 0000000180008350     Cooking.obj
 0002:00000360       ?g_PXTwoPi@aos@physx@@3UPX_VECTORF32@12@B 0000000180008360     Cooking.obj
 0002:00000370       ??_7PxFoundation@physx@@6B@ 0000000180008370     Cooking.obj
 0002:000003e0       ??_C@_0DD@EEKCMDMP@T?3?2PhysX?2physx?2source?2physxcook@ 00000001800083e0     Cooking.obj
 0002:00000418       ??_C@_0BM@OIFKLHDN@?$DMallocation?5names?5disabled?$DO@ 0000000180008418     Cooking.obj
 0002:00000438       ??_C@_0CM@GFDNPGDN@T?3?2PhysX?2physx?2include?2foundati@ 0000000180008438     Cooking.obj
 0002:00000468       ??_C@_0BM@BMFMDKFG@this?9?$DOcapacity?$CI?$CJ?5?$DM?5capacity@ 0000000180008468     Cooking.obj
 0002:00000488       ??_C@_0CP@CPGGIPKL@?$CI?$CBcapacity?$CJ?5?$HM?$HM?5?$CInewData?5?$CG?$CG?5?$CInew@ 0000000180008488     Cooking.obj
 0002:000004b8       __real@3a83126f            00000001800084b8     Cooking.obj
 0002:000004bc       __real@ba83126f            00000001800084bc     Cooking.obj
 0002:000004c0       ??_C@_0BA@EGLNOO@PhysXFoundation@ 00000001800084c0     WindowsCookingDelayLoadHook.obj
 0002:000004d0       ??_C@_0M@ILKNCJKN@PhysXCommon@ 00000001800084d0     WindowsCookingDelayLoadHook.obj
 0002:000004e0       __sz_PhysXCommon_64_dll    00000001800084e0     PhysXCommon_64:PhysXCommon_64.dll
 0002:00000500       __sz_PhysXFoundation_64_dll 0000000180008500     PhysXFoundation_64:PhysXFoundation_64.dll
 0002:00000518       ??_C@_1BK@DBDEIDLH@?$AAK?$AAE?$AAR?$AAN?$AAE?$AAL?$AA3?$AA2?$AA?4?$AAD?$AAL?$AAL@ 0000000180008518     Delayimp:delayhlp.obj
 0002:00000538       ??_C@_0BI@OMNLIJDB@AcquireSRWLockExclusive@ 0000000180008538     Delayimp:delayhlp.obj
 0002:00000550       ??_C@_0BI@HMIEPCNJ@ReleaseSRWLockExclusive@ 0000000180008550     Delayimp:delayhlp.obj
 0002:00000568       __pfnDliFailureHook2       0000000180008568     Delayimp:delayhk1.obj
 0002:00000578       ??_7type_info@@6B@         0000000180008578     MSVCRTD:std_type_info_static.obj
 0002:00000580       _pDefaultRawDllMain        0000000180008580     MSVCRTD:dll_dllmain.obj
 0002:00000580       _pRawDllMain               0000000180008580     MSVCRTD:dll_dllmain.obj
 0002:00000590       _load_config_used          0000000180008590     MSVCRTD:loadcfg.obj
 0002:000006f8       ??_C@_0BJ@HEGAHDFO@Stack?5pointer?5corruption@ 00000001800086f8     MSVCRTD:userapi.obj
 0002:00000718       ??_C@_0CK@FEGOIOPB@Cast?5to?5smaller?5type?5causing?5lo@ 0000000180008718     MSVCRTD:userapi.obj
 0002:00000748       ??_C@_0BI@CIGMDCBH@Stack?5memory?5corruption@ 0000000180008748     MSVCRTD:userapi.obj
 0002:00000760       ??_C@_0CK@CNLNOEPB@Local?5variable?5used?5before?5init@ 0000000180008760     MSVCRTD:userapi.obj
 0002:00000790       ??_C@_0BP@OGBCLIBO@Stack?5around?5_alloca?5corrupted@ 0000000180008790     MSVCRTD:userapi.obj
 0002:00000870       ??_C@_0NN@JMPELKLB@The?5value?5of?5ESP?5was?5not?5proper@ 0000000180008870     MSVCRTD:error.obj
 0002:00000950       ??_C@_0BBN@ELNNILBE@A?5cast?5to?5a?5smaller?5data?5type?5h@ 0000000180008950     MSVCRTD:error.obj
 0002:00000a70       ??_C@_0BN@BPOGFMJL@Stack?5memory?5was?5corrupted?$AN?6@ 0000000180008a70     MSVCRTD:error.obj
 0002:00000a90       ??_C@_0DG@DAJCDLPN@A?5local?5variable?5was?5used?5befor@ 0000000180008a90     MSVCRTD:error.obj
 0002:00000ac8       ??_C@_0CM@JMIDGKLA@Stack?5memory?5around?5_alloca?5was@ 0000000180008ac8     MSVCRTD:error.obj
 0002:00000af8       ??_C@_0BO@CHIONIOI@Unknown?5Runtime?5Check?5Error?$AN?6@ 0000000180008af8     MSVCRTD:error.obj
 0002:00000b20       ??_C@_1GM@CNOOJIHC@?$AAR?$AAu?$AAn?$AAt?$AAi?$AAm?$AAe?$AA?5?$AAC?$AAh?$AAe?$AAc?$AAk?$AA?5?$AAE@ 0000000180008b20     MSVCRTD:error.obj
 0002:00000b90       ??_C@_1EA@NFKNIFJP@?$AAR?$AAu?$AAn?$AA?9?$AAT?$AAi?$AAm?$AAe?$AA?5?$AAC?$AAh?$AAe?$AAc?$AAk?$AA?5@ 0000000180008b90     MSVCRTD:error.obj
 0002:00000bd0       ??_C@_0BB@PFFGGCJP@Unknown?5Filename@ 0000000180008bd0     MSVCRTD:error.obj
 0002:00000be8       ??_C@_0BE@GNBOBNCK@Unknown?5Module?5Name@ 0000000180008be8     MSVCRTD:error.obj
 0002:00000c00       ??_C@_0CA@IODNCDPG@Run?9Time?5Check?5Failure?5?$CD?$CFd?5?9?5?$CFs@ 0000000180008c00     MSVCRTD:error.obj
 0002:00000c20       ??_C@_0CG@IAFNJNEE@Stack?5corrupted?5near?5unknown?5va@ 0000000180008c20     MSVCRTD:error.obj
 0002:00000c48       ??_C@_05MKKEDADM@?$CF?42X?5@ 0000000180008c48     MSVCRTD:error.obj
 0002:00000c50       ??_C@_0EJ@LJKNEOLN@Stack?5area?5around?5_alloca?5memor@ 0000000180008c50     MSVCRTD:error.obj
 0002:00000c9c       ??_C@_01EEMJAFIK@?6@       0000000180008c9c     MSVCRTD:error.obj
 0002:00000ca0       ??_C@_02LLMPMKNF@?$DO?5@   0000000180008ca0     MSVCRTD:error.obj
 0002:00000ca8       ??_C@_08OMAHNMHJ@?6Data?3?5?$DM@ 0000000180008ca8     MSVCRTD:error.obj
 0002:00000cb8       ??_C@_0CK@DKGBICFE@?6Allocation?5number?5within?5this?5@ 0000000180008cb8     MSVCRTD:error.obj
 0002:00000ce8       ??_C@_07DFDJCKFN@?6Size?3?5@ 0000000180008ce8     MSVCRTD:error.obj
 0002:00000cf0       ??_C@_0N@MHFFIMFG@?6Address?3?50x@ 0000000180008cf0     MSVCRTD:error.obj
 0002:00000d00       ??_C@_0EI@CLEPFNGI@Stack?5area?5around?5_alloca?5memor@ 0000000180008d00     MSVCRTD:error.obj
 0002:00000d48       ??_C@_0BK@ODNDAGKB@?$CFs?$CFs?$CFp?$CFs?$CFzd?$CFs?$CFd?$CFs?$CFs?$CFs?$CFs?$CFs@ 0000000180008d48     MSVCRTD:error.obj
 0002:00000d68       ??_C@_0DE@OHJBPMBP@A?5variable?5is?5being?5used?5withou@ 0000000180008d68     MSVCRTD:error.obj
 0002:00000e00       ??_C@_1EI@MLPKHBGE@?$AAa?$AAp?$AAi?$AA?9?$AAm?$AAs?$AA?9?$AAw?$AAi?$AAn?$AA?9?$AAc?$AAo?$AAr?$AAe@ 0000000180008e00     MSVCRTD:pdblkup.obj
 0002:00000e48       ??_C@_1BK@JHLNAEJL@?$AAa?$AAd?$AAv?$AAa?$AAp?$AAi?$AA3?$AA2?$AA?4?$AAd?$AAl?$AAl@ 0000000180008e48     MSVCRTD:pdblkup.obj
 0002:00000e68       ??_C@_0O@COHOBMLB@RegOpenKeyExW@ 0000000180008e68     MSVCRTD:pdblkup.obj
 0002:00000e78       ??_C@_0BB@GLNAEDBD@RegQueryValueExW@ 0000000180008e78     MSVCRTD:pdblkup.obj
 0002:00000e90       ??_C@_0M@HLOHPNFA@RegCloseKey@ 0000000180008e90     MSVCRTD:pdblkup.obj
 0002:00000ea0       ??_C@_1HE@EBEAGLFB@?$AAS?$AAO?$AAF?$AAT?$AAW?$AAA?$AAR?$AAE?$AA?2?$AAW?$AAo?$AAw?$AA6?$AA4?$AA3@ 0000000180008ea0     MSVCRTD:pdblkup.obj
 0002:00000f18       ??_C@_1BG@EABPBLLF@?$AAP?$AAr?$AAo?$AAd?$AAu?$AAc?$AAt?$AAD?$AAi?$AAr@ 0000000180008f18     MSVCRTD:pdblkup.obj
 0002:00000f50       ??_C@_1BC@JINFINNJ@?$AAM?$AAS?$AAP?$AAD?$AAB?$AA1?$AA4?$AA0@ 0000000180008f50     MSVCRTD:pdblkup.obj
 0002:00000f68       ??_C@_0BB@KCIACLNC@PDBOpenValidate5@ 0000000180008f68     MSVCRTD:pdblkup.obj
 0002:00000f7c       ??_C@_01KDCPPGHE@r@        0000000180008f7c     MSVCRTD:pdblkup.obj
 0002:00001000       __CastGuardVftablesStart   0000000180009000     MSVCRTD:guard_support.obj
 0002:00001080       __CastGuardVftablesEnd     0000000180009080     MSVCRTD:guard_support.obj
 0002:00001100       ??_R4type_info@@6B@        0000000180009100     MSVCRTD:std_type_info_static.obj
 0002:00001128       ??_R3type_info@@8          0000000180009128     MSVCRTD:std_type_info_static.obj
 0002:00001140       ??_R2type_info@@8          0000000180009140     MSVCRTD:std_type_info_static.obj
 0002:00001150       ??_R1A@?0A@EA@type_info@@8 0000000180009150     MSVCRTD:std_type_info_static.obj
 0002:00001174       __volatile_metadata        0000000180009174     <linker-defined>
 0002:00001658       __rtc_iaa                  0000000180009658     MSVCRTD:initsect.obj
 0002:00001670       __rtc_izz                  0000000180009670     MSVCRTD:initsect.obj
 0002:00001678       __rtc_taa                  0000000180009678     MSVCRTD:initsect.obj
 0002:00001690       __rtc_tzz                  0000000180009690     MSVCRTD:initsect.obj
 0002:00001e94       __DELAY_IMPORT_DESCRIPTOR_physxcommon_64_dll 0000000180009e94     PhysXCommon_64:PhysXCommon_64.dll
 0002:00001eb4       __DELAY_IMPORT_DESCRIPTOR_physxfoundation_64_dll 0000000180009eb4     PhysXFoundation_64:PhysXFoundation_64.dll
 0002:00001ed4       __NULL_DELAY_IMPORT_DESCRIPTOR 0000000180009ed4     PhysXCommon_64:PhysXCommon_64.dll
 0002:00001fb0       \177PhysXCommon_64_NULL_THUNK_DATA_DLN 0000000180009fb0     PhysXCommon_64:PhysXCommon_64.dll
 0002:00001fc8       \177PhysXFoundation_64_NULL_THUNK_DATA_DLN 0000000180009fc8     PhysXFoundation_64:PhysXFoundation_64.dll
 0002:00002278       \177PhysXCommon_64_NULL_THUNK_DATA_DLB 000000018000a278     PhysXCommon_64:PhysXCommon_64.dll
 0002:00002338       \177PhysXFoundation_64_NULL_THUNK_DATA_DLB 000000018000a338     PhysXFoundation_64:PhysXFoundation_64.dll
 0002:00002f58       __IMPORT_DESCRIPTOR_KERNEL32 000000018000af58     kernel32:KERNEL32.dll
 0002:00002f6c       __IMPORT_DESCRIPTOR_VCRUNTIME140D 000000018000af6c     vcruntimed:VCRUNTIME140D.dll
 0002:00002f80       __IMPORT_DESCRIPTOR_ucrtbased 000000018000af80     ucrtd:ucrtbased.dll
 0002:00002f94       __NULL_IMPORT_DESCRIPTOR   000000018000af94     kernel32:KERNEL32.dll
 0003:00000000       __pfnDliNotifyHook2        000000018000c000     WindowsCookingDelayLoadHook.obj
 0003:00000008       _fltused                   000000018000c008     MSVCRTD:fltused.obj
 0003:0000000c       __scrt_native_dllmain_reason 000000018000c00c     MSVCRTD:utility.obj
 0003:00000040       __security_cookie          000000018000c040     MSVCRTD:gs_cookie.obj
 0003:00000080       __security_cookie_complement 000000018000c080     MSVCRTD:gs_cookie.obj
 0003:00000090       ?_RTC_ErrorLevels@@3PAHA   000000018000c090     MSVCRTD:error.obj
 0003:000000a8       __isa_inverted             000000018000c0a8     MSVCRTD:cpu_disp.obj
 0003:000000b0       __isa_available            000000018000c0b0     MSVCRTD:cpu_disp.obj
 0003:000000b4       __isa_enabled              000000018000c0b4     MSVCRTD:cpu_disp.obj
 0003:000000b8       __memset_fast_string_threshold 000000018000c0b8     MSVCRTD:cpu_disp.obj
 0003:000000c0       __memset_nt_threshold      000000018000c0c0     MSVCRTD:cpu_disp.obj
 0003:000000d0       __scrt_ucrt_dll_is_in_use  000000018000c0d0     MSVCRTD:ucrt_stubs.obj
 0003:000000d8       ??_R0?AVBVH@Gu@physx@@@8   000000018000c0d8     Cooking.obj
 0003:00000100       ??_R0?AVBV4TriangleMesh@Gu@physx@@@8 000000018000c100     Cooking.obj
 0003:00000130       ??_R0?AUSlab@NodeAllocator@Gu@physx@@@8 000000018000c130     Cooking.obj
 0003:00000168       ??_R0?AVtype_info@@@8      000000018000c168     MSVCRTD:std_type_info_static.obj
 0003:00000188       __imp_getInsertionCallback 000000018000c188     PhysXCommon_64:PhysXCommon_64.dll
 0003:00000190       __imp_??0BV4TriangleMesh@Gu@physx@@QEAA@AEBUPxTriangleMeshInternalData@2@@Z 000000018000c190     PhysXCommon_64:PhysXCommon_64.dll
 0003:00000198       __imp_cookBVH              000000018000c198     PhysXCommon_64:PhysXCommon_64.dll
 0003:000001a0       __imp_createBVH            000000018000c1a0     PhysXCommon_64:PhysXCommon_64.dll
 0003:000001a8       __imp_cookHeightField      000000018000c1a8     PhysXCommon_64:PhysXCommon_64.dll
 0003:000001b0       __imp_createHeightField    000000018000c1b0     PhysXCommon_64:PhysXCommon_64.dll
 0003:000001b8       __imp_cookConvexMesh       000000018000c1b8     PhysXCommon_64:PhysXCommon_64.dll
 0003:000001c0       __imp_createConvexMesh     000000018000c1c0     PhysXCommon_64:PhysXCommon_64.dll
 0003:000001c8       __imp_validateConvexMesh   000000018000c1c8     PhysXCommon_64:PhysXCommon_64.dll
 0003:000001d0       __imp_computeHullPolygons  000000018000c1d0     PhysXCommon_64:PhysXCommon_64.dll
 0003:000001d8       __imp_validateTriangleMesh 000000018000c1d8     PhysXCommon_64:PhysXCommon_64.dll
 0003:000001e0       __imp_createTriangleMesh   000000018000c1e0     PhysXCommon_64:PhysXCommon_64.dll
 0003:000001e8       __imp_cookTriangleMesh     000000018000c1e8     PhysXCommon_64:PhysXCommon_64.dll
 0003:000001f0       __imp_cookTetrahedronMesh  000000018000c1f0     PhysXCommon_64:PhysXCommon_64.dll
 0003:000001f8       __imp_createTetrahedronMesh 000000018000c1f8     PhysXCommon_64:PhysXCommon_64.dll
 0003:00000200       __imp_cookDeformableVolumeMesh 000000018000c200     PhysXCommon_64:PhysXCommon_64.dll
 0003:00000208       __imp_createDeformableVolumeMesh 000000018000c208     PhysXCommon_64:PhysXCommon_64.dll
 0003:00000210       __imp_computeModelsMapping 000000018000c210     PhysXCommon_64:PhysXCommon_64.dll
 0003:00000218       __imp_computeCollisionData 000000018000c218     PhysXCommon_64:PhysXCommon_64.dll
 0003:00000220       __imp_computeSimulationData 000000018000c220     PhysXCommon_64:PhysXCommon_64.dll
 0003:00000228       __imp_assembleDeformableVolumeMesh 000000018000c228     PhysXCommon_64:PhysXCommon_64.dll
 0003:00000230       __imp_?release@AABBTreeBounds@Gu@physx@@QEAAXXZ 000000018000c230     PhysXCommon_64:PhysXCommon_64.dll
 0003:00000238       __imp_??0BVH@Gu@physx@@QEAA@AEBUPxBVHInternalData@2@@Z 000000018000c238     PhysXCommon_64:PhysXCommon_64.dll
 0003:00000240       \177PhysXCommon_64_NULL_THUNK_DATA_DLA 000000018000c240     PhysXCommon_64:PhysXCommon_64.dll
 0003:00000248       __imp_PxGetBroadcastAllocator 000000018000c248     PhysXFoundation_64:PhysXFoundation_64.dll
 0003:00000250       __imp_?PxAssert@physx@@YAXPEBD0HAEA_N@Z 000000018000c250     PhysXFoundation_64:PhysXFoundation_64.dll
 0003:00000258       \177PhysXFoundation_64_NULL_THUNK_DATA_DLA 000000018000c258     PhysXFoundation_64:PhysXFoundation_64.dll
 0003:000002c0       ?_ignore@?2??grow@?$PxArray@USlab@NodeAllocator@Gu@physx@@V?$PxReflectionAllocator@USlab@NodeAllocator@Gu@physx@@@4@@physx@@IEAAXI@Z@4_NA 000000018000c2c0     Cooking.obj
 0003:000002c1       ?_ignore@?2??recreate@?$PxArray@USlab@NodeAllocator@Gu@physx@@V?$PxReflectionAllocator@USlab@NodeAllocator@Gu@physx@@@4@@physx@@IEAAXI@Z@4_NA 000000018000c2c1     Cooking.obj
 0003:000002d0       __hmod__PhysXCommon_64_dll 000000018000c2d0     PhysXCommon_64:PhysXCommon_64.dll
 0003:000002d8       __hmod__PhysXFoundation_64_dll 000000018000c2d8     PhysXFoundation_64:PhysXFoundation_64.dll
 0003:000002e0       ?DloadKernel32@@3PEAUHINSTANCE__@@EA 000000018000c2e0     Delayimp:delayhlp.obj
 0003:000002e8       ?DloadAcquireSRWLockExclusive@@3P6AXPEA_K@ZEA 000000018000c2e8     Delayimp:delayhlp.obj
 0003:000002f0       ?DloadReleaseSRWLockExclusive@@3P6AXPEA_K@ZEA 000000018000c2f0     Delayimp:delayhlp.obj
 0003:000002f8       ?DloadSrwLock@@3_KA        000000018000c2f8     Delayimp:delayhlp.obj
 0003:00000300       ?DloadSectionLockCount@@3KA 000000018000c300     Delayimp:delayhlp.obj
 0003:00000304       ?DloadSectionOldProtection@@3KA 000000018000c304     Delayimp:delayhlp.obj
 0003:00000308       ?DloadSectionCommitPermanent@@3KA 000000018000c308     Delayimp:delayhlp.obj
 0003:00000310       ?__type_info_root_node@@3U__type_info_node@@A 000000018000c310     MSVCRTD:tncleanup.obj
 0003:00000328       __castguard_check_failure_user_handled_fptr 000000018000c328     MSVCRTD:guard_support.obj
 0003:00000340       ?_OptionsStorage@?1??__local_stdio_printf_options@@9@4_KA 000000018000c340     MSVCRTD:default_local_stdio_options.obj
 0003:00000348       ?_OptionsStorage@?1??__local_stdio_scanf_options@@9@4_KA 000000018000c348     MSVCRTD:default_local_stdio_options.obj
 0003:00000350       __scrt_current_native_startup_state 000000018000c350     MSVCRTD:utility.obj
 0003:00000358       __scrt_native_startup_lock 000000018000c358     MSVCRTD:utility.obj
 0003:00000398       __scrt_debugger_hook_flag  000000018000c398     MSVCRTD:utility_desktop.obj
 0003:0000039c       __avx10_version            000000018000c39c     MSVCRTD:cpu_disp.obj
 0003:000003a0       __favor                    000000018000c3a0     MSVCRTD:cpu_disp.obj
 0003:00000930       __dyn_tls_init_callback    000000018000c930     <common>

 entry point at        0001:00002fd0

 Static symbols

 0000:ffff0000       .debug$S                   0000000180000000     PhysXCooking_64.exp
 0000:ffff0000       .debug$S                   0000000180000000     ucrtd:ucrtbased.dll
 0000:ffff0000       .debug$S                   0000000180000000     ucrtd:ucrtbased.dll
 0000:ffff0000       .debug$S                   0000000180000000     ucrtd:ucrtbased.dll
 0000:ffff0000       .debug$S                   0000000180000000     ucrtd:ucrtbased.dll
 0000:ffff0000       .debug$S                   0000000180000000     ucrtd:ucrtbased.dll
 0000:ffff0000       .debug$S                   0000000180000000     ucrtd:ucrtbased.dll
 0000:ffff0000       .debug$S                   0000000180000000     ucrtd:ucrtbased.dll
 0000:ffff0000       .debug$S                   0000000180000000     ucrtd:ucrtbased.dll
 0000:ffff0000       .debug$S                   0000000180000000     ucrtd:ucrtbased.dll
 0000:ffff0000       .debug$S                   0000000180000000     ucrtd:ucrtbased.dll
 0000:ffff0000       .debug$S                   0000000180000000     ucrtd:ucrtbased.dll
 0000:ffff0000       .debug$S                   0000000180000000     ucrtd:ucrtbased.dll
 0000:ffff0000       .debug$S                   0000000180000000     ucrtd:ucrtbased.dll
 0000:ffff0000       .debug$S                   0000000180000000     ucrtd:ucrtbased.dll
 0000:ffff0000       .debug$S                   0000000180000000     ucrtd:ucrtbased.dll
 0000:ffff0000       .debug$S                   0000000180000000     ucrtd:ucrtbased.dll
 0000:ffff0000       .debug$S                   0000000180000000     ucrtd:ucrtbased.dll
 0000:ffff0000       .debug$S                   0000000180000000     ucrtd:ucrtbased.dll
 0000:ffff0000       .debug$S                   0000000180000000     ucrtd:ucrtbased.dll
 0000:ffff0000       .debug$S                   0000000180000000     ucrtd:ucrtbased.dll
 0000:ffff0000       .debug$S                   0000000180000000     ucrtd:ucrtbased.dll
 0000:ffff0000       .debug$S                   0000000180000000     kernel32:KERNEL32.dll
 0000:ffff0000       .debug$S                   0000000180000000     kernel32:KERNEL32.dll
 0000:ffff0000       .debug$S                   0000000180000000     kernel32:KERNEL32.dll
 0000:ffff0000       .debug$S                   0000000180000000     kernel32:KERNEL32.dll
 0000:ffff0000       .debug$S                   0000000180000000     kernel32:KERNEL32.dll
 0000:ffff0000       .debug$S                   0000000180000000     kernel32:KERNEL32.dll
 0000:ffff0000       .debug$S                   0000000180000000     kernel32:KERNEL32.dll
 0000:ffff0000       .debug$S                   0000000180000000     kernel32:KERNEL32.dll
 0000:ffff0000       .debug$S                   0000000180000000     kernel32:KERNEL32.dll
 0000:ffff0000       .debug$S                   0000000180000000     kernel32:KERNEL32.dll
 0000:ffff0000       .debug$S                   0000000180000000     kernel32:KERNEL32.dll
 0000:ffff0000       .debug$S                   0000000180000000     kernel32:KERNEL32.dll
 0000:ffff0000       .debug$S                   0000000180000000     kernel32:KERNEL32.dll
 0000:ffff0000       .debug$S                   0000000180000000     kernel32:KERNEL32.dll
 0000:ffff0000       .debug$S                   0000000180000000     kernel32:KERNEL32.dll
 0000:ffff0000       .debug$S                   0000000180000000     kernel32:KERNEL32.dll
 0000:ffff0000       .debug$S                   0000000180000000     kernel32:KERNEL32.dll
 0000:ffff0000       .debug$S                   0000000180000000     kernel32:KERNEL32.dll
 0000:ffff0000       .debug$S                   0000000180000000     kernel32:KERNEL32.dll
 0000:ffff0000       .debug$S                   0000000180000000     kernel32:KERNEL32.dll
 0000:ffff0000       .debug$S                   0000000180000000     kernel32:KERNEL32.dll
 0000:ffff0000       .debug$S                   0000000180000000     kernel32:KERNEL32.dll
 0000:ffff0000       .debug$S                   0000000180000000     kernel32:KERNEL32.dll
 0000:ffff0000       .debug$S                   0000000180000000     kernel32:KERNEL32.dll
 0000:ffff0000       .debug$S                   0000000180000000     kernel32:KERNEL32.dll
 0000:ffff0000       .debug$S                   0000000180000000     kernel32:KERNEL32.dll
 0000:ffff0000       .debug$S                   0000000180000000     kernel32:KERNEL32.dll
 0000:ffff0000       .debug$S                   0000000180000000     kernel32:KERNEL32.dll
 0000:ffff0000       .debug$S                   0000000180000000     kernel32:KERNEL32.dll
 0000:ffff0000       .debug$S                   0000000180000000     kernel32:KERNEL32.dll
 0000:ffff0000       .debug$S                   0000000180000000     kernel32:KERNEL32.dll
 0000:00000000       _volmd                     0000000180000000     Delayimp:delayhlp.obj
 0000:00000000       _volmd                     0000000180000000     Delayimp:delayhlp.obj
 0000:00000000       _volmd                     0000000180000000     Delayimp:delayhlp.obj
 0000:00000000       _volmd                     0000000180000000     Delayimp:delayhlp.obj
 0000:00000000       _volmd                     0000000180000000     Delayimp:delayhlp.obj
 0000:00000000       _volmd                     0000000180000000     Delayimp:delayhlp.obj
 0000:00000000       _volmd                     0000000180000000     Delayimp:delayhlp.obj
 0000:00000000       _volmd                     0000000180000000     Delayimp:delayhlp.obj
 0000:00000000       _volmd                     0000000180000000     Delayimp:delayhlp.obj
 0000:00000000       _volmd                     0000000180000000     Delayimp:delayhlp.obj
 0000:00000000       _volmd                     0000000180000000     Delayimp:delayhlp.obj
 0000:00000000       _volmd                     0000000180000000     MSVCRTD:cpu_disp.obj
 0002:ffff8000       __guard_ehcont_?dllmain_dispatch@@YAHQEAUHINSTANCE__@@KQEAX@Z 0000000180000000     MSVCRTD:dll_dllmain.obj
 0002:ffff8000       __guard_fids_?dllmain_dispatch@@YAHQEAUHINSTANCE__@@KQEAX@Z 0000000180000000     MSVCRTD:dll_dllmain.obj
 0002:ffff8000       __guard_ehcont_?notify_debugger@@YAXAEBUtagEXCEPTION_VISUALCPP_DEBUG_INFO@@@Z 0000000180000000     MSVCRTD:error.obj
 0000:00000000       _volmd                     0000000180000000     MSVCRTD:gs_report.obj
 0000:00000000       _volmd                     0000000180000000     MSVCRTD:gs_report.obj
 0000:00000000       _volmd                     0000000180000000     MSVCRTD:gs_report.obj
 0002:ffff8000       __guard_fids__             0000000180000000     MSVCRTD:guard_support.obj
 0002:ffff8000       __guard_fids__             0000000180000000     MSVCRTD:guard_support.obj
 0002:ffff8000       __guard_fids__guard_icall_checks_enforced 0000000180000000     MSVCRTD:guard_support.obj
 0000:00000000       _volmd                     0000000180000000     MSVCRTD:guard_support.obj
 0000:00000000       _volmd                     0000000180000000     MSVCRTD:guard_support.obj
 0002:ffff8000       __guard_fids__CRT_RTC_INIT 0000000180000000     MSVCRTD:init.obj
 0002:ffff8000       __guard_fids__CRT_RTC_INITW 0000000180000000     MSVCRTD:init.obj
 0002:ffff8000       __guard_fids__             0000000180000000     MSVCRTD:std_type_info_static.obj
 0002:ffff8000       __guard_ehcont___scrt_is_nonwritable_in_current_image 0000000180000000     MSVCRTD:utility.obj
 0000:00000000       _volmd                     0000000180000000     MSVCRTD:utility.obj
 0000:00000000       _volmd                     0000000180000000     MSVCRTD:utility.obj
 0000:00000000       _volmd                     0000000180000000     MSVCRTD:utility.obj
 0002:ffff8000       __guard_fids___scrt_set_unhandled_exception_filter 0000000180000000     MSVCRTD:utility_desktop.obj
 0000:00000000       _volmd                     0000000180000000     MSVCRTD:utility_desktop.obj
 0002:ffff8000       __guard_fids__             0000000180000000     vcruntimed:softmemtag.obj
 0000:ffff0000       .debug$S                   0000000180000000     vcruntimed:VCRUNTIME140D.dll
 0000:ffff0000       .debug$S                   0000000180000000     vcruntimed:VCRUNTIME140D.dll
 0000:ffff0000       .debug$S                   0000000180000000     vcruntimed:VCRUNTIME140D.dll
 0000:ffff0000       .debug$S                   0000000180000000     vcruntimed:VCRUNTIME140D.dll
 0000:ffff0000       .debug$S                   0000000180000000     vcruntimed:VCRUNTIME140D.dll
 0000:ffff0000       .debug$S                   0000000180000000     vcruntimed:VCRUNTIME140D.dll
 0000:ffff0000       .debug$S                   0000000180000000     vcruntimed:VCRUNTIME140D.dll
 0000:ffff0000       .debug$S                   0000000180000000     vcruntimed:VCRUNTIME140D.dll
 0000:ffff0000       .debug$S                   0000000180000000     vcruntimed:VCRUNTIME140D.dll
 0000:ffff0000       .debug$S                   0000000180000000     vcruntimed:VCRUNTIME140D.dll
 0000:ffff0000       .debug$S                   0000000180000000     vcruntimed:VCRUNTIME140D.dll
 0000:ffff0000       .debug$S                   0000000180000000     vcruntimed:VCRUNTIME140D.dll
 0000:ffff0000       .debug$S                   0000000180000000     vcruntimed:VCRUNTIME140D.dll
 0000:ffff0000       .debug$S                   0000000180000000     PhysXCommon_64:PhysXCommon_64.dll
 0000:ffff0000       .debug$S                   0000000180000000     PhysXCommon_64:PhysXCommon_64.dll
 0000:ffff0000       .debug$S                   0000000180000000     PhysXCommon_64:PhysXCommon_64.dll
 0000:ffff0000       .debug$S                   0000000180000000     PhysXCommon_64:PhysXCommon_64.dll
 0000:ffff0000       .debug$S                   0000000180000000     PhysXCommon_64:PhysXCommon_64.dll
 0000:ffff0000       .debug$S                   0000000180000000     PhysXCommon_64:PhysXCommon_64.dll
 0000:ffff0000       .debug$S                   0000000180000000     PhysXCommon_64:PhysXCommon_64.dll
 0000:ffff0000       .debug$S                   0000000180000000     PhysXCommon_64:PhysXCommon_64.dll
 0000:ffff0000       .debug$S                   0000000180000000     PhysXCommon_64:PhysXCommon_64.dll
 0000:ffff0000       .debug$S                   0000000180000000     PhysXCommon_64:PhysXCommon_64.dll
 0000:ffff0000       .debug$S                   0000000180000000     PhysXCommon_64:PhysXCommon_64.dll
 0000:ffff0000       .debug$S                   0000000180000000     PhysXCommon_64:PhysXCommon_64.dll
 0000:ffff0000       .debug$S                   0000000180000000     PhysXCommon_64:PhysXCommon_64.dll
 0000:ffff0000       .debug$S                   0000000180000000     PhysXCommon_64:PhysXCommon_64.dll
 0000:ffff0000       .debug$S                   0000000180000000     PhysXCommon_64:PhysXCommon_64.dll
 0000:ffff0000       .debug$S                   0000000180000000     PhysXCommon_64:PhysXCommon_64.dll
 0000:ffff0000       .debug$S                   0000000180000000     PhysXCommon_64:PhysXCommon_64.dll
 0000:ffff0000       .debug$S                   0000000180000000     PhysXCommon_64:PhysXCommon_64.dll
 0000:ffff0000       .debug$S                   0000000180000000     PhysXCommon_64:PhysXCommon_64.dll
 0000:ffff0000       .debug$S                   0000000180000000     PhysXCommon_64:PhysXCommon_64.dll
 0000:ffff0000       .debug$S                   0000000180000000     PhysXCommon_64:PhysXCommon_64.dll
 0000:ffff0000       .debug$S                   0000000180000000     PhysXCommon_64:PhysXCommon_64.dll
 0000:ffff0000       .debug$S                   0000000180000000     PhysXCommon_64:PhysXCommon_64.dll
 0000:ffff0000       .debug$S                   0000000180000000     PhysXFoundation_64:PhysXFoundation_64.dll
 0000:ffff0000       .debug$S                   0000000180000000     PhysXFoundation_64:PhysXFoundation_64.dll
 0001:00000000       ??__EmaxFError@vecMathTests@aos@physx@@YAXXZ 0000000180001000 f   Cooking.obj
 0001:00000030       ??__EmaxV3Error@vecMathTests@aos@physx@@YAXXZ 0000000180001030 f   Cooking.obj
 0001:00000060       ??__EmaxV4Error@vecMathTests@aos@physx@@YAXXZ 0000000180001060 f   Cooking.obj
 0001:00000090       ??__EminFError@vecMathTests@aos@physx@@YAXXZ 0000000180001090 f   Cooking.obj
 0001:000000c0       ??__EminV3Error@vecMathTests@aos@physx@@YAXXZ 00000001800010c0 f   Cooking.obj
[...]
 0002:0000196c       $unwind$?DloadGetSRWLockFunctionPointers@@YAEXZ 000000018000996c     Delayimp:delayhlp.obj
 0002:00001978       $unwind$?DloadLock@@YAXXZ  0000000180009978     Delayimp:delayhlp.obj
 0002:00001980       $unwind$?DloadUnlock@@YAXXZ 0000000180009980     Delayimp:delayhlp.obj
 0002:00001988       $unwind$?DloadObtainSection@@YAPEAXPEAK0@Z 0000000180009988     Delayimp:delayhlp.obj
 0002:00001998       $unwind$?DloadMakePermanentImageCommit@@YAXPEAX_K@Z 0000000180009998     Delayimp:delayhlp.obj
 0002:000019a4       $unwind$?DloadProtectSection@@YAXKPEAK@Z 00000001800099a4     Delayimp:delayhlp.obj
 0002:000019b4       $unwind$?DloadAcquireSectionWriteAccess@@YAXXZ 00000001800099b4     Delayimp:delayhlp.obj
 0002:000019bc       $unwind$?DloadReleaseSectionWriteAccess@@YAXXZ 00000001800099bc     Delayimp:delayhlp.obj
 0002:000019c4       $unwind$?PiddFromDllName@@YAPEBUImgDelayDescr@@PEBD@Z 00000001800099c4     Delayimp:delayhlp.obj
 0002:000019cc       $unwind$__delayLoadHelper2 00000001800099cc     Delayimp:delayhlp.obj
 0002:000019e8       $unwind$??3@YAXPEAX@Z      00000001800099e8     MSVCRTD:delete_scalar.obj
 0002:000019f0       $unwind$??3@YAXPEAX_K@Z    00000001800099f0     MSVCRTD:delete_scalar_size.obj
 0002:000019f8       $unwind$??_V@YAXPEAX@Z     00000001800099f8     MSVCRTD:delete_array.obj
 0002:00001a00       $unwind$??_V@YAXPEAX_K@Z   0000000180009a00     MSVCRTD:delete_array_size.obj
 0002:00001a08       $unwind$_RTC_Shutdown      0000000180009a08     MSVCRTD:init.obj
 0002:00001a10       $unwind$_RTC_InitBase      0000000180009a10     MSVCRTD:init.obj
 0002:00001a18       $unwind$??_Gtype_info@@UEAAPEAXI@Z 0000000180009a18     MSVCRTD:std_type_info_static.obj
 0002:00001a20       $unwind$?__scrt_initialize_type_info@@YAXXZ 0000000180009a20     MSVCRTD:tncleanup.obj
 0002:00001a28       $unwind$?__scrt_uninitialize_type_info@@YAXXZ 0000000180009a28     MSVCRTD:tncleanup.obj
 0002:00001a30       $unwind$?dllmain_crt_process_attach@@YAHQEAUHINSTANCE__@@QEAX@Z 0000000180009a30     MSVCRTD:dll_dllmain.obj
 0002:00001a50       $unwind$?fin$0@?0??dllmain_crt_process_attach@@YAHQEAUHINSTANCE__@@QEAX@Z@4HA 0000000180009a50     MSVCRTD:dll_dllmain.obj
 0002:00001a58       $unwind$?dllmain_crt_process_detach@@YAH_N@Z 0000000180009a58     MSVCRTD:dll_dllmain.obj
 0002:00001a88       $unwind$?fin$0@?0??dllmain_crt_process_detach@@YAH_N@Z@4HA 0000000180009a88     MSVCRTD:dll_dllmain.obj
 0002:00001a90       $unwind$?fin$1@?0??dllmain_crt_process_detach@@YAH_N@Z@4HA 0000000180009a90     MSVCRTD:dll_dllmain.obj
 0002:00001a98       $unwind$?dllmain_crt_dispatch@@YAHQEAUHINSTANCE__@@KQEAX@Z 0000000180009a98     MSVCRTD:dll_dllmain.obj
 0002:00001aa0       $unwind$_CRT_INIT          0000000180009aa0     MSVCRTD:dll_dllmain.obj
 0002:00001aa8       $unwind$?dllmain_raw@@YAHQEAUHINSTANCE__@@KQEAX@Z 0000000180009aa8     MSVCRTD:dll_dllmain.obj
 0002:00001ab0       $unwind$?dllmain_dispatch@@YAHQEAUHINSTANCE__@@KQEAX@Z 0000000180009ab0     MSVCRTD:dll_dllmain.obj
 0002:00001ad0       $unwind$?filt$0@?0??dllmain_dispatch@@YAHQEAUHINSTANCE__@@KQEAX@Z@4HA 0000000180009ad0     MSVCRTD:dll_dllmain.obj
 0002:00001ad8       $unwind$_DllMainCRTStartup 0000000180009ad8     MSVCRTD:dll_dllmain.obj
 0002:00001ae0       $unwind$ReadNoFence64      0000000180009ae0     MSVCRTD:guard_support.obj
 0002:00001ae8       $unwind$ReadPointerNoFence 0000000180009ae8     MSVCRTD:guard_support.obj
 0002:00001af0       $unwind$__castguard_set_user_handler 0000000180009af0     MSVCRTD:guard_support.obj
 0002:00001af8       $unwind$_guard_icall_checks_enforced 0000000180009af8     MSVCRTD:guard_support.obj
 0002:00001b00       $unwind$__castguard_compat_check 0000000180009b00     MSVCRTD:guard_support.obj
 0002:00001b08       $unwind$__castguard_check_failure_os_handled_wrapper 0000000180009b08     MSVCRTD:guard_support.obj
 0002:00001b10       $unwind$__castguard_check_failure_user_handled_wrapper 0000000180009b10     MSVCRTD:guard_support.obj
 0002:00001b18       $unwind$__castguard_check_failure_debugbreak 0000000180009b18     MSVCRTD:guard_support.obj
 0002:00001b20       $unwind$__castguard_check_failure_fastfail 0000000180009b20     MSVCRTD:guard_support.obj
 0002:00001b28       $unwind$__castguard_check_failure_os_handled 0000000180009b28     MSVCRTD:guard_support.obj
 0002:00001b30       $unwind$__castguard_check_failure_user_handled 0000000180009b30     MSVCRTD:guard_support.obj
 0002:00001b38       $unwind$__castguard_slow_path_compat_check 0000000180009b38     MSVCRTD:guard_support.obj
 0002:00001b40       $unwind$__castguard_slow_path_check_debugbreak 0000000180009b40     MSVCRTD:guard_support.obj
 0002:00001b48       $unwind$__castguard_slow_path_check_fastfail 0000000180009b48     MSVCRTD:guard_support.obj
 0002:00001b50       $unwind$__castguard_slow_path_check_os_handled 0000000180009b50     MSVCRTD:guard_support.obj
 0002:00001b58       $unwind$__castguard_slow_path_check_user_handled 0000000180009b58     MSVCRTD:guard_support.obj
 0002:00001b60       $unwind$__security_init_cookie 0000000180009b60     MSVCRTD:gs_support.obj
 0002:00001b68       $unwind$__get_entropy      0000000180009b68     MSVCRTD:gs_support.obj
 0002:00001b70       $unwind$DllMain            0000000180009b70     MSVCRTD:dll_dllmain_stub.obj
 0002:00001b78       $unwind$__scrt_initialize_default_local_stdio_options 0000000180009b78     MSVCRTD:default_local_stdio_options.obj
 0002:00001b80       $unwind$atexit             0000000180009b80     MSVCRTD:utility.obj
 0002:00001b88       $unwind$_onexit            0000000180009b88     MSVCRTD:utility.obj
 0002:00001b90       $unwind$at_quick_exit      0000000180009b90     MSVCRTD:utility.obj
 0002:00001b98       $unwind$__scrt_is_nonwritable_in_current_image 0000000180009b98     MSVCRTD:utility.obj
 0002:00001bb8       $unwind$__scrt_is_nonwritable_in_current_image$filt$0 0000000180009bb8     MSVCRTD:utility.obj
 0002:00001bc0       $unwind$__scrt_acquire_startup_lock 0000000180009bc0     MSVCRTD:utility.obj
 0002:00001bc8       $unwind$__scrt_release_startup_lock 0000000180009bc8     MSVCRTD:utility.obj
 0002:00001bd0       $unwind$__scrt_initialize_crt 0000000180009bd0     MSVCRTD:utility.obj
 0002:00001bd8       $unwind$__scrt_uninitialize_crt 0000000180009bd8     MSVCRTD:utility.obj
 0002:00001be0       $unwind$__scrt_initialize_onexit_tables 0000000180009be0     MSVCRTD:utility.obj
 0002:00001bec       $unwind$__scrt_dllmain_exception_filter 0000000180009bec     MSVCRTD:utility.obj
 0002:00001bf4       $unwind$__scrt_dllmain_before_initialize_c 0000000180009bf4     MSVCRTD:utility.obj
 0002:00001bfc       $unwind$__scrt_dllmain_after_initialize_c 0000000180009bfc     MSVCRTD:utility.obj
 0002:00001c04       $unwind$__scrt_dllmain_uninitialize_c 0000000180009c04     MSVCRTD:utility.obj
 0002:00001c0c       $unwind$__scrt_dllmain_uninitialize_critical 0000000180009c0c     MSVCRTD:utility.obj
 0002:00001c14       $unwind$__scrt_dllmain_crt_thread_attach 0000000180009c14     MSVCRTD:utility.obj
 0002:00001c1c       $unwind$__scrt_dllmain_crt_thread_detach 0000000180009c1c     MSVCRTD:utility.obj
 0002:00001c24       $unwind$?configure_argv@__scrt_narrow_argv_policy@@SAHXZ 0000000180009c24     MSVCRTD:utility.obj
 0002:00001c2c       $unwind$?initialize_environment@__scrt_narrow_environment_policy@@SAHXZ 0000000180009c2c     MSVCRTD:utility.obj
 0002:00001c34       $unwind$?is_potentially_valid_image_base@@YA_NQEAX@Z 0000000180009c34     MSVCRTD:utility.obj
 0002:00001c3c       $unwind$?find_pe_section@@YAPEAU_IMAGE_SECTION_HEADER@@QEAE_K@Z 0000000180009c3c     MSVCRTD:utility.obj
 0002:00001c44       $unwind$__scrt_get_show_window_mode 0000000180009c44     MSVCRTD:utility_desktop.obj
 0002:00001c50       $unwind$__scrt_is_managed_app 0000000180009c50     MSVCRTD:utility_desktop.obj
 0002:00001c58       $unwind$__scrt_initialize_mta 0000000180009c58     MSVCRTD:utility_desktop.obj
 0002:00001c60       $unwind$__scrt_set_unhandled_exception_filter 0000000180009c60     MSVCRTD:utility_desktop.obj
 0002:00001c68       $unwind$__scrt_fastfail    0000000180009c68     MSVCRTD:utility_desktop.obj
 0002:00001c74       $unwind$__scrt_unhandled_exception_filter 0000000180009c74     MSVCRTD:utility_desktop.obj
 0002:00001c7c       $unwind$_RTC_Initialize    0000000180009c7c     MSVCRTD:initsect.obj
 0002:00001c88       $unwind$_RTC_Terminate     0000000180009c88     MSVCRTD:initsect.obj
 0002:00001c98       $xdatasym                  0000000180009c98     MSVCRTD:guard_dispatch.obj
 0002:00001ca0       $xdatasym                  0000000180009ca0     MSVCRTD:guard_xfg_dispatch.obj
 0002:00001ca4       $unwind$_RTC_UninitUse     0000000180009ca4     MSVCRTD:error.obj
 0002:00001cbc       $unwind$?_RTC_StackFailure@@YAXPEAXPEBD@Z 0000000180009cbc     MSVCRTD:error.obj
 0002:00001cd8       $unwind$?_RTC_AllocaFailure@@YAXPEAXPEAU_RTC_ALLOCA_NODE@@H@Z 0000000180009cd8     MSVCRTD:error.obj
 0002:00001cf0       $chain$0$?_RTC_AllocaFailure@@YAXPEAXPEAU_RTC_ALLOCA_NODE@@H@Z 0000000180009cf0     MSVCRTD:error.obj
 0002:00001d04       $chain$1$?_RTC_AllocaFailure@@YAXPEAXPEAU_RTC_ALLOCA_NODE@@H@Z 0000000180009d04     MSVCRTD:error.obj
 0002:00001d14       $unwind$_vsprintf_s_l      0000000180009d14     MSVCRTD:error.obj
 0002:00001d28       $unwind$sprintf_s          0000000180009d28     MSVCRTD:error.obj
 0002:00001d30       $unwind$?notify_debugger@@YAXAEBUtagEXCEPTION_VISUALCPP_DEBUG_INFO@@@Z 0000000180009d30     MSVCRTD:error.obj
 0002:00001d50       $unwind$?filt$0@?0??notify_debugger@@YAXAEBUtagEXCEPTION_VISUALCPP_DEBUG_INFO@@@Z@4HA 0000000180009d50     MSVCRTD:error.obj
 0002:00001d58       $unwind$?DebuggerProbe@@YA_NK@Z 0000000180009d58     MSVCRTD:error.obj
 0002:00001d60       $unwind$?DebuggerRuntime@@YA_NKHPEAXPEB_W@Z 0000000180009d60     MSVCRTD:error.obj
 0002:00001d68       $unwind$?failwithmessage@@YAXPEAXHHPEBD@Z 0000000180009d68     MSVCRTD:error.obj
 0002:00001d8c       $unwind$?_getMemBlockDataString@@YAXPEAD0PEBD_K@Z 0000000180009d8c     MSVCRTD:error.obj
 0002:00001d9c       $chain$3$?_getMemBlockDataString@@YAXPEAD0PEBD_K@Z 0000000180009d9c     MSVCRTD:error.obj
 0002:00001dbc       $chain$4$?_getMemBlockDataString@@YAXPEAD0PEBD_K@Z 0000000180009dbc     MSVCRTD:error.obj
 0002:00001dcc       $unwind$__isa_available_init 0000000180009dcc     MSVCRTD:cpu_disp.obj
 0002:00001ddc       $unwind$__scrt_is_ucrt_dll_in_use 0000000180009ddc     MSVCRTD:ucrt_detection.obj
 0002:00001de4       $unwind$?_RTC_GetSrcLine@@YAHPEAEPEA_WKPEAH1K@Z 0000000180009de4     MSVCRTD:pdblkup.obj
 0002:00001dfc       $unwind$?GetPdbDllFromInstallPath@@YAPEAUHINSTANCE__@@XZ 0000000180009dfc     MSVCRTD:pdblkup.obj
 0002:00001e20       $unwind$?GetPdbDllPathFromFilePath@@YAHPEB_WPEA_W_K@Z 0000000180009e20     MSVCRTD:pdblkup.obj
 0002:00001e38       $unwind$?GetPdbDll@@YAPEAUHINSTANCE__@@XZ 0000000180009e38     MSVCRTD:pdblkup.obj
 0002:00001e48       $unwind$__GSHandlerCheckCommon 0000000180009e48     MSVCRTD:gshandler.obj
 0002:00001e50       $unwind$__GSHandlerCheck   0000000180009e50     MSVCRTD:gshandler.obj
 0002:00001e58       $xdatasym                  0000000180009e58     MSVCRTD:amdsecgs.obj
 0002:00001e5c       $unwind$__report_securityfailure 0000000180009e5c     MSVCRTD:gs_report.obj
 0002:00001e64       $unwind$__report_securityfailureEx 0000000180009e64     MSVCRTD:gs_report.obj
 0002:00001e6c       $unwind$__report_rangecheckfailure 0000000180009e6c     MSVCRTD:gs_report.obj
 0002:00001e74       $unwind$__report_gsfailure 0000000180009e74     MSVCRTD:gs_report.obj
 0002:00001e7c       $unwind$capture_current_context 0000000180009e7c     MSVCRTD:gs_report.obj
 0002:00001e84       $unwind$capture_previous_context 0000000180009e84     MSVCRTD:gs_report.obj
 0002:00001e8c       $unwind$__raise_securityfailure 0000000180009e8c     MSVCRTD:gs_report.obj
 0002:00002460       .edata                     000000018000a460     PhysXCooking_64.exp
 0002:00002488       rgpv                       000000018000a488     PhysXCooking_64.exp
 0002:0000256c       rgszName                   000000018000a56c     PhysXCooking_64.exp
 0002:00002650       rgwOrd                     000000018000a650     PhysXCooking_64.exp
 0002:000026c2       szName                     000000018000a6c2     PhysXCooking_64.exp
 0002:000026d6       $N00001                    000000018000a6d6     PhysXCooking_64.exp
 0002:000026fa       $N00002                    000000018000a6fa     PhysXCooking_64.exp
 0002:00002729       $N00003                    000000018000a729     PhysXCooking_64.exp
 0002:00002750       $N00004                    000000018000a750     PhysXCooking_64.exp
 0002:000027a7       $N00005                    000000018000a7a7     PhysXCooking_64.exp
 0002:000027d2       $N00006                    000000018000a7d2     PhysXCooking_64.exp
 0002:000027f8       $N00007                    000000018000a7f8     PhysXCooking_64.exp
 0002:00002817       $N00008                    000000018000a817     PhysXCooking_64.exp
 0002:0000283b       $N00009                    000000018000a83b     PhysXCooking_64.exp
 0002:00002862       $N00010                    000000018000a862     PhysXCooking_64.exp
 0002:0000288b       $N00011                    000000018000a88b     PhysXCooking_64.exp
 0002:000028aa       $N00012                    000000018000a8aa     PhysXCooking_64.exp
 0002:000028dd       $N00013                    000000018000a8dd     PhysXCooking_64.exp
 0002:00002913       $N00014                    000000018000a913     PhysXCooking_64.exp
 0002:0000294b       $N00015                    000000018000a94b     PhysXCooking_64.exp
 0002:0000297d       $N00016                    000000018000a97d     PhysXCooking_64.exp
 0002:000029a9       $N00017                    000000018000a9a9     PhysXCooking_64.exp
 0002:000029c5       $N00018                    000000018000a9c5     PhysXCooking_64.exp
 0002:000029ef       $N00019                    000000018000a9ef     PhysXCooking_64.exp
 0002:00002a2b       $N00020                    000000018000aa2b     PhysXCooking_64.exp
 0002:00002a66       $N00021                    000000018000aa66     PhysXCooking_64.exp
 0002:00002aa1       $N00022                    000000018000aaa1     PhysXCooking_64.exp
 0002:00002ad6       $N00023                    000000018000aad6     PhysXCooking_64.exp
 0002:00002b12       $N00024                    000000018000ab12     PhysXCooking_64.exp
 0002:00002b45       $N00025                    000000018000ab45     PhysXCooking_64.exp
 0002:00002b78       $N00026                    000000018000ab78     PhysXCooking_64.exp
 0002:00002bb2       $N00027                    000000018000abb2     PhysXCooking_64.exp
 0002:00002bec       $N00028                    000000018000abec     PhysXCooking_64.exp
 0002:00002c19       $N00029                    000000018000ac19     PhysXCooking_64.exp
 0002:00002c4c       $N00030                    000000018000ac4c     PhysXCooking_64.exp
 0002:00002c7a       $N00031                    000000018000ac7a     PhysXCooking_64.exp
 0002:00002ca7       $N00032                    000000018000aca7     PhysXCooking_64.exp
 0002:00002ce3       $N00033                    000000018000ace3     PhysXCooking_64.exp
 0002:00002d20       $N00034                    000000018000ad20     PhysXCooking_64.exp
 0002:00002d50       $N00035                    000000018000ad50     PhysXCooking_64.exp
 0002:00002d6f       $N00036                    000000018000ad6f     PhysXCooking_64.exp
 0002:00002d86       $N00037                    000000018000ad86     PhysXCooking_64.exp
 0002:00002d9c       $N00038                    000000018000ad9c     PhysXCooking_64.exp
 0002:00002db3       $N00039                    000000018000adb3     PhysXCooking_64.exp
 0002:00002dcb       $N00040                    000000018000adcb     PhysXCooking_64.exp
 0002:00002dd5       $N00041                    000000018000add5     PhysXCooking_64.exp
 0002:00002de6       $N00042                    000000018000ade6     PhysXCooking_64.exp
 0002:00002e01       $N00043                    000000018000ae01     PhysXCooking_64.exp
 0002:00002e13       $N00044                    000000018000ae13     PhysXCooking_64.exp
 0002:00002e29       $N00045                    000000018000ae29     PhysXCooking_64.exp
 0002:00002e3c       $N00046                    000000018000ae3c     PhysXCooking_64.exp
 0002:00002e48       $N00047                    000000018000ae48     PhysXCooking_64.exp
 0002:00002e5c       $N00048                    000000018000ae5c     PhysXCooking_64.exp
 0002:00002e6f       $N00049                    000000018000ae6f     PhysXCooking_64.exp
 0002:00002e8c       $N00050                    000000018000ae8c     PhysXCooking_64.exp
 0002:00002ea0       $N00051                    000000018000aea0     PhysXCooking_64.exp
 0002:00002eb8       $N00052                    000000018000aeb8     PhysXCooking_64.exp
 0002:00002ecd       $N00053                    000000018000aecd     PhysXCooking_64.exp
 0002:00002eea       $N00054                    000000018000aeea     PhysXCooking_64.exp
 0002:00002f0b       $N00055                    000000018000af0b     PhysXCooking_64.exp
 0002:00002f2a       $N00056                    000000018000af2a     PhysXCooking_64.exp
 0002:00002f3f       $N00057                    000000018000af3f     PhysXCooking_64.exp
 0002:000031d8       .idata$6                   000000018000b1d8     kernel32:KERNEL32.dll
 0002:000032f8       .idata$6                   000000018000b2f8     vcruntimed:VCRUNTIME140D.dll
 0002:00003494       .idata$6                   000000018000b494     ucrtd:ucrtbased.dll
 0003:00000260       ?maxV3Error@vecMathTests@aos@physx@@3T__m128@@B 000000018000c260     Cooking.obj
 0003:00000270       ?minFError@vecMathTests@aos@physx@@3T__m128@@B 000000018000c270     Cooking.obj
 0003:00000280       ?maxV4Error@vecMathTests@aos@physx@@3T__m128@@B 000000018000c280     Cooking.obj
 0003:00000290       ?minV4Error@vecMathTests@aos@physx@@3T__m128@@B 000000018000c290     Cooking.obj
 0003:000002a0       ?minV3Error@vecMathTests@aos@physx@@3T__m128@@B 000000018000c2a0     Cooking.obj
 0003:000002b0       ?maxFError@vecMathTests@aos@physx@@3T__m128@@B 000000018000c2b0     Cooking.obj
 0003:000002c8       ?gCookingDelayLoadHook@@3PEBVPxDelayLoadHook@physx@@EB 000000018000c2c8     WindowsCookingDelayLoadHook.obj
 0003:0000030c       ?init@?1??_RTC_InitBase@@9@4_NA 000000018000c30c     MSVCRTD:init.obj
 0003:00000320       ?__proc_attached@@3HA      000000018000c320     MSVCRTD:dll_dllmain.obj
 0003:00000330       ?_RTC_ErrorReportFunc@@3P6AHHPEBDH00ZZEA 000000018000c330     MSVCRTD:userapi.obj
 0003:00000338       ?_RTC_ErrorReportFuncW@@3P6AHHPEB_WH00ZZEA 000000018000c338     MSVCRTD:userapi.obj
 0003:00000360       ?is_initialized_as_dll@@3_NA 000000018000c360     MSVCRTD:utility.obj
 0003:00000361       ?module_local_atexit_table_initialized@@3_NA 000000018000c361     MSVCRTD:utility.obj
 0003:00000368       ?module_local_atexit_table@@3U_onexit_table_t@@A 000000018000c368     MSVCRTD:utility.obj
 0003:00000380       ?module_local_at_quick_exit_table@@3U_onexit_table_t@@A 000000018000c380     MSVCRTD:utility.obj
 0003:000003a8       ?mspdb@@3PEAUHINSTANCE__@@EA 000000018000c3a8     MSVCRTD:pdblkup.obj
 0003:000003b0       ?alreadyTried@?1??GetPdbDll@@YAPEAUHINSTANCE__@@XZ@4_NA 000000018000c3b0     MSVCRTD:pdblkup.obj
 0003:000003b1       ?PDBOK@?1??_RTC_GetSrcLine@@YAHPEAEPEA_WKPEAH1K@Z@4_NA 000000018000c3b1     MSVCRTD:pdblkup.obj
 0003:000003c0       GS_ExceptionRecord         000000018000c3c0     MSVCRTD:gs_report.obj
 0003:00000460       GS_ContextRecord           000000018000c460     MSVCRTD:gs_report.obj
 0005:000000a0       $R000000                   000000018000e0a0     PhysXCooking.res
 0005:000003d0       $R000330                   000000018000e3d0     PhysXCooking.res
