 PhysXCooking_64

 Timestamp is 67f678b7 (Wed Apr  9 20:40:07 2025)

 Preferred load address is 0000000180000000

 Start         Length     Name                   Class
 0001:00000000 00000060H .text$di                CODE
 0001:00000060 00001ef0H .text$mn                CODE
 0001:00001f50 00000036H .text$mn$00             CODE
 0001:00001f86 00000092H .text$x                 CODE
 0002:00000000 00000158H .idata$5                DATA
 0002:00000158 00000038H .00cfg                  DATA
 0002:00000190 00000008H .CRT$XCA                DATA
 0002:00000198 00000030H .CRT$XCU                DATA
 0002:000001c8 00000008H .CRT$XCZ                DATA
 0002:000001d0 00000008H .CRT$XIA                DATA
 0002:000001d8 00000008H .CRT$XIZ                DATA
 0002:000001e0 00000008H .CRT$XPA                DATA
 0002:000001e8 00000008H .CRT$XPZ                DATA
 0002:000001f0 00000008H .CRT$XTA                DATA
 0002:000001f8 00000008H .CRT$XTZ                DATA
 0002:00000200 00000000H .gehcont$y              DATA
 0002:00000200 00000000H .gfids$y                DATA
 0002:00000200 00000400H .rdata                  DATA
 0002:00000600 00000000H .rdata$CastGuardVftablesA DATA
 0002:00000600 00000000H .rdata$CastGuardVftablesC DATA
 0002:00000600 00000074H .rdata$r                DATA
 0002:00000674 00000088H .rdata$voltmd           DATA
 0002:000006fc 000003a4H .rdata$zzzdbg           DATA
 0002:00000aa0 00000008H .rtc$IAA                DATA
 0002:00000aa8 00000008H .rtc$IZZ                DATA
 0002:00000ab0 00000008H .rtc$TAA                DATA
 0002:00000ab8 00000008H .rtc$TZZ                DATA
 0002:00000ac0 000002e0H .xdata                  DATA
 0002:00000da0 00000040H .didat$2                DATA
 0002:00000de0 00000020H .didat$3                DATA
 0002:00000e00 000000d0H .didat$4                DATA
 0002:00000ed0 00000280H .didat$6                DATA
 0002:00001150 000001f0H .didat$7                DATA
 0002:00001340 00000af8H .edata                  DATA
 0002:00001e38 00000050H .idata$2                DATA
 0002:00001e88 00000018H .idata$3                DATA
 0002:00001ea0 00000158H .idata$4                DATA
 0002:00001ff8 00000372H .idata$6                DATA
 0003:00000000 000000b8H .data                   DATA
 0003:000000b8 00000090H .data$r                 DATA
 0003:00000148 00000020H .data$rs                DATA
 0003:00000168 000000d8H .didat$5                DATA
 0003:00000240 00000138H .bss                    DATA
 0004:00000000 0000030cH .pdata                  DATA
 0005:00000000 000000a0H .rsrc$01                DATA
 0005:000000a0 000004b0H .rsrc$02                DATA

  Address         Publics by Value              Rva+Base               Lib:Object

 0000:00000000       __AbsoluteZero             0000000000000000     <absolute>
 0000:00000000       ___safe_se_handler_count   0000000000000000     <absolute>
 0000:00000000       ___safe_se_handler_table   0000000000000000     <absolute>
 0000:00000000       __arm64x_extra_rfe_table   0000000000000000     <absolute>
 0000:00000000       __arm64x_extra_rfe_table_size 0000000000000000     <absolute>
 0000:00000000       __arm64x_native_entrypoint 0000000000000000     <absolute>
 0000:00000000       __arm64x_redirection_metadata 0000000000000000     <absolute>
 0000:00000000       __arm64x_redirection_metadata_count 0000000000000000     <absolute>
 0000:00000000       __dynamic_value_reloc_table 0000000000000000     <absolute>
 0000:00000000       __enclave_config           0000000000000000     <absolute>
 0000:00000000       __guard_check_icall_a64n_fptr 0000000000000000     <absolute>
 0000:00000000       __guard_eh_cont_count      0000000000000000     <absolute>
 0000:00000000       __guard_eh_cont_table      0000000000000000     <absolute>
 0000:00000000       __guard_fids_count         0000000000000000     <absolute>
 0000:00000000       __guard_fids_table         0000000000000000     <absolute>
 0000:00000000       __guard_iat_count          0000000000000000     <absolute>
 0000:00000000       __guard_iat_table          0000000000000000     <absolute>
 0000:00000000       __guard_longjmp_count      0000000000000000     <absolute>
 0000:00000000       __guard_longjmp_table      0000000000000000     <absolute>
 0000:00000000       __hybrid_auxiliary_delayload_iat 0000000000000000     <absolute>
 0000:00000000       __hybrid_auxiliary_delayload_iat_copy 0000000000000000     <absolute>
 0000:00000000       __hybrid_auxiliary_iat     0000000000000000     <absolute>
 0000:00000000       __hybrid_auxiliary_iat_copy 0000000000000000     <absolute>
 0000:00000000       __hybrid_code_map          0000000000000000     <absolute>
 0000:00000000       __hybrid_code_map_count    0000000000000000     <absolute>
 0000:00000000       __hybrid_image_info_bitfield 0000000000000000     <absolute>
 0000:00000000       __x64_code_ranges_to_entry_points 0000000000000000     <absolute>
 0000:00000000       __x64_code_ranges_to_entry_points_count 0000000000000000     <absolute>
 0000:00000100       __guard_flags              0000000000000100     <absolute>
 0000:00000000       __ImageBase                0000000180000000     <linker-defined>
 0001:00000060       ??$copy@V?$PxReflectionAllocator@USlab@NodeAllocator@Gu@physx@@@physx@@@?$PxArray@USlab@NodeAllocator@Gu@physx@@V?$PxReflectionAllocator@USlab@NodeAllocator@Gu@physx@@@4@@physx@@IEAAXAEBV01@@Z 0000000180001060 f i Cooking.obj
 0001:000000e0       ??0AABBTreeBounds@Gu@physx@@QEAA@XZ 00000001800010e0 f i Cooking.obj
 0001:000000f0       ??0AABBTreeBuildNode@Gu@physx@@QEAA@AEBV012@@Z 00000001800010f0 f i Cooking.obj
 0001:000000f0       ??4AABBTreeBuildNode@Gu@physx@@QEAAAEAV012@AEBV012@@Z 00000001800010f0 f i Cooking.obj
 0001:00000130       ??0AABBTreeBuildNode@Gu@physx@@QEAA@XZ 0000000180001130 f i Cooking.obj
 0001:00000130       ??4PxFoundation@physx@@QEAAAEAV01@AEBV01@@Z 0000000180001130 f i Cooking.obj
 0001:00000130       ?getAABB@AABBTreeBuildNode@Gu@physx@@QEBAAEBVPxBounds3@3@XZ 0000000180001130 f i Cooking.obj
 0001:00000140       ??0AABBTreeBuildParams@Gu@physx@@QEAA@IIPEBVAABBTreeBounds@12@W4BVHBuildStrategy@12@@Z 0000000180001140 f i Cooking.obj
 0001:00000160       ??0NodeAllocator@Gu@physx@@QEAA@AEBV012@@Z 0000000180001160 f i Cooking.obj
 0001:000001a0       ??0PxFoundation@physx@@QEAA@AEBV01@@Z 00000001800011a0 f i Cooking.obj
 0001:000001a0       ??0PxFoundation@physx@@QEAA@XZ 00000001800011a0 f i Cooking.obj
 0001:000001b0       ??1AABBTreeBounds@Gu@physx@@QEAA@XZ 00000001800011b0 f i Cooking.obj
 0001:000001c0       ??1AABBTreeBuildNode@Gu@physx@@QEAA@XZ 00000001800011c0 f i Cooking.obj
 0001:000001c0       _guard_check_icall_nop     00000001800011c0 f i MSVCRT:guard_support.obj
 0001:000001d0       ??1AABBTreeBuildParams@Gu@physx@@QEAA@XZ 00000001800011d0 f i Cooking.obj
 0001:000001d0       ?reset@AABBTreeBuildParams@Gu@physx@@QEAAXXZ 00000001800011d0 f i Cooking.obj
 0001:00000220       ??1PxFoundation@physx@@MEAA@XZ 0000000180001220 f i Cooking.obj
 0001:00000230       ??4AABBTreeBounds@Gu@physx@@QEAAAEAV012@AEBV012@@Z 0000000180001230 f i Cooking.obj
 0001:00000240       ??4AABBTreeBuildParams@Gu@physx@@QEAAAEAV012@AEBV012@@Z 0000000180001240 f i Cooking.obj
 0001:00000260       ??4NodeAllocator@Gu@physx@@QEAAAEAV012@AEBV012@@Z 0000000180001260 f i Cooking.obj
 0001:00000310       ??_EPxFoundation@physx@@MEAAPEAXI@Z 0000000180001310 f i Cooking.obj
 0001:000003a0       ??_FAABBTreeBuildParams@Gu@physx@@QEAAXXZ 00000001800013a0 f i Cooking.obj
 0001:000003c0       ?allocate@?$PxArray@USlab@NodeAllocator@Gu@physx@@V?$PxReflectionAllocator@USlab@NodeAllocator@Gu@physx@@@4@@physx@@IEAAPEAUSlab@NodeAllocator@Gu@2@IPEAI@Z 00000001800013c0 f i Cooking.obj
 0001:00000450       ?getBounds@AABBTreeBounds@Gu@physx@@QEAAPEAVPxBounds3@3@XZ 0000000180001450 f i Cooking.obj
 0001:00000450       ?getBounds@AABBTreeBounds@Gu@physx@@QEBAPEBVPxBounds3@3@XZ 0000000180001450 f i Cooking.obj
 0001:00000460       ?getNbPrimitives@AABBTreeBuildNode@Gu@physx@@QEBAIXZ 0000000180001460 f i Cooking.obj
 0001:00000460       ?getNbRuntimePrimitives@AABBTreeBuildNode@Gu@physx@@QEBAIXZ 0000000180001460 f i Cooking.obj
 0001:00000470       ?getNeg@AABBTreeBuildNode@Gu@physx@@QEBAPEBV123@XZ 0000000180001470 f i Cooking.obj
 0001:00000490       ?getPos@AABBTreeBuildNode@Gu@physx@@QEBAPEBV123@XZ 0000000180001490 f i Cooking.obj
 0001:000004a0       ?getPrimitives@AABBTreeBuildNode@Gu@physx@@QEAAPEAIPEAI@Z 00000001800014a0 f i Cooking.obj
 0001:000004a0       ?getPrimitives@AABBTreeBuildNode@Gu@physx@@QEBAPEBIPEBI@Z 00000001800014a0 f i Cooking.obj
 0001:000004b0       ?isLeaf@AABBTreeBuildNode@Gu@physx@@QEBA_NXZ 00000001800014b0 f i Cooking.obj
 0001:000004c0       ?moveFrom@AABBTreeBounds@Gu@physx@@QEAAXAEAV123@@Z 00000001800014c0 f i Cooking.obj
 0001:000004d0       ?ownsMemory@AABBTreeBounds@Gu@physx@@QEBA_NXZ 00000001800014d0 f i Cooking.obj
 0001:000004e0       ?recreate@?$PxArray@USlab@NodeAllocator@Gu@physx@@V?$PxReflectionAllocator@USlab@NodeAllocator@Gu@physx@@@4@@physx@@IEAAXI@Z 00000001800014e0 f i Cooking.obj
 0001:000005d0       ?setBounds@AABBTreeBounds@Gu@physx@@QEAAXPEAVPxBounds3@3@@Z 00000001800015d0 f i Cooking.obj
 0001:000005e0       ?setNbRunTimePrimitives@AABBTreeBuildNode@Gu@physx@@QEAAXI@Z 00000001800015e0 f i Cooking.obj
 0001:000005f0       ?takeOwnership@AABBTreeBounds@Gu@physx@@QEAAXXZ 00000001800015f0 f i Cooking.obj
 0001:00000600       PxAssembleDeformableVolumeMesh 0000000180001600 f   Cooking.obj
 0001:00000610       PxComputeCollisionData     0000000180001610 f   Cooking.obj
 0001:00000620       PxComputeHullPolygons      0000000180001620 f   Cooking.obj
 0001:00000630       PxComputeModelsMapping     0000000180001630 f   Cooking.obj
 0001:00000640       PxComputeSimulationData    0000000180001640 f   Cooking.obj
 0001:00000650       PxCookBVH                  0000000180001650 f   Cooking.obj
 0001:00000660       PxCookConvexMesh           0000000180001660 f   Cooking.obj
 0001:00000670       PxCookDeformableVolumeMesh 0000000180001670 f   Cooking.obj
 0001:00000680       PxCookHeightField          0000000180001680 f   Cooking.obj
 0001:00000690       PxCookTetrahedronMesh      0000000180001690 f   Cooking.obj
 0001:000006a0       PxCookTriangleMesh         00000001800016a0 f   Cooking.obj
 0001:000006b0       PxCreateBVH                00000001800016b0 f   Cooking.obj
 0001:000006c0       PxCreateBVHInternal        00000001800016c0 f   Cooking.obj
 0001:00000750       PxCreateConvexMesh         0000000180001750 f   Cooking.obj
 0001:00000760       PxCreateDeformableVolumeMesh 0000000180001760 f   Cooking.obj
 0001:00000770       PxCreateHeightField        0000000180001770 f   Cooking.obj
 0001:00000780       PxCreateTetrahedronMesh    0000000180001780 f   Cooking.obj
 0001:00000790       PxCreateTriangleMesh       0000000180001790 f   Cooking.obj
 0001:000007a0       PxCreateTriangleMeshInternal 00000001800017a0 f   Cooking.obj
 0001:00000830       PxGetStandaloneInsertionCallback 0000000180001830 f   Cooking.obj
 0001:00000840       PxValidateConvexMesh       0000000180001840 f   Cooking.obj
 0001:00000850       PxValidateTriangleMesh     0000000180001850 f   Cooking.obj
 0001:00000860       ?cookingDelayHook@@YAP6A_JXZIPEAUDelayLoadInfo@@@Z 0000000180001860 f   WindowsCookingDelayLoadHook.obj
 0001:00000940       PxSetPhysXCookingDelayLoadHook 0000000180001940 f   WindowsCookingDelayLoadHook.obj
 0001:00000948       getInsertionCallback       0000000180001948 f   PhysXCommon_64:PhysXCommon_64.dll
 0001:0000094e       __tailMerge_physxcommon_64_dll 000000018000194e     PhysXCommon_64:PhysXCommon_64.dll
 0001:000009c7       __imp_load_getInsertionCallback 00000001800019c7 f   PhysXCommon_64:PhysXCommon_64.dll
 0001:000009d3       cookBVH                    00000001800019d3 f   PhysXCommon_64:PhysXCommon_64.dll
 0001:000009d9       __imp_load_cookBVH         00000001800019d9 f   PhysXCommon_64:PhysXCommon_64.dll
 0001:000009e5       createBVH                  00000001800019e5 f   PhysXCommon_64:PhysXCommon_64.dll
 0001:000009eb       __imp_load_createBVH       00000001800019eb f   PhysXCommon_64:PhysXCommon_64.dll
 0001:000009f7       cookHeightField            00000001800019f7 f   PhysXCommon_64:PhysXCommon_64.dll
 0001:000009fd       __imp_load_cookHeightField 00000001800019fd f   PhysXCommon_64:PhysXCommon_64.dll
 0001:00000a09       createHeightField          0000000180001a09 f   PhysXCommon_64:PhysXCommon_64.dll
 0001:00000a0f       __imp_load_createHeightField 0000000180001a0f f   PhysXCommon_64:PhysXCommon_64.dll
 0001:00000a1b       cookConvexMesh             0000000180001a1b f   PhysXCommon_64:PhysXCommon_64.dll
 0001:00000a21       __imp_load_cookConvexMesh  0000000180001a21 f   PhysXCommon_64:PhysXCommon_64.dll
 0001:00000a2d       createConvexMesh           0000000180001a2d f   PhysXCommon_64:PhysXCommon_64.dll
 0001:00000a33       __imp_load_createConvexMesh 0000000180001a33 f   PhysXCommon_64:PhysXCommon_64.dll
 0001:00000a3f       validateConvexMesh         0000000180001a3f f   PhysXCommon_64:PhysXCommon_64.dll
 0001:00000a45       __imp_load_validateConvexMesh 0000000180001a45 f   PhysXCommon_64:PhysXCommon_64.dll
 0001:00000a51       computeHullPolygons        0000000180001a51 f   PhysXCommon_64:PhysXCommon_64.dll
 0001:00000a57       __imp_load_computeHullPolygons 0000000180001a57 f   PhysXCommon_64:PhysXCommon_64.dll
 0001:00000a63       validateTriangleMesh       0000000180001a63 f   PhysXCommon_64:PhysXCommon_64.dll
 0001:00000a69       __imp_load_validateTriangleMesh 0000000180001a69 f   PhysXCommon_64:PhysXCommon_64.dll
 0001:00000a75       createTriangleMesh         0000000180001a75 f   PhysXCommon_64:PhysXCommon_64.dll
 0001:00000a7b       __imp_load_createTriangleMesh 0000000180001a7b f   PhysXCommon_64:PhysXCommon_64.dll
 0001:00000a87       cookTriangleMesh           0000000180001a87 f   PhysXCommon_64:PhysXCommon_64.dll
 0001:00000a8d       __imp_load_cookTriangleMesh 0000000180001a8d f   PhysXCommon_64:PhysXCommon_64.dll
 0001:00000a99       cookTetrahedronMesh        0000000180001a99 f   PhysXCommon_64:PhysXCommon_64.dll
 0001:00000a9f       __imp_load_cookTetrahedronMesh 0000000180001a9f f   PhysXCommon_64:PhysXCommon_64.dll
 0001:00000aab       createTetrahedronMesh      0000000180001aab f   PhysXCommon_64:PhysXCommon_64.dll
 0001:00000ab1       __imp_load_createTetrahedronMesh 0000000180001ab1 f   PhysXCommon_64:PhysXCommon_64.dll
 0001:00000abd       cookDeformableVolumeMesh   0000000180001abd f   PhysXCommon_64:PhysXCommon_64.dll
 0001:00000ac3       __imp_load_cookDeformableVolumeMesh 0000000180001ac3 f   PhysXCommon_64:PhysXCommon_64.dll
 0001:00000acf       createDeformableVolumeMesh 0000000180001acf f   PhysXCommon_64:PhysXCommon_64.dll
 0001:00000ad5       __imp_load_createDeformableVolumeMesh 0000000180001ad5 f   PhysXCommon_64:PhysXCommon_64.dll
 0001:00000ae1       computeModelsMapping       0000000180001ae1 f   PhysXCommon_64:PhysXCommon_64.dll
 0001:00000ae7       __imp_load_computeModelsMapping 0000000180001ae7 f   PhysXCommon_64:PhysXCommon_64.dll
 0001:00000af3       computeCollisionData       0000000180001af3 f   PhysXCommon_64:PhysXCommon_64.dll
 0001:00000af9       __imp_load_computeCollisionData 0000000180001af9 f   PhysXCommon_64:PhysXCommon_64.dll
 0001:00000b05       computeSimulationData      0000000180001b05 f   PhysXCommon_64:PhysXCommon_64.dll
 0001:00000b0b       __imp_load_computeSimulationData 0000000180001b0b f   PhysXCommon_64:PhysXCommon_64.dll
 0001:00000b17       assembleDeformableVolumeMesh 0000000180001b17 f   PhysXCommon_64:PhysXCommon_64.dll
 0001:00000b1d       __imp_load_assembleDeformableVolumeMesh 0000000180001b1d f   PhysXCommon_64:PhysXCommon_64.dll
 0001:00000b29       ?release@AABBTreeBounds@Gu@physx@@QEAAXXZ 0000000180001b29 f   PhysXCommon_64:PhysXCommon_64.dll
 0001:00000b2f       __imp_load_?release@AABBTreeBounds@Gu@physx@@QEAAXXZ 0000000180001b2f f   PhysXCommon_64:PhysXCommon_64.dll
 0001:00000b3b       ??0BVH@Gu@physx@@QEAA@AEBUPxBVHInternalData@2@@Z 0000000180001b3b f   PhysXCommon_64:PhysXCommon_64.dll
 0001:00000b41       __imp_load_??0BVH@Gu@physx@@QEAA@AEBUPxBVHInternalData@2@@Z 0000000180001b41 f   PhysXCommon_64:PhysXCommon_64.dll
 0001:00000b4d       ??0BV4TriangleMesh@Gu@physx@@QEAA@AEBUPxTriangleMeshInternalData@2@@Z 0000000180001b4d f   PhysXCommon_64:PhysXCommon_64.dll
 0001:00000b53       __imp_load_??0BV4TriangleMesh@Gu@physx@@QEAA@AEBUPxTriangleMeshInternalData@2@@Z 0000000180001b53 f   PhysXCommon_64:PhysXCommon_64.dll
 0001:00000b5f       PxGetBroadcastAllocator    0000000180001b5f f   PhysXFoundation_64:PhysXFoundation_64.dll
 0001:00000b65       __tailMerge_physxfoundation_64_dll 0000000180001b65     PhysXFoundation_64:PhysXFoundation_64.dll
 0001:00000bde       __imp_load_PxGetBroadcastAllocator 0000000180001bde f   PhysXFoundation_64:PhysXFoundation_64.dll
 0001:00000bec       ?DloadAcquireSectionWriteAccess@@YAXXZ 0000000180001bec f i Delayimp:delayhlp.obj
 0001:00000c98       ?DloadGetSRWLockFunctionPointers@@YAEXZ 0000000180001c98 f i Delayimp:delayhlp.obj
 0001:00000d38       ?DloadMakePermanentImageCommit@@YAXPEAX_K@Z 0000000180001d38 f i Delayimp:delayhlp.obj
 0001:00000dd0       ?DloadObtainSection@@YAPEAXPEAK0@Z 0000000180001dd0 f i Delayimp:delayhlp.obj
 0001:00000e6c       ?DloadProtectSection@@YAXKPEAK@Z 0000000180001e6c f i Delayimp:delayhlp.obj
 0001:00000efc       ?DloadReleaseSectionWriteAccess@@YAXXZ 0000000180001efc f i Delayimp:delayhlp.obj
 0001:00000f90       __delayLoadHelper2         0000000180001f90 f   Delayimp:delayhlp.obj
 0001:00001268       ??3@YAXPEAX@Z              0000000180002268 f   MSVCRT:delete_scalar.obj
 0001:00001270       ??3@YAXPEAX_K@Z            0000000180002270 f   MSVCRT:delete_scalar_size.obj
 0001:00001270       ??_V@YAXPEAX@Z             0000000180002270 f   MSVCRT:delete_array.obj
 0001:00001278       ??_V@YAXPEAX_K@Z           0000000180002278 f   MSVCRT:delete_array_size.obj
 0001:00001280       ??_Etype_info@@UEAAPEAXI@Z 0000000180002280 f i MSVCRT:std_type_info_static.obj
 0001:00001280       ??_Gtype_info@@UEAAPEAXI@Z 0000000180002280 f i MSVCRT:std_type_info_static.obj
 0001:000012ac       ?__scrt_initialize_type_info@@YAXXZ 00000001800022ac f   MSVCRT:tncleanup.obj
 0001:000012bc       ?__scrt_uninitialize_type_info@@YAXXZ 00000001800022bc f   MSVCRT:tncleanup.obj
 0001:000015d8       _DllMainCRTStartup         00000001800025d8 f   MSVCRT:dll_dllmain.obj
 0001:00001618       __security_init_cookie     0000000180002618 f   MSVCRT:gs_support.obj
 0001:000016c4       DllMain                    00000001800026c4 f   MSVCRT:dll_dllmain_stub.obj
 0001:000016e8       __local_stdio_printf_options 00000001800026e8 f i MSVCRT:default_local_stdio_options.obj
 0001:000016f0       __local_stdio_scanf_options 00000001800026f0 f i MSVCRT:default_local_stdio_options.obj
 0001:000016f8       __scrt_initialize_default_local_stdio_options 00000001800026f8 f   MSVCRT:default_local_stdio_options.obj
 0001:00001714       __scrt_acquire_startup_lock 0000000180002714 f   MSVCRT:utility.obj
 0001:00001750       __scrt_dllmain_after_initialize_c 0000000180002750 f   MSVCRT:utility.obj
 0001:00001784       __scrt_dllmain_before_initialize_c 0000000180002784 f   MSVCRT:utility.obj
 0001:0000179c       __scrt_dllmain_crt_thread_attach 000000018000279c f   MSVCRT:utility.obj
 0001:000017c4       __scrt_dllmain_crt_thread_detach 00000001800027c4 f   MSVCRT:utility.obj
 0001:000017dc       __scrt_dllmain_exception_filter 00000001800027dc f   MSVCRT:utility.obj
 0001:0000183c       __scrt_dllmain_uninitialize_c 000000018000283c f   MSVCRT:utility.obj
 0001:0000186c       __scrt_dllmain_uninitialize_critical 000000018000286c f   MSVCRT:utility.obj
 0001:00001880       __scrt_initialize_crt      0000000180002880 f   MSVCRT:utility.obj
 0001:000018bc       __scrt_initialize_onexit_tables 00000001800028bc f   MSVCRT:utility.obj
 0001:00001948       __scrt_is_nonwritable_in_current_image 0000000180002948 f   MSVCRT:utility.obj
 0001:000019e0       __scrt_release_startup_lock 00000001800029e0 f   MSVCRT:utility.obj
 0001:00001a04       __scrt_uninitialize_crt    0000000180002a04 f   MSVCRT:utility.obj
 0001:00001a30       __scrt_get_dyn_tls_init_callback 0000000180002a30 f   MSVCRT:dyn_tls_init.obj
 0001:00001a38       __crt_debugger_hook        0000000180002a38 f   MSVCRT:utility_desktop.obj
 0001:00001a40       __scrt_fastfail            0000000180002a40 f   MSVCRT:utility_desktop.obj
 0001:00001b88       _RTC_Initialize            0000000180002b88 f   MSVCRT:initsect.obj
 0001:00001bc4       _RTC_Terminate             0000000180002bc4 f   MSVCRT:initsect.obj
 0001:00001c00       __isa_available_init       0000000180002c00 f   MSVCRT:cpu_disp.obj
 0001:00001ecc       _get_startup_argv_mode     0000000180002ecc f   MSVCRT:argv_mode.obj
 0001:00001ed4       __scrt_is_ucrt_dll_in_use  0000000180002ed4 f   MSVCRT:ucrt_detection.obj
 0001:00001ee0       _purecall                  0000000180002ee0 f   vcruntime:VCRUNTIME140.dll
 0001:00001ee6       __std_type_info_name       0000000180002ee6 f   vcruntime:VCRUNTIME140.dll
 0001:00001eec       strstr                     0000000180002eec f   vcruntime:VCRUNTIME140.dll
 0001:00001ef2       __std_type_info_destroy_list 0000000180002ef2 f   vcruntime:VCRUNTIME140.dll
 0001:00001ef8       __C_specific_handler       0000000180002ef8 f   vcruntime:VCRUNTIME140.dll
 0001:00001efe       memset                     0000000180002efe f   vcruntime:VCRUNTIME140.dll
 0001:00001f04       memcpy                     0000000180002f04 f   vcruntime:VCRUNTIME140.dll
 0001:00001f0a       free                       0000000180002f0a f   ucrt:api-ms-win-crt-heap-l1-1-0.dll
 0001:00001f10       _initterm                  0000000180002f10 f   ucrt:api-ms-win-crt-runtime-l1-1-0.dll
 0001:00001f16       _initterm_e                0000000180002f16 f   ucrt:api-ms-win-crt-runtime-l1-1-0.dll
 0001:00001f1c       _seh_filter_dll            0000000180002f1c f   ucrt:api-ms-win-crt-runtime-l1-1-0.dll
 0001:00001f22       _configure_narrow_argv     0000000180002f22 f   ucrt:api-ms-win-crt-runtime-l1-1-0.dll
 0001:00001f28       _initialize_narrow_environment 0000000180002f28 f   ucrt:api-ms-win-crt-runtime-l1-1-0.dll
 0001:00001f2e       _initialize_onexit_table   0000000180002f2e f   ucrt:api-ms-win-crt-runtime-l1-1-0.dll
 0001:00001f34       _execute_onexit_table      0000000180002f34 f   ucrt:api-ms-win-crt-runtime-l1-1-0.dll
 0001:00001f3a       _cexit                     0000000180002f3a f   ucrt:api-ms-win-crt-runtime-l1-1-0.dll
 0001:00001f40       __acrt_initialize          0000000180002f40 f   MSVCRT:ucrt_stubs.obj
 0001:00001f40       __acrt_thread_attach       0000000180002f40 f   MSVCRT:ucrt_stubs.obj
 0001:00001f40       __acrt_thread_detach       0000000180002f40 f   MSVCRT:ucrt_stubs.obj
 0001:00001f40       __acrt_uninitialize        0000000180002f40 f   MSVCRT:ucrt_stubs.obj
 0001:00001f40       __acrt_uninitialize_critical 0000000180002f40 f   MSVCRT:ucrt_stubs.obj
 0001:00001f40       __scrt_stub_for_acrt_initialize 0000000180002f40 f   MSVCRT:ucrt_stubs.obj
 0001:00001f40       __scrt_stub_for_acrt_thread_attach 0000000180002f40 f   MSVCRT:ucrt_stubs.obj
 0001:00001f40       __scrt_stub_for_acrt_thread_detach 0000000180002f40 f   MSVCRT:ucrt_stubs.obj
 0001:00001f40       __scrt_stub_for_acrt_uninitialize 0000000180002f40 f   MSVCRT:ucrt_stubs.obj
 0001:00001f40       __scrt_stub_for_acrt_uninitialize_critical 0000000180002f40 f   MSVCRT:ucrt_stubs.obj
 0001:00001f40       __vcrt_initialize          0000000180002f40 f   MSVCRT:ucrt_stubs.obj
 0001:00001f40       __vcrt_thread_attach       0000000180002f40 f   MSVCRT:ucrt_stubs.obj
 0001:00001f40       __vcrt_thread_detach       0000000180002f40 f   MSVCRT:ucrt_stubs.obj
 0001:00001f40       __vcrt_uninitialize        0000000180002f40 f   MSVCRT:ucrt_stubs.obj
 0001:00001f40       __vcrt_uninitialize_critical 0000000180002f40 f   MSVCRT:ucrt_stubs.obj
 0001:00001f44       __scrt_stub_for_is_c_termination_complete 0000000180002f44 f   MSVCRT:ucrt_stubs.obj
 0001:00001f44       _is_c_termination_complete 0000000180002f44 f   MSVCRT:ucrt_stubs.obj
 0001:00001f60       _guard_dispatch_icall_nop  0000000180002f60 f   MSVCRT:guard_dispatch.obj
 0001:00001f80       _guard_xfg_dispatch_icall_nop 0000000180002f80 f   MSVCRT:guard_xfg_dispatch.obj
 0002:00000000       __imp_LoadLibraryA         0000000180004000     kernel32:KERNEL32.dll
 0002:00000008       __imp_SetUnhandledExceptionFilter 0000000180004008     kernel32:KERNEL32.dll
 0002:00000010       __imp_UnhandledExceptionFilter 0000000180004010     kernel32:KERNEL32.dll
 0002:00000018       __imp_IsDebuggerPresent    0000000180004018     kernel32:KERNEL32.dll
 0002:00000020       __imp_RtlVirtualUnwind     0000000180004020     kernel32:KERNEL32.dll
 0002:00000028       __imp_RtlLookupFunctionEntry 0000000180004028     kernel32:KERNEL32.dll
 0002:00000030       __imp_RtlCaptureContext    0000000180004030     kernel32:KERNEL32.dll
 0002:00000038       __imp_DisableThreadLibraryCalls 0000000180004038     kernel32:KERNEL32.dll
 0002:00000040       __imp_GetSystemTimeAsFileTime 0000000180004040     kernel32:KERNEL32.dll
 0002:00000048       __imp_GetCurrentThreadId   0000000180004048     kernel32:KERNEL32.dll
 0002:00000050       __imp_GetCurrentProcessId  0000000180004050     kernel32:KERNEL32.dll
 0002:00000058       __imp_QueryPerformanceCounter 0000000180004058     kernel32:KERNEL32.dll
 0002:00000060       __imp_InitializeSListHead  0000000180004060     kernel32:KERNEL32.dll
 0002:00000068       __imp_LoadLibraryExA       0000000180004068     kernel32:KERNEL32.dll
 0002:00000070       __imp_GetProcAddress       0000000180004070     kernel32:KERNEL32.dll
 0002:00000078       __imp_GetModuleHandleW     0000000180004078     kernel32:KERNEL32.dll
 0002:00000080       __imp_FreeLibrary          0000000180004080     kernel32:KERNEL32.dll
 0002:00000088       __imp_VirtualQuery         0000000180004088     kernel32:KERNEL32.dll
 0002:00000090       __imp_VirtualProtect       0000000180004090     kernel32:KERNEL32.dll
 0002:00000098       __imp_GetSystemInfo        0000000180004098     kernel32:KERNEL32.dll
 0002:000000a0       __imp_GetLastError         00000001800040a0     kernel32:KERNEL32.dll
 0002:000000a8       __imp_RaiseException       00000001800040a8     kernel32:KERNEL32.dll
 0002:000000b0       __imp_IsProcessorFeaturePresent 00000001800040b0     kernel32:KERNEL32.dll
 0002:000000b8       \177KERNEL32_NULL_THUNK_DATA 00000001800040b8     kernel32:KERNEL32.dll
 0002:000000c0       __imp___C_specific_handler 00000001800040c0     vcruntime:VCRUNTIME140.dll
 0002:000000c8       __imp__purecall            00000001800040c8     vcruntime:VCRUNTIME140.dll
 0002:000000d0       __imp___std_type_info_name 00000001800040d0     vcruntime:VCRUNTIME140.dll
 0002:000000d8       __imp_strstr               00000001800040d8     vcruntime:VCRUNTIME140.dll
 0002:000000e0       __imp___std_type_info_destroy_list 00000001800040e0     vcruntime:VCRUNTIME140.dll
 0002:000000e8       __imp_memset               00000001800040e8     vcruntime:VCRUNTIME140.dll
 0002:000000f0       __imp_memcpy               00000001800040f0     vcruntime:VCRUNTIME140.dll
 0002:000000f8       \177VCRUNTIME140_NULL_THUNK_DATA 00000001800040f8     vcruntime:VCRUNTIME140.dll
 0002:00000100       __imp_free                 0000000180004100     ucrt:api-ms-win-crt-heap-l1-1-0.dll
 0002:00000108       \177api-ms-win-crt-heap-l1-1-0_NULL_THUNK_DATA 0000000180004108     ucrt:api-ms-win-crt-heap-l1-1-0.dll
 0002:00000110       __imp__initterm            0000000180004110     ucrt:api-ms-win-crt-runtime-l1-1-0.dll
 0002:00000118       __imp__initterm_e          0000000180004118     ucrt:api-ms-win-crt-runtime-l1-1-0.dll
 0002:00000120       __imp__seh_filter_dll      0000000180004120     ucrt:api-ms-win-crt-runtime-l1-1-0.dll
 0002:00000128       __imp__configure_narrow_argv 0000000180004128     ucrt:api-ms-win-crt-runtime-l1-1-0.dll
 0002:00000130       __imp__initialize_narrow_environment 0000000180004130     ucrt:api-ms-win-crt-runtime-l1-1-0.dll
 0002:00000138       __imp__initialize_onexit_table 0000000180004138     ucrt:api-ms-win-crt-runtime-l1-1-0.dll
 0002:00000140       __imp__execute_onexit_table 0000000180004140     ucrt:api-ms-win-crt-runtime-l1-1-0.dll
 0002:00000148       __imp__cexit               0000000180004148     ucrt:api-ms-win-crt-runtime-l1-1-0.dll
 0002:00000150       \177api-ms-win-crt-runtime-l1-1-0_NULL_THUNK_DATA 0000000180004150     ucrt:api-ms-win-crt-runtime-l1-1-0.dll
 0002:00000158       __guard_check_icall_fptr   0000000180004158     MSVCRT:guard_support.obj
 0002:00000160       __guard_xfg_check_icall_fptr 0000000180004160     MSVCRT:guard_support.obj
 0002:00000168       __guard_dispatch_icall_fptr 0000000180004168     MSVCRT:guard_support.obj
 0002:00000170       __guard_xfg_dispatch_icall_fptr 0000000180004170     MSVCRT:guard_support.obj
 0002:00000178       __guard_xfg_table_dispatch_icall_fptr 0000000180004178     MSVCRT:guard_support.obj
 0002:00000180       __castguard_check_failure_os_handled_fptr 0000000180004180     MSVCRT:guard_support.obj
 0002:00000188       __guard_memcpy_fptr        0000000180004188     vcruntime:softmemtag.obj
 0002:00000190       __xc_a                     0000000180004190     MSVCRT:initializers.obj
 0002:000001c8       __xc_z                     00000001800041c8     MSVCRT:initializers.obj
 0002:000001d0       __xi_a                     00000001800041d0     MSVCRT:initializers.obj
 0002:000001d8       __xi_z                     00000001800041d8     MSVCRT:initializers.obj
 0002:000001e0       __xp_a                     00000001800041e0     MSVCRT:initializers.obj
 0002:000001e8       __xp_z                     00000001800041e8     MSVCRT:initializers.obj
 0002:000001f0       __xt_a                     00000001800041f0     MSVCRT:initializers.obj
 0002:000001f8       __xt_z                     00000001800041f8     MSVCRT:initializers.obj
 0002:00000220       ??_7PxFoundation@physx@@6B@ 0000000180004220     Cooking.obj
 0002:00000290       ??_C@_0DD@EEKCMDMP@T?3?2PhysX?2physx?2source?2physxcook@ 0000000180004290     Cooking.obj
 0002:000002c8       ??_C@_0CM@GFDNPGDN@T?3?2PhysX?2physx?2include?2foundati@ 00000001800042c8     Cooking.obj
 0002:000002f8       ??_C@_0BM@OIFKLHDN@?$DMallocation?5names?5disabled?$DO@ 00000001800042f8     Cooking.obj
 0002:00000320       __xmm@000000003a83126f3a83126f3a83126f 0000000180004320     Cooking.obj
 0002:00000330       __xmm@00000000ba83126fba83126fba83126f 0000000180004330     Cooking.obj
 0002:00000340       __xmm@3a83126f3a83126f3a83126f3a83126f 0000000180004340     Cooking.obj
 0002:00000350       __xmm@ba83126fba83126fba83126fba83126f 0000000180004350     Cooking.obj
 0002:00000360       ??_C@_0BA@EGLNOO@PhysXFoundation@ 0000000180004360     WindowsCookingDelayLoadHook.obj
 0002:00000370       ??_C@_0M@ILKNCJKN@PhysXCommon@ 0000000180004370     WindowsCookingDelayLoadHook.obj
 0002:00000380       __sz_PhysXCommon_64_dll    0000000180004380     PhysXCommon_64:PhysXCommon_64.dll
 0002:000003a0       __sz_PhysXFoundation_64_dll 00000001800043a0     PhysXFoundation_64:PhysXFoundation_64.dll
 0002:000003b8       ??_C@_1BK@DBDEIDLH@?$AAK?$AAE?$AAR?$AAN?$AAE?$AAL?$AA3?$AA2?$AA?4?$AAD?$AAL?$AAL@ 00000001800043b8     Delayimp:delayhlp.obj
 0002:000003d8       ??_C@_0BI@OMNLIJDB@AcquireSRWLockExclusive@ 00000001800043d8     Delayimp:delayhlp.obj
 0002:000003f0       ??_C@_0BI@HMIEPCNJ@ReleaseSRWLockExclusive@ 00000001800043f0     Delayimp:delayhlp.obj
 0002:00000408       __pfnDliFailureHook2       0000000180004408     Delayimp:delayhk1.obj
 0002:00000418       ??_7type_info@@6B@         0000000180004418     MSVCRT:std_type_info_static.obj
 0002:00000420       _pDefaultRawDllMain        0000000180004420     MSVCRT:dll_dllmain.obj
 0002:00000420       _pRawDllMain               0000000180004420     MSVCRT:dll_dllmain.obj
 0002:00000430       _load_config_used          0000000180004430     MSVCRT:loadcfg.obj
 0002:00000570       __xmm@ffffffffffffffffffffffffffffffff 0000000180004570     MSVCRT:utility.obj
 0002:00000600       ??_R4type_info@@6B@        0000000180004600     MSVCRT:std_type_info_static.obj
 0002:00000628       ??_R3type_info@@8          0000000180004628     MSVCRT:std_type_info_static.obj
 0002:00000640       ??_R2type_info@@8          0000000180004640     MSVCRT:std_type_info_static.obj
 0002:00000650       ??_R1A@?0A@EA@type_info@@8 0000000180004650     MSVCRT:std_type_info_static.obj
 0002:00000674       __volatile_metadata        0000000180004674     <linker-defined>
 0002:00000aa0       __rtc_iaa                  0000000180004aa0     MSVCRT:initsect.obj
 0002:00000aa8       __rtc_izz                  0000000180004aa8     MSVCRT:initsect.obj
 0002:00000ab0       __rtc_taa                  0000000180004ab0     MSVCRT:initsect.obj
 0002:00000ab8       __rtc_tzz                  0000000180004ab8     MSVCRT:initsect.obj
 0002:00000da0       __DELAY_IMPORT_DESCRIPTOR_physxcommon_64_dll 0000000180004da0     PhysXCommon_64:PhysXCommon_64.dll
 0002:00000dc0       __DELAY_IMPORT_DESCRIPTOR_physxfoundation_64_dll 0000000180004dc0     PhysXFoundation_64:PhysXFoundation_64.dll
 0002:00000de0       __NULL_DELAY_IMPORT_DESCRIPTOR 0000000180004de0     PhysXCommon_64:PhysXCommon_64.dll
 0002:00000eb8       \177PhysXCommon_64_NULL_THUNK_DATA_DLN 0000000180004eb8     PhysXCommon_64:PhysXCommon_64.dll
 0002:00000ec8       \177PhysXFoundation_64_NULL_THUNK_DATA_DLN 0000000180004ec8     PhysXFoundation_64:PhysXFoundation_64.dll
 0002:00001158       \177PhysXCommon_64_NULL_THUNK_DATA_DLB 0000000180005158     PhysXCommon_64:PhysXCommon_64.dll
 0002:00001218       \177PhysXFoundation_64_NULL_THUNK_DATA_DLB 0000000180005218     PhysXFoundation_64:PhysXFoundation_64.dll
 0002:00001e38       __IMPORT_DESCRIPTOR_KERNEL32 0000000180005e38     kernel32:KERNEL32.dll
 0002:00001e4c       __IMPORT_DESCRIPTOR_VCRUNTIME140 0000000180005e4c     vcruntime:VCRUNTIME140.dll
 0002:00001e60       __IMPORT_DESCRIPTOR_api-ms-win-crt-heap-l1-1-0 0000000180005e60     ucrt:api-ms-win-crt-heap-l1-1-0.dll
 0002:00001e74       __IMPORT_DESCRIPTOR_api-ms-win-crt-runtime-l1-1-0 0000000180005e74     ucrt:api-ms-win-crt-runtime-l1-1-0.dll
 0002:00001e88       __NULL_IMPORT_DESCRIPTOR   0000000180005e88     kernel32:KERNEL32.dll
 0003:00000000       __pfnDliNotifyHook2        0000000180007000     WindowsCookingDelayLoadHook.obj
 0003:00000008       _fltused                   0000000180007008     MSVCRT:fltused.obj
 0003:0000000c       __scrt_native_dllmain_reason 000000018000700c     MSVCRT:utility.obj
 0003:00000040       __security_cookie          0000000180007040     MSVCRT:gs_cookie.obj
 0003:00000080       __security_cookie_complement 0000000180007080     MSVCRT:gs_cookie.obj
 0003:00000090       __isa_inverted             0000000180007090     MSVCRT:cpu_disp.obj
 0003:00000098       __isa_available            0000000180007098     MSVCRT:cpu_disp.obj
 0003:0000009c       __isa_enabled              000000018000709c     MSVCRT:cpu_disp.obj
 0003:000000a0       __memset_fast_string_threshold 00000001800070a0     MSVCRT:cpu_disp.obj
 0003:000000a8       __memset_nt_threshold      00000001800070a8     MSVCRT:cpu_disp.obj
 0003:000000b0       __scrt_ucrt_dll_is_in_use  00000001800070b0     MSVCRT:ucrt_stubs.obj
 0003:000000b8       ??_R0?AVBVH@Gu@physx@@@8   00000001800070b8     Cooking.obj
 0003:000000e0       ??_R0?AVBV4TriangleMesh@Gu@physx@@@8 00000001800070e0     Cooking.obj
 0003:00000110       ??_R0?AUSlab@NodeAllocator@Gu@physx@@@8 0000000180007110     Cooking.obj
 0003:00000148       ??_R0?AVtype_info@@@8      0000000180007148     MSVCRT:std_type_info_static.obj
 0003:00000168       __imp_getInsertionCallback 0000000180007168     PhysXCommon_64:PhysXCommon_64.dll
 0003:00000170       __imp_??0BV4TriangleMesh@Gu@physx@@QEAA@AEBUPxTriangleMeshInternalData@2@@Z 0000000180007170     PhysXCommon_64:PhysXCommon_64.dll
 0003:00000178       __imp_cookBVH              0000000180007178     PhysXCommon_64:PhysXCommon_64.dll
 0003:00000180       __imp_createBVH            0000000180007180     PhysXCommon_64:PhysXCommon_64.dll
 0003:00000188       __imp_cookHeightField      0000000180007188     PhysXCommon_64:PhysXCommon_64.dll
 0003:00000190       __imp_createHeightField    0000000180007190     PhysXCommon_64:PhysXCommon_64.dll
 0003:00000198       __imp_cookConvexMesh       0000000180007198     PhysXCommon_64:PhysXCommon_64.dll
 0003:000001a0       __imp_createConvexMesh     00000001800071a0     PhysXCommon_64:PhysXCommon_64.dll
 0003:000001a8       __imp_validateConvexMesh   00000001800071a8     PhysXCommon_64:PhysXCommon_64.dll
 0003:000001b0       __imp_computeHullPolygons  00000001800071b0     PhysXCommon_64:PhysXCommon_64.dll
 0003:000001b8       __imp_validateTriangleMesh 00000001800071b8     PhysXCommon_64:PhysXCommon_64.dll
 0003:000001c0       __imp_createTriangleMesh   00000001800071c0     PhysXCommon_64:PhysXCommon_64.dll
 0003:000001c8       __imp_cookTriangleMesh     00000001800071c8     PhysXCommon_64:PhysXCommon_64.dll
 0003:000001d0       __imp_cookTetrahedronMesh  00000001800071d0     PhysXCommon_64:PhysXCommon_64.dll
 0003:000001d8       __imp_createTetrahedronMesh 00000001800071d8     PhysXCommon_64:PhysXCommon_64.dll
 0003:000001e0       __imp_cookDeformableVolumeMesh 00000001800071e0     PhysXCommon_64:PhysXCommon_64.dll
 0003:000001e8       __imp_createDeformableVolumeMesh 00000001800071e8     PhysXCommon_64:PhysXCommon_64.dll
 0003:000001f0       __imp_computeModelsMapping 00000001800071f0     PhysXCommon_64:PhysXCommon_64.dll
 0003:000001f8       __imp_computeCollisionData 00000001800071f8     PhysXCommon_64:PhysXCommon_64.dll
 0003:00000200       __imp_computeSimulationData 0000000180007200     PhysXCommon_64:PhysXCommon_64.dll
 0003:00000208       __imp_assembleDeformableVolumeMesh 0000000180007208     PhysXCommon_64:PhysXCommon_64.dll
 0003:00000210       __imp_?release@AABBTreeBounds@Gu@physx@@QEAAXXZ 0000000180007210     PhysXCommon_64:PhysXCommon_64.dll
 0003:00000218       __imp_??0BVH@Gu@physx@@QEAA@AEBUPxBVHInternalData@2@@Z 0000000180007218     PhysXCommon_64:PhysXCommon_64.dll
 0003:00000220       \177PhysXCommon_64_NULL_THUNK_DATA_DLA 0000000180007220     PhysXCommon_64:PhysXCommon_64.dll
 0003:00000228       __imp_PxGetBroadcastAllocator 0000000180007228     PhysXFoundation_64:PhysXFoundation_64.dll
 0003:00000230       \177PhysXFoundation_64_NULL_THUNK_DATA_DLA 0000000180007230     PhysXFoundation_64:PhysXFoundation_64.dll
 0003:000002a8       __hmod__PhysXCommon_64_dll 00000001800072a8     PhysXCommon_64:PhysXCommon_64.dll
 0003:000002b0       __hmod__PhysXFoundation_64_dll 00000001800072b0     PhysXFoundation_64:PhysXFoundation_64.dll
 0003:000002b8       ?DloadKernel32@@3PEAUHINSTANCE__@@EA 00000001800072b8     Delayimp:delayhlp.obj
 0003:000002c0       ?DloadAcquireSRWLockExclusive@@3P6AXPEA_K@ZEA 00000001800072c0     Delayimp:delayhlp.obj
 0003:000002c8       ?DloadReleaseSRWLockExclusive@@3P6AXPEA_K@ZEA 00000001800072c8     Delayimp:delayhlp.obj
 0003:000002d0       ?DloadSrwLock@@3_KA        00000001800072d0     Delayimp:delayhlp.obj
 0003:000002d8       ?DloadSectionLockCount@@3KA 00000001800072d8     Delayimp:delayhlp.obj
 0003:000002dc       ?DloadSectionOldProtection@@3KA 00000001800072dc     Delayimp:delayhlp.obj
 0003:000002e0       ?DloadSectionCommitPermanent@@3KA 00000001800072e0     Delayimp:delayhlp.obj
 0003:000002f0       ?__type_info_root_node@@3U__type_info_node@@A 00000001800072f0     MSVCRT:tncleanup.obj
 0003:00000308       ?_OptionsStorage@?1??__local_stdio_printf_options@@9@4_KA 0000000180007308     MSVCRT:default_local_stdio_options.obj
 0003:00000310       ?_OptionsStorage@?1??__local_stdio_scanf_options@@9@4_KA 0000000180007310     MSVCRT:default_local_stdio_options.obj
 0003:00000318       __scrt_current_native_startup_state 0000000180007318     MSVCRT:utility.obj
 0003:00000320       __scrt_native_startup_lock 0000000180007320     MSVCRT:utility.obj
 0003:00000360       __scrt_debugger_hook_flag  0000000180007360     MSVCRT:utility_desktop.obj
 0003:00000364       __avx10_version            0000000180007364     MSVCRT:cpu_disp.obj
 0003:00000368       __favor                    0000000180007368     MSVCRT:cpu_disp.obj
 0003:00000370       __dyn_tls_init_callback    0000000180007370     <common>

 entry point at        0001:000015d8

 Static symbols

 0000:ffff5000       .debug$S                   0000000180000000     PhysXCooking_64.exp
 0000:ffff5000       .debug$S                   0000000180000000     ucrt:api-ms-win-crt-heap-l1-1-0.dll
 0000:ffff5000       .debug$S                   0000000180000000     ucrt:api-ms-win-crt-runtime-l1-1-0.dll
 0000:ffff5000       .debug$S                   0000000180000000     ucrt:api-ms-win-crt-runtime-l1-1-0.dll
 0000:ffff5000       .debug$S                   0000000180000000     ucrt:api-ms-win-crt-runtime-l1-1-0.dll
 0000:ffff5000       .debug$S                   0000000180000000     ucrt:api-ms-win-crt-runtime-l1-1-0.dll
 0000:ffff5000       .debug$S                   0000000180000000     ucrt:api-ms-win-crt-runtime-l1-1-0.dll
 0000:ffff5000       .debug$S                   0000000180000000     ucrt:api-ms-win-crt-runtime-l1-1-0.dll
 0000:ffff5000       .debug$S                   0000000180000000     ucrt:api-ms-win-crt-runtime-l1-1-0.dll
 0000:ffff5000       .debug$S                   0000000180000000     ucrt:api-ms-win-crt-runtime-l1-1-0.dll
 0000:ffff5000       .debug$S                   0000000180000000     ucrt:api-ms-win-crt-runtime-l1-1-0.dll
 0000:ffff5000       .debug$S                   0000000180000000     ucrt:api-ms-win-crt-runtime-l1-1-0.dll
 0000:ffff5000       .debug$S                   0000000180000000     ucrt:api-ms-win-crt-runtime-l1-1-0.dll
 0000:ffff5000       .debug$S                   0000000180000000     ucrt:api-ms-win-crt-runtime-l1-1-0.dll
 0000:ffff5000       .debug$S                   0000000180000000     kernel32:KERNEL32.dll
 0000:ffff5000       .debug$S                   0000000180000000     kernel32:KERNEL32.dll
 0000:ffff5000       .debug$S                   0000000180000000     kernel32:KERNEL32.dll
 0000:ffff5000       .debug$S                   0000000180000000     kernel32:KERNEL32.dll
 0000:ffff5000       .debug$S                   0000000180000000     kernel32:KERNEL32.dll
 0000:ffff5000       .debug$S                   0000000180000000     kernel32:KERNEL32.dll
 0000:ffff5000       .debug$S                   0000000180000000     kernel32:KERNEL32.dll
 0000:ffff5000       .debug$S                   0000000180000000     kernel32:KERNEL32.dll
 0000:ffff5000       .debug$S                   0000000180000000     kernel32:KERNEL32.dll
 0000:ffff5000       .debug$S                   0000000180000000     kernel32:KERNEL32.dll
 0000:ffff5000       .debug$S                   0000000180000000     kernel32:KERNEL32.dll
 0000:ffff5000       .debug$S                   0000000180000000     kernel32:KERNEL32.dll
 0000:ffff5000       .debug$S                   0000000180000000     kernel32:KERNEL32.dll
 0000:ffff5000       .debug$S                   0000000180000000     kernel32:KERNEL32.dll
 0000:ffff5000       .debug$S                   0000000180000000     kernel32:KERNEL32.dll
 0000:ffff5000       .debug$S                   0000000180000000     kernel32:KERNEL32.dll
 0000:ffff5000       .debug$S                   0000000180000000     kernel32:KERNEL32.dll
 0000:ffff5000       .debug$S                   0000000180000000     kernel32:KERNEL32.dll
 0000:ffff5000       .debug$S                   0000000180000000     kernel32:KERNEL32.dll
 0000:ffff5000       .debug$S                   0000000180000000     kernel32:KERNEL32.dll
 0000:ffff5000       .debug$S                   0000000180000000     kernel32:KERNEL32.dll
 0000:ffff5000       .debug$S                   0000000180000000     kernel32:KERNEL32.dll
 0000:ffff5000       .debug$S                   0000000180000000     kernel32:KERNEL32.dll
 0000:ffff5000       .debug$S                   0000000180000000     kernel32:KERNEL32.dll
 0000:ffff5000       .debug$S                   0000000180000000     vcruntime:VCRUNTIME140.dll
 0000:ffff5000       .debug$S                   0000000180000000     vcruntime:VCRUNTIME140.dll
 0000:ffff5000       .debug$S                   0000000180000000     vcruntime:VCRUNTIME140.dll
 0000:ffff5000       .debug$S                   0000000180000000     vcruntime:VCRUNTIME140.dll
 0000:ffff5000       .debug$S                   0000000180000000     vcruntime:VCRUNTIME140.dll
 0000:ffff5000       .debug$S                   0000000180000000     vcruntime:VCRUNTIME140.dll
 0000:ffff5000       .debug$S                   0000000180000000     vcruntime:VCRUNTIME140.dll
 0000:ffff5000       .debug$S                   0000000180000000     vcruntime:VCRUNTIME140.dll
 0000:ffff5000       .debug$S                   0000000180000000     vcruntime:VCRUNTIME140.dll
 0000:ffff5000       .debug$S                   0000000180000000     PhysXCommon_64:PhysXCommon_64.dll
 0000:ffff5000       .debug$S                   0000000180000000     PhysXCommon_64:PhysXCommon_64.dll
 0000:ffff5000       .debug$S                   0000000180000000     PhysXCommon_64:PhysXCommon_64.dll
 0000:ffff5000       .debug$S                   0000000180000000     PhysXCommon_64:PhysXCommon_64.dll
 0000:ffff5000       .debug$S                   0000000180000000     PhysXCommon_64:PhysXCommon_64.dll
 0000:ffff5000       .debug$S                   0000000180000000     PhysXCommon_64:PhysXCommon_64.dll
 0000:ffff5000       .debug$S                   0000000180000000     PhysXCommon_64:PhysXCommon_64.dll
 0000:ffff5000       .debug$S                   0000000180000000     PhysXCommon_64:PhysXCommon_64.dll
 0000:ffff5000       .debug$S                   0000000180000000     PhysXCommon_64:PhysXCommon_64.dll
 0000:ffff5000       .debug$S                   0000000180000000     PhysXCommon_64:PhysXCommon_64.dll
 0000:ffff5000       .debug$S                   0000000180000000     PhysXCommon_64:PhysXCommon_64.dll
 0000:ffff5000       .debug$S                   0000000180000000     PhysXCommon_64:PhysXCommon_64.dll
 0000:ffff5000       .debug$S                   0000000180000000     PhysXCommon_64:PhysXCommon_64.dll
 0000:ffff5000       .debug$S                   0000000180000000     PhysXCommon_64:PhysXCommon_64.dll
 0000:ffff5000       .debug$S                   0000000180000000     PhysXCommon_64:PhysXCommon_64.dll
 0000:ffff5000       .debug$S                   0000000180000000     PhysXCommon_64:PhysXCommon_64.dll
 0000:ffff5000       .debug$S                   0000000180000000     PhysXCommon_64:PhysXCommon_64.dll
 0000:ffff5000       .debug$S                   0000000180000000     PhysXCommon_64:PhysXCommon_64.dll
 0000:ffff5000       .debug$S                   0000000180000000     PhysXCommon_64:PhysXCommon_64.dll
 0000:ffff5000       .debug$S                   0000000180000000     PhysXCommon_64:PhysXCommon_64.dll
 0000:ffff5000       .debug$S                   0000000180000000     PhysXCommon_64:PhysXCommon_64.dll
 0000:ffff5000       .debug$S                   0000000180000000     PhysXCommon_64:PhysXCommon_64.dll
 0000:ffff5000       .debug$S                   0000000180000000     PhysXCommon_64:PhysXCommon_64.dll
 0000:ffff5000       .debug$S                   0000000180000000     PhysXFoundation_64:PhysXFoundation_64.dll
 0001:00000000       ??__EmaxFError@vecMathTests@aos@physx@@YAXXZ 0000000180001000 f   Cooking.obj
 0001:00000010       ??__EmaxV3Error@vecMathTests@aos@physx@@YAXXZ 0000000180001010 f   Cooking.obj
 0001:00000020       ??__EmaxV4Error@vecMathTests@aos@physx@@YAXXZ 0000000180001020 f   Cooking.obj
 0001:00000030       ??__EminFError@vecMathTests@aos@physx@@YAXXZ 0000000180001030 f   Cooking.obj
 0001:00000040       ??__EminV3Error@vecMathTests@aos@physx@@YAXXZ 0000000180001040 f   Cooking.obj
 0001:00000050       ??__EminV4Error@vecMathTests@aos@physx@@YAXXZ 0000000180001050 f   Cooking.obj
 0001:00000920       $LN24                      0000000180001920     WindowsCookingDelayLoadHook.obj
 0001:000012c8       ?dllmain_crt_dispatch@@YAHQEAUHINSTANCE__@@KQEAX@Z 00000001800022c8 f   MSVCRT:dll_dllmain.obj
 0001:00001318       ?dllmain_crt_process_attach@@YAHQEAUHINSTANCE__@@QEAX@Z 0000000180002318 f   MSVCRT:dll_dllmain.obj
 0001:00001430       ?dllmain_crt_process_detach@@YAH_N@Z 0000000180002430 f   MSVCRT:dll_dllmain.obj
 0001:000014b0       ?dllmain_dispatch@@YAHQEAUHINSTANCE__@@KQEAX@Z 00000001800024b0 f   MSVCRT:dll_dllmain.obj
 0001:00001f50       $$000000                   0000000180002f50     MSVCRT:guard_dispatch.obj
 0001:00001f70       $$000000                   0000000180002f70     MSVCRT:guard_xfg_dispatch.obj
 0001:00001f86       ?fin$0@?0??dllmain_crt_process_attach@@YAHQEAUHINSTANCE__@@QEAX@Z@4HA 0000000180002f86 f   MSVCRT:dll_dllmain.obj
 0001:00001f9d       ?fin$0@?0??dllmain_crt_process_detach@@YAH_N@Z@4HA 0000000180002f9d f   MSVCRT:dll_dllmain.obj
 0001:00001fb6       ?fin$1@?0??dllmain_crt_process_detach@@YAH_N@Z@4HA 0000000180002fb6 f   MSVCRT:dll_dllmain.obj
 0001:00001fca       ?filt$0@?0??dllmain_dispatch@@YAHQEAUHINSTANCE__@@KQEAX@Z@4HA 0000000180002fca f   MSVCRT:dll_dllmain.obj
 0001:00002000       __scrt_is_nonwritable_in_current_image$filt$0 0000000180003000 f   MSVCRT:utility.obj
 0002:00000198       ?minFError$initializer$@vecMathTests@aos@physx@@3P6AXXZEA 0000000180004198     Cooking.obj
 0002:000001a0       ?maxFError$initializer$@vecMathTests@aos@physx@@3P6AXXZEA 00000001800041a0     Cooking.obj
 0002:000001a8       ?minV3Error$initializer$@vecMathTests@aos@physx@@3P6AXXZEA 00000001800041a8     Cooking.obj
 0002:000001b0       ?maxV3Error$initializer$@vecMathTests@aos@physx@@3P6AXXZEA 00000001800041b0     Cooking.obj
 0002:000001b8       ?minV4Error$initializer$@vecMathTests@aos@physx@@3P6AXXZEA 00000001800041b8     Cooking.obj
 0002:000001c0       ?maxV4Error$initializer$@vecMathTests@aos@physx@@3P6AXXZEA 00000001800041c0     Cooking.obj
 0002:00000200       ?minus1w@?A0xf3959c5f@aos@physx@@3QBMB 0000000180004200     Cooking.obj
 0002:00000210       ?gMaskXYZ@internalSimd@aos@physx@@3QBIB 0000000180004210     Cooking.obj
 0002:00000ac0       $unwind$??_EPxFoundation@physx@@MEAAPEAXI@Z 0000000180004ac0     Cooking.obj
 0002:00000ac0       $unwind$?DloadAcquireSectionWriteAccess@@YAXXZ 0000000180004ac0     Delayimp:delayhlp.obj
 0002:00000ac0       $unwind$??_Gtype_info@@UEAAPEAXI@Z 0000000180004ac0     MSVCRT:std_type_info_static.obj
 0002:00000ac0       $unwind$__scrt_initialize_onexit_tables 0000000180004ac0     MSVCRT:utility.obj
 0002:00000ac0       $unwind$__scrt_release_startup_lock 0000000180004ac0     MSVCRT:utility.obj
 0002:00000ac0       $unwind$__scrt_uninitialize_crt 0000000180004ac0     MSVCRT:utility.obj
 0002:00000ac8       $chain$0$??_EPxFoundation@physx@@MEAAPEAXI@Z 0000000180004ac8     Cooking.obj
 0002:00000adc       $chain$1$??_EPxFoundation@physx@@MEAAPEAXI@Z 0000000180004adc     Cooking.obj
 0002:00000aec       $unwind$??1AABBTreeBuildParams@Gu@physx@@QEAA@XZ 0000000180004aec     Cooking.obj
 0002:00000aec       $unwind$?reset@AABBTreeBuildParams@Gu@physx@@QEAAXXZ 0000000180004aec     Cooking.obj
 0002:00000aec       $unwind$_DllMainCRTStartup 0000000180004aec     MSVCRT:dll_dllmain.obj
 0002:00000afc       $unwind$?allocate@?$PxArray@USlab@NodeAllocator@Gu@physx@@V?$PxReflectionAllocator@USlab@NodeAllocator@Gu@physx@@@4@@physx@@IEAAPEAUSlab@NodeAllocator@Gu@2@IPEAI@Z 0000000180004afc     Cooking.obj
 0002:00000b04       $chain$0$?allocate@?$PxArray@USlab@NodeAllocator@Gu@physx@@V?$PxReflectionAllocator@USlab@NodeAllocator@Gu@physx@@@4@@physx@@IEAAPEAUSlab@NodeAllocator@Gu@2@IPEAI@Z 0000000180004b04     Cooking.obj
 0002:00000b18       $chain$3$?allocate@?$PxArray@USlab@NodeAllocator@Gu@physx@@V?$PxReflectionAllocator@USlab@NodeAllocator@Gu@physx@@@4@@physx@@IEAAPEAUSlab@NodeAllocator@Gu@2@IPEAI@Z 0000000180004b18     Cooking.obj
 0002:00000b30       $chain$4$?allocate@?$PxArray@USlab@NodeAllocator@Gu@physx@@V?$PxReflectionAllocator@USlab@NodeAllocator@Gu@physx@@@4@@physx@@IEAAPEAUSlab@NodeAllocator@Gu@2@IPEAI@Z 0000000180004b30     Cooking.obj
 0002:00000b40       $unwind$?recreate@?$PxArray@USlab@NodeAllocator@Gu@physx@@V?$PxReflectionAllocator@USlab@NodeAllocator@Gu@physx@@@4@@physx@@IEAAXI@Z 0000000180004b40     Cooking.obj
 0002:00000b4c       $chain$0$?recreate@?$PxArray@USlab@NodeAllocator@Gu@physx@@V?$PxReflectionAllocator@USlab@NodeAllocator@Gu@physx@@@4@@physx@@IEAAXI@Z 0000000180004b4c     Cooking.obj
 0002:00000b60       $chain$1$?recreate@?$PxArray@USlab@NodeAllocator@Gu@physx@@V?$PxReflectionAllocator@USlab@NodeAllocator@Gu@physx@@@4@@physx@@IEAAXI@Z 0000000180004b60     Cooking.obj
 0002:00000b70       $chain$2$?recreate@?$PxArray@USlab@NodeAllocator@Gu@physx@@V?$PxReflectionAllocator@USlab@NodeAllocator@Gu@physx@@@4@@physx@@IEAAXI@Z 0000000180004b70     Cooking.obj
 0002:00000b84       $chain$3$?recreate@?$PxArray@USlab@NodeAllocator@Gu@physx@@V?$PxReflectionAllocator@USlab@NodeAllocator@Gu@physx@@@4@@physx@@IEAAXI@Z 0000000180004b84     Cooking.obj
 0002:00000b94       $unwind$??$copy@V?$PxReflectionAllocator@USlab@NodeAllocator@Gu@physx@@@physx@@@?$PxArray@USlab@NodeAllocator@Gu@physx@@V?$PxReflectionAllocator@USlab@NodeAllocator@Gu@physx@@@4@@physx@@IEAAXAEBV01@@Z 0000000180004b94     Cooking.obj
 0002:00000b94       $unwind$??0NodeAllocator@Gu@physx@@QEAA@AEBV012@@Z 0000000180004b94     Cooking.obj
 0002:00000b94       $unwind$?DloadGetSRWLockFunctionPointers@@YAEXZ 0000000180004b94     Delayimp:delayhlp.obj
 0002:00000b94       $unwind$_RTC_Initialize    0000000180004b94     MSVCRT:initsect.obj
 0002:00000b94       $unwind$_RTC_Terminate     0000000180004b94     MSVCRT:initsect.obj
 0002:00000ba0       $unwind$??4NodeAllocator@Gu@physx@@QEAAAEAV012@AEBV012@@Z 0000000180004ba0     Cooking.obj
 0002:00000bb4       $unwind$PxCreateBVHInternal 0000000180004bb4     Cooking.obj
 0002:00000bb4       $unwind$PxCreateTriangleMeshInternal 0000000180004bb4     Cooking.obj
 0002:00000bc0       $unwind$?cookingDelayHook@@YAP6A_JXZIPEAUDelayLoadInfo@@@Z 0000000180004bc0     WindowsCookingDelayLoadHook.obj
 0002:00000bc0       $unwind$?DloadReleaseSectionWriteAccess@@YAXXZ 0000000180004bc0     Delayimp:delayhlp.obj
 0002:00000bc0       $unwind$__scrt_initialize_default_local_stdio_options 0000000180004bc0     MSVCRT:default_local_stdio_options.obj
 0002:00000bc0       $unwind$?dllmain_crt_dispatch@@YAHQEAUHINSTANCE__@@KQEAX@Z 0000000180004bc0     MSVCRT:dll_dllmain.obj
 0002:00000bc0       $unwind$DllMain            0000000180004bc0     MSVCRT:dll_dllmain_stub.obj
 0002:00000bc0       $unwind$__scrt_acquire_startup_lock 0000000180004bc0     MSVCRT:utility.obj
 0002:00000bc0       $unwind$__scrt_dllmain_after_initialize_c 0000000180004bc0     MSVCRT:utility.obj
 0002:00000bc0       $unwind$__scrt_dllmain_before_initialize_c 0000000180004bc0     MSVCRT:utility.obj
 0002:00000bc0       $unwind$__scrt_dllmain_crt_thread_attach 0000000180004bc0     MSVCRT:utility.obj
 0002:00000bc0       $unwind$__scrt_dllmain_crt_thread_detach 0000000180004bc0     MSVCRT:utility.obj
 0002:00000bc0       $unwind$__scrt_dllmain_uninitialize_c 0000000180004bc0     MSVCRT:utility.obj
 0002:00000bc0       $unwind$__scrt_dllmain_uninitialize_critical 0000000180004bc0     MSVCRT:utility.obj
 0002:00000bc0       $unwind$__scrt_initialize_crt 0000000180004bc0     MSVCRT:utility.obj
 0002:00000bc8       $chain$1$?cookingDelayHook@@YAP6A_JXZIPEAUDelayLoadInfo@@@Z 0000000180004bc8     WindowsCookingDelayLoadHook.obj
 0002:00000be0       $chain$3$?cookingDelayHook@@YAP6A_JXZIPEAUDelayLoadInfo@@@Z 0000000180004be0     WindowsCookingDelayLoadHook.obj
 0002:00000be0       $chain$5$?cookingDelayHook@@YAP6A_JXZIPEAUDelayLoadInfo@@@Z 0000000180004be0     WindowsCookingDelayLoadHook.obj
 0002:00000bf8       $chain$6$?cookingDelayHook@@YAP6A_JXZIPEAUDelayLoadInfo@@@Z 0000000180004bf8     WindowsCookingDelayLoadHook.obj
 0002:00000c08       xdata                      0000000180004c08     PhysXCommon_64:PhysXCommon_64.dll
 0002:00000c10       xdata                      0000000180004c10     PhysXFoundation_64:PhysXFoundation_64.dll
 0002:00000c18       $unwind$?DloadObtainSection@@YAPEAXPEAK0@Z 0000000180004c18     Delayimp:delayhlp.obj
 0002:00000c28       $unwind$?DloadMakePermanentImageCommit@@YAXPEAX_K@Z 0000000180004c28     Delayimp:delayhlp.obj
 0002:00000c34       $unwind$?DloadProtectSection@@YAXKPEAK@Z 0000000180004c34     Delayimp:delayhlp.obj
 0002:00000c44       $unwind$__delayLoadHelper2 0000000180004c44     Delayimp:delayhlp.obj
 0002:00000c60       $unwind$?dllmain_crt_process_attach@@YAHQEAUHINSTANCE__@@QEAX@Z 0000000180004c60     MSVCRT:dll_dllmain.obj
 0002:00000c9c       $unwind$?fin$0@?0??dllmain_crt_process_attach@@YAHQEAUHINSTANCE__@@QEAX@Z@4HA 0000000180004c9c     MSVCRT:dll_dllmain.obj
 0002:00000c9c       $unwind$?fin$0@?0??dllmain_crt_process_detach@@YAH_N@Z@4HA 0000000180004c9c     MSVCRT:dll_dllmain.obj
 0002:00000c9c       $unwind$?fin$1@?0??dllmain_crt_process_detach@@YAH_N@Z@4HA 0000000180004c9c     MSVCRT:dll_dllmain.obj
 0002:00000ca4       $unwind$?dllmain_crt_process_detach@@YAH_N@Z 0000000180004ca4     MSVCRT:dll_dllmain.obj
 0002:00000cf8       $unwind$?dllmain_dispatch@@YAHQEAUHINSTANCE__@@KQEAX@Z 0000000180004cf8     MSVCRT:dll_dllmain.obj
 0002:00000d20       $unwind$?filt$0@?0??dllmain_dispatch@@YAHQEAUHINSTANCE__@@KQEAX@Z@4HA 0000000180004d20     MSVCRT:dll_dllmain.obj
 0002:00000d28       $unwind$__security_init_cookie 0000000180004d28     MSVCRT:gs_support.obj
 0002:00000d34       $unwind$__scrt_is_nonwritable_in_current_image 0000000180004d34     MSVCRT:utility.obj
 0002:00000d54       $unwind$__scrt_is_nonwritable_in_current_image$filt$0 0000000180004d54     MSVCRT:utility.obj
 0002:00000d5c       $unwind$__scrt_dllmain_exception_filter 0000000180004d5c     MSVCRT:utility.obj
 0002:00000d70       $unwind$__scrt_fastfail    0000000180004d70     MSVCRT:utility_desktop.obj
 0002:00000d80       $xdatasym                  0000000180004d80     MSVCRT:guard_dispatch.obj
 0002:00000d88       $xdatasym                  0000000180004d88     MSVCRT:guard_xfg_dispatch.obj
 0002:00000d8c       $unwind$__isa_available_init 0000000180004d8c     MSVCRT:cpu_disp.obj
 0002:00001340       .edata                     0000000180005340     PhysXCooking_64.exp
 0002:00001368       rgpv                       0000000180005368     PhysXCooking_64.exp
 0002:0000144c       rgszName                   000000018000544c     PhysXCooking_64.exp
 0002:00001530       rgwOrd                     0000000180005530     PhysXCooking_64.exp
 0002:000015a2       szName                     00000001800055a2     PhysXCooking_64.exp
 0002:000015b6       $N00001                    00000001800055b6     PhysXCooking_64.exp
 0002:000015da       $N00002                    00000001800055da     PhysXCooking_64.exp
 0002:00001609       $N00003                    0000000180005609     PhysXCooking_64.exp
 0002:00001630       $N00004                    0000000180005630     PhysXCooking_64.exp
 0002:00001687       $N00005                    0000000180005687     PhysXCooking_64.exp
 0002:000016b2       $N00006                    00000001800056b2     PhysXCooking_64.exp
 0002:000016d8       $N00007                    00000001800056d8     PhysXCooking_64.exp
 0002:000016f7       $N00008                    00000001800056f7     PhysXCooking_64.exp
 0002:0000171b       $N00009                    000000018000571b     PhysXCooking_64.exp
 0002:00001742       $N00010                    0000000180005742     PhysXCooking_64.exp
 0002:0000176b       $N00011                    000000018000576b     PhysXCooking_64.exp
 0002:0000178a       $N00012                    000000018000578a     PhysXCooking_64.exp
 0002:000017bd       $N00013                    00000001800057bd     PhysXCooking_64.exp
 0002:000017f3       $N00014                    00000001800057f3     PhysXCooking_64.exp
 0002:0000182b       $N00015                    000000018000582b     PhysXCooking_64.exp
 0002:0000185d       $N00016                    000000018000585d     PhysXCooking_64.exp
 0002:00001889       $N00017                    0000000180005889     PhysXCooking_64.exp
 0002:000018a5       $N00018                    00000001800058a5     PhysXCooking_64.exp
 0002:000018cf       $N00019                    00000001800058cf     PhysXCooking_64.exp
 0002:0000190b       $N00020                    000000018000590b     PhysXCooking_64.exp
 0002:00001946       $N00021                    0000000180005946     PhysXCooking_64.exp
 0002:00001981       $N00022                    0000000180005981     PhysXCooking_64.exp
 0002:000019b6       $N00023                    00000001800059b6     PhysXCooking_64.exp
 0002:000019f2       $N00024                    00000001800059f2     PhysXCooking_64.exp
 0002:00001a25       $N00025                    0000000180005a25     PhysXCooking_64.exp
 0002:00001a58       $N00026                    0000000180005a58     PhysXCooking_64.exp
 0002:00001a92       $N00027                    0000000180005a92     PhysXCooking_64.exp
 0002:00001acc       $N00028                    0000000180005acc     PhysXCooking_64.exp
 0002:00001af9       $N00029                    0000000180005af9     PhysXCooking_64.exp
 0002:00001b2c       $N00030                    0000000180005b2c     PhysXCooking_64.exp
 0002:00001b5a       $N00031                    0000000180005b5a     PhysXCooking_64.exp
 0002:00001b87       $N00032                    0000000180005b87     PhysXCooking_64.exp
 0002:00001bc3       $N00033                    0000000180005bc3     PhysXCooking_64.exp
 0002:00001c00       $N00034                    0000000180005c00     PhysXCooking_64.exp
 0002:00001c30       $N00035                    0000000180005c30     PhysXCooking_64.exp
 0002:00001c4f       $N00036                    0000000180005c4f     PhysXCooking_64.exp
 0002:00001c66       $N00037                    0000000180005c66     PhysXCooking_64.exp
 0002:00001c7c       $N00038                    0000000180005c7c     PhysXCooking_64.exp
 0002:00001c93       $N00039                    0000000180005c93     PhysXCooking_64.exp
 0002:00001cab       $N00040                    0000000180005cab     PhysXCooking_64.exp
 0002:00001cb5       $N00041                    0000000180005cb5     PhysXCooking_64.exp
 0002:00001cc6       $N00042                    0000000180005cc6     PhysXCooking_64.exp
 0002:00001ce1       $N00043                    0000000180005ce1     PhysXCooking_64.exp
 0002:00001cf3       $N00044                    0000000180005cf3     PhysXCooking_64.exp
 0002:00001d09       $N00045                    0000000180005d09     PhysXCooking_64.exp
 0002:00001d1c       $N00046                    0000000180005d1c     PhysXCooking_64.exp
 0002:00001d28       $N00047                    0000000180005d28     PhysXCooking_64.exp
 0002:00001d3c       $N00048                    0000000180005d3c     PhysXCooking_64.exp
 0002:00001d4f       $N00049                    0000000180005d4f     PhysXCooking_64.exp
 0002:00001d6c       $N00050                    0000000180005d6c     PhysXCooking_64.exp
 0002:00001d80       $N00051                    0000000180005d80     PhysXCooking_64.exp
 0002:00001d98       $N00052                    0000000180005d98     PhysXCooking_64.exp
 0002:00001dad       $N00053                    0000000180005dad     PhysXCooking_64.exp
 0002:00001dca       $N00054                    0000000180005dca     PhysXCooking_64.exp
 0002:00001deb       $N00055                    0000000180005deb     PhysXCooking_64.exp
 0002:00001e0a       $N00056                    0000000180005e0a     PhysXCooking_64.exp
 0002:00001e1f       $N00057                    0000000180005e1f     PhysXCooking_64.exp
 0002:00002008       .idata$6                   0000000180006008     kernel32:KERNEL32.dll
 0002:00002086       .idata$6                   0000000180006086     vcruntime:VCRUNTIME140.dll
 0002:00002150       .idata$6                   0000000180006150     ucrt:api-ms-win-crt-heap-l1-1-0.dll
 0002:00002170       .idata$6                   0000000180006170     ucrt:api-ms-win-crt-runtime-l1-1-0.dll
 0003:00000240       ?maxV3Error@vecMathTests@aos@physx@@3T__m128@@B 0000000180007240     Cooking.obj
 0003:00000250       ?minFError@vecMathTests@aos@physx@@3T__m128@@B 0000000180007250     Cooking.obj
 0003:00000260       ?maxV4Error@vecMathTests@aos@physx@@3T__m128@@B 0000000180007260     Cooking.obj
 0003:00000270       ?minV4Error@vecMathTests@aos@physx@@3T__m128@@B 0000000180007270     Cooking.obj
 0003:00000280       ?minV3Error@vecMathTests@aos@physx@@3T__m128@@B 0000000180007280     Cooking.obj
 0003:00000290       ?maxFError@vecMathTests@aos@physx@@3T__m128@@B 0000000180007290     Cooking.obj
 0003:000002a0       ?gCookingDelayLoadHook@@3PEBVPxDelayLoadHook@physx@@EB 00000001800072a0     WindowsCookingDelayLoadHook.obj
 0003:00000300       ?__proc_attached@@3HA      0000000180007300     MSVCRT:dll_dllmain.obj
 0003:00000328       ?is_initialized_as_dll@@3_NA 0000000180007328     MSVCRT:utility.obj
 0003:00000329       ?module_local_atexit_table_initialized@@3_NA 0000000180007329     MSVCRT:utility.obj
 0003:00000330       ?module_local_atexit_table@@3U_onexit_table_t@@A 0000000180007330     MSVCRT:utility.obj
 0003:00000348       ?module_local_at_quick_exit_table@@3U_onexit_table_t@@A 0000000180007348     MSVCRT:utility.obj
 0005:000000a0       $R000000                   00000001800090a0     PhysXCooking.res
 0005:000003d0       $R000330                   00000001800093d0     PhysXCooking.res
